Component: Arm Compiler for Embedded 6.22 Tool: armlink [5ee90200]

==============================================================================

Section Cross References

    startup_stm32f103xb.o(RESET) refers to startup_stm32f103xb.o(STACK) for __initial_sp
    startup_stm32f103xb.o(RESET) refers to startup_stm32f103xb.o(.text) for Reset_Handler
    startup_stm32f103xb.o(RESET) refers to stm32f1xx_it.o(.text.NMI_Handler) for NMI_Handler
    startup_stm32f103xb.o(RESET) refers to stm32f1xx_it.o(.text.HardFault_Handler) for HardFault_Handler
    startup_stm32f103xb.o(RESET) refers to stm32f1xx_it.o(.text.MemManage_Handler) for MemManage_Handler
    startup_stm32f103xb.o(RESET) refers to stm32f1xx_it.o(.text.BusFault_Handler) for BusFault_Handler
    startup_stm32f103xb.o(RESET) refers to stm32f1xx_it.o(.text.UsageFault_Handler) for UsageFault_Handler
    startup_stm32f103xb.o(RESET) refers to stm32f1xx_it.o(.text.SVC_Handler) for SVC_Handler
    startup_stm32f103xb.o(RESET) refers to stm32f1xx_it.o(.text.DebugMon_Handler) for DebugMon_Handler
    startup_stm32f103xb.o(RESET) refers to stm32f1xx_it.o(.text.PendSV_Handler) for PendSV_Handler
    startup_stm32f103xb.o(RESET) refers to stm32f1xx_it.o(.text.SysTick_Handler) for SysTick_Handler
    startup_stm32f103xb.o(RESET) refers to stm32f1xx_it.o(.text.DMA1_Channel4_IRQHandler) for DMA1_Channel4_IRQHandler
    startup_stm32f103xb.o(RESET) refers to stm32f1xx_it.o(.text.DMA1_Channel5_IRQHandler) for DMA1_Channel5_IRQHandler
    startup_stm32f103xb.o(RESET) refers to stm32f1xx_it.o(.text.USB_LP_CAN1_RX0_IRQHandler) for USB_LP_CAN1_RX0_IRQHandler
    startup_stm32f103xb.o(RESET) refers to stm32f1xx_it.o(.text.USART1_IRQHandler) for USART1_IRQHandler
    startup_stm32f103xb.o(.text) refers to system_stm32f1xx.o(.text.SystemInit) for SystemInit
    startup_stm32f103xb.o(.text) refers to entry.o(.ARM.Collect$$$$00000000) for __main
    main.o(.text.main) refers to stm32f1xx_hal.o(.text.HAL_Init) for HAL_Init
    main.o(.text.main) refers to stm32f1xx_hal_rcc.o(.text.HAL_RCC_OscConfig) for HAL_RCC_OscConfig
    main.o(.text.main) refers to stm32f1xx_hal_rcc.o(.text.HAL_RCC_ClockConfig) for HAL_RCC_ClockConfig
    main.o(.text.main) refers to stm32f1xx_hal_rcc_ex.o(.text.HAL_RCCEx_PeriphCLKConfig) for HAL_RCCEx_PeriphCLKConfig
    main.o(.text.main) refers to gpio.o(.text.MX_GPIO_Init) for MX_GPIO_Init
    main.o(.text.main) refers to dma.o(.text.MX_DMA_Init) for MX_DMA_Init
    main.o(.text.main) refers to spi.o(.text.MX_SPI1_Init) for MX_SPI1_Init
    main.o(.text.main) refers to usart.o(.text.MX_USART1_UART_Init) for MX_USART1_UART_Init
    main.o(.text.main) refers to usb_device.o(.text.MX_USB_DEVICE_Init) for MX_USB_DEVICE_Init
    main.o(.text.main) refers to usbd_cdc_if.o(.text.CDC_Transmit_FS) for CDC_Transmit_FS
    main.o(.text.main) refers to stm32f1xx_hal.o(.text.HAL_Delay) for HAL_Delay
    main.o(.ARM.exidx.text.main) refers to main.o(.text.main) for [Anonymous Symbol]
    main.o(.text.SystemClock_Config) refers to stm32f1xx_hal_rcc.o(.text.HAL_RCC_OscConfig) for HAL_RCC_OscConfig
    main.o(.text.SystemClock_Config) refers to stm32f1xx_hal_rcc.o(.text.HAL_RCC_ClockConfig) for HAL_RCC_ClockConfig
    main.o(.text.SystemClock_Config) refers to stm32f1xx_hal_rcc_ex.o(.text.HAL_RCCEx_PeriphCLKConfig) for HAL_RCCEx_PeriphCLKConfig
    main.o(.ARM.exidx.text.SystemClock_Config) refers to main.o(.text.SystemClock_Config) for [Anonymous Symbol]
    main.o(.ARM.exidx.text.Error_Handler) refers to main.o(.text.Error_Handler) for [Anonymous Symbol]
    gpio.o(.text.MX_GPIO_Init) refers to stm32f1xx_hal_gpio.o(.text.HAL_GPIO_WritePin) for HAL_GPIO_WritePin
    gpio.o(.text.MX_GPIO_Init) refers to stm32f1xx_hal_gpio.o(.text.HAL_GPIO_Init) for HAL_GPIO_Init
    gpio.o(.ARM.exidx.text.MX_GPIO_Init) refers to gpio.o(.text.MX_GPIO_Init) for [Anonymous Symbol]
    dma.o(.text.MX_DMA_Init) refers to stm32f1xx_hal_cortex.o(.text.HAL_NVIC_SetPriority) for HAL_NVIC_SetPriority
    dma.o(.text.MX_DMA_Init) refers to stm32f1xx_hal_cortex.o(.text.HAL_NVIC_EnableIRQ) for HAL_NVIC_EnableIRQ
    dma.o(.ARM.exidx.text.MX_DMA_Init) refers to dma.o(.text.MX_DMA_Init) for [Anonymous Symbol]
    spi.o(.text.MX_SPI1_Init) refers to spi.o(.bss.hspi1) for hspi1
    spi.o(.text.MX_SPI1_Init) refers to stm32f1xx_hal_spi.o(.text.HAL_SPI_Init) for HAL_SPI_Init
    spi.o(.text.MX_SPI1_Init) refers to main.o(.text.Error_Handler) for Error_Handler
    spi.o(.ARM.exidx.text.MX_SPI1_Init) refers to spi.o(.text.MX_SPI1_Init) for [Anonymous Symbol]
    spi.o(.text.HAL_SPI_MspInit) refers to stm32f1xx_hal_gpio.o(.text.HAL_GPIO_Init) for HAL_GPIO_Init
    spi.o(.ARM.exidx.text.HAL_SPI_MspInit) refers to spi.o(.text.HAL_SPI_MspInit) for [Anonymous Symbol]
    spi.o(.text.HAL_SPI_MspDeInit) refers to stm32f1xx_hal_gpio.o(.text.HAL_GPIO_DeInit) for HAL_GPIO_DeInit
    spi.o(.ARM.exidx.text.HAL_SPI_MspDeInit) refers to spi.o(.text.HAL_SPI_MspDeInit) for [Anonymous Symbol]
[...]
    Removing usbd_cdc_if.o(.ARM.exidx.text.CDC_Transmit_FS), (8 bytes).
    Removing usbd_conf.o(.text), (0 bytes).
    Removing usbd_conf.o(.ARM.exidx.text.HAL_PCD_MspInit), (8 bytes).
    Removing usbd_conf.o(.text.HAL_PCD_MspDeInit), (38 bytes).
    Removing usbd_conf.o(.ARM.exidx.text.HAL_PCD_MspDeInit), (8 bytes).
    Removing usbd_conf.o(.ARM.exidx.text.HAL_PCD_SetupStageCallback), (8 bytes).
    Removing usbd_conf.o(.ARM.exidx.text.HAL_PCD_DataOutStageCallback), (8 bytes).
    Removing usbd_conf.o(.ARM.exidx.text.HAL_PCD_DataInStageCallback), (8 bytes).
    Removing usbd_conf.o(.ARM.exidx.text.HAL_PCD_SOFCallback), (8 bytes).
    Removing usbd_conf.o(.ARM.exidx.text.HAL_PCD_ResetCallback), (8 bytes).
    Removing usbd_conf.o(.ARM.exidx.text.HAL_PCD_SuspendCallback), (8 bytes).
    Removing usbd_conf.o(.ARM.exidx.text.HAL_PCD_ResumeCallback), (8 bytes).
    Removing usbd_conf.o(.text.HAL_PCD_ISOOUTIncompleteCallback), (8 bytes).
    Removing usbd_conf.o(.ARM.exidx.text.HAL_PCD_ISOOUTIncompleteCallback), (8 bytes).
    Removing usbd_conf.o(.text.HAL_PCD_ISOINIncompleteCallback), (8 bytes).
    Removing usbd_conf.o(.ARM.exidx.text.HAL_PCD_ISOINIncompleteCallback), (8 bytes).
    Removing usbd_conf.o(.text.HAL_PCD_ConnectCallback), (8 bytes).
    Removing usbd_conf.o(.ARM.exidx.text.HAL_PCD_ConnectCallback), (8 bytes).
    Removing usbd_conf.o(.text.HAL_PCD_DisconnectCallback), (8 bytes).
    Removing usbd_conf.o(.ARM.exidx.text.HAL_PCD_DisconnectCallback), (8 bytes).
    Removing usbd_conf.o(.ARM.exidx.text.USBD_LL_Init), (8 bytes).
    Removing usbd_conf.o(.text.USBD_LL_DeInit), (34 bytes).
    Removing usbd_conf.o(.ARM.exidx.text.USBD_LL_DeInit), (8 bytes).
    Removing usbd_conf.o(.ARM.exidx.text.USBD_LL_Start), (8 bytes).
    Removing usbd_conf.o(.text.USBD_LL_Stop), (34 bytes).
    Removing usbd_conf.o(.ARM.exidx.text.USBD_LL_Stop), (8 bytes).
    Removing usbd_conf.o(.ARM.exidx.text.USBD_LL_OpenEP), (8 bytes).
    Removing usbd_conf.o(.ARM.exidx.text.USBD_LL_CloseEP), (8 bytes).
    Removing usbd_conf.o(.text.USBD_LL_FlushEP), (34 bytes).
    Removing usbd_conf.o(.ARM.exidx.text.USBD_LL_FlushEP), (8 bytes).
    Removing usbd_conf.o(.ARM.exidx.text.USBD_LL_StallEP), (8 bytes).
    Removing usbd_conf.o(.ARM.exidx.text.USBD_LL_ClearStallEP), (8 bytes).
    Removing usbd_conf.o(.ARM.exidx.text.USBD_LL_IsStallEP), (8 bytes).
    Removing usbd_conf.o(.ARM.exidx.text.USBD_LL_SetUSBAddress), (8 bytes).
    Removing usbd_conf.o(.ARM.exidx.text.USBD_LL_Transmit), (8 bytes).
    Removing usbd_conf.o(.ARM.exidx.text.USBD_LL_PrepareReceive), (8 bytes).
    Removing usbd_conf.o(.ARM.exidx.text.USBD_LL_GetRxDataSize), (8 bytes).
    Removing usbd_conf.o(.text.USBD_LL_Delay), (4 bytes).
    Removing usbd_conf.o(.ARM.exidx.text.USBD_LL_Delay), (8 bytes).
    Removing usbd_conf.o(.ARM.exidx.text.USBD_static_malloc), (8 bytes).
    Removing usbd_conf.o(.ARM.exidx.text.USBD_static_free), (8 bytes).
    Removing usbd_conf.o(.ARM.exidx.text.HAL_PCDEx_SetConnectionState), (8 bytes).
    Removing usbd_core.o(.text), (0 bytes).
    Removing usbd_core.o(.ARM.exidx.text.USBD_Init), (8 bytes).
    Removing usbd_core.o(.text.USBD_DeInit), (38 bytes).
    Removing usbd_core.o(.ARM.exidx.text.USBD_DeInit), (8 bytes).
    Removing usbd_core.o(.ARM.exidx.text.USBD_RegisterClass), (8 bytes).
    Removing usbd_core.o(.ARM.exidx.text.USBD_Start), (8 bytes).
    Removing usbd_core.o(.text.USBD_Stop), (26 bytes).
    Removing usbd_core.o(.ARM.exidx.text.USBD_Stop), (8 bytes).
    Removing usbd_core.o(.text.USBD_RunTestMode), (4 bytes).
    Removing usbd_core.o(.ARM.exidx.text.USBD_RunTestMode), (8 bytes).
    Removing usbd_core.o(.ARM.exidx.text.USBD_SetClassConfig), (8 bytes).
    Removing usbd_core.o(.ARM.exidx.text.USBD_ClrClassConfig), (8 bytes).
    Removing usbd_core.o(.ARM.exidx.text.USBD_LL_SetupStage), (8 bytes).
    Removing usbd_core.o(.ARM.exidx.text.USBD_LL_DataOutStage), (8 bytes).
    Removing usbd_core.o(.ARM.exidx.text.USBD_LL_DataInStage), (8 bytes).
    Removing usbd_core.o(.ARM.exidx.text.USBD_LL_Reset), (8 bytes).
    Removing usbd_core.o(.ARM.exidx.text.USBD_LL_SetSpeed), (8 bytes).
    Removing usbd_core.o(.ARM.exidx.text.USBD_LL_Suspend), (8 bytes).
    Removing usbd_core.o(.ARM.exidx.text.USBD_LL_Resume), (8 bytes).
    Removing usbd_core.o(.ARM.exidx.text.USBD_LL_SOF), (8 bytes).
    Removing usbd_core.o(.text.USBD_LL_IsoINIncomplete), (4 bytes).
    Removing usbd_core.o(.ARM.exidx.text.USBD_LL_IsoINIncomplete), (8 bytes).
    Removing usbd_core.o(.text.USBD_LL_IsoOUTIncomplete), (4 bytes).
    Removing usbd_core.o(.ARM.exidx.text.USBD_LL_IsoOUTIncomplete), (8 bytes).
    Removing usbd_core.o(.text.USBD_LL_DevConnected), (4 bytes).
    Removing usbd_core.o(.ARM.exidx.text.USBD_LL_DevConnected), (8 bytes).
    Removing usbd_core.o(.text.USBD_LL_DevDisconnected), (22 bytes).
    Removing usbd_core.o(.ARM.exidx.text.USBD_LL_DevDisconnected), (8 bytes).
    Removing usbd_ctlreq.o(.text), (0 bytes).
    Removing usbd_ctlreq.o(.ARM.exidx.text.USBD_StdDevReq), (8 bytes).
    Removing usbd_ctlreq.o(.ARM.exidx.text.USBD_CtlError), (8 bytes).
    Removing usbd_ctlreq.o(.ARM.exidx.text.USBD_StdItfReq), (8 bytes).
    Removing usbd_ctlreq.o(.ARM.exidx.text.USBD_StdEPReq), (8 bytes).
    Removing usbd_ctlreq.o(.ARM.exidx.text.USBD_ParseSetupRequest), (8 bytes).
    Removing usbd_ctlreq.o(.ARM.exidx.text.USBD_GetString), (8 bytes).
    Removing usbd_ioreq.o(.text), (0 bytes).
    Removing usbd_ioreq.o(.ARM.exidx.text.USBD_CtlSendData), (8 bytes).
    Removing usbd_ioreq.o(.ARM.exidx.text.USBD_CtlContinueSendData), (8 bytes).
    Removing usbd_ioreq.o(.ARM.exidx.text.USBD_CtlPrepareRx), (8 bytes).
    Removing usbd_ioreq.o(.ARM.exidx.text.USBD_CtlContinueRx), (8 bytes).
    Removing usbd_ioreq.o(.ARM.exidx.text.USBD_CtlSendStatus), (8 bytes).
    Removing usbd_ioreq.o(.ARM.exidx.text.USBD_CtlReceiveStatus), (8 bytes).
    Removing usbd_ioreq.o(.text.USBD_GetRxCount), (4 bytes).
    Removing usbd_ioreq.o(.ARM.exidx.text.USBD_GetRxCount), (8 bytes).
    Removing usbd_cdc.o(.text), (0 bytes).
    Removing usbd_cdc.o(.ARM.exidx.text.USBD_CDC_Init), (8 bytes).
    Removing usbd_cdc.o(.ARM.exidx.text.USBD_CDC_DeInit), (8 bytes).
    Removing usbd_cdc.o(.ARM.exidx.text.USBD_CDC_Setup), (8 bytes).
    Removing usbd_cdc.o(.ARM.exidx.text.USBD_CDC_EP0_RxReady), (8 bytes).
    Removing usbd_cdc.o(.ARM.exidx.text.USBD_CDC_DataIn), (8 bytes).
    Removing usbd_cdc.o(.ARM.exidx.text.USBD_CDC_DataOut), (8 bytes).
    Removing usbd_cdc.o(.ARM.exidx.text.USBD_CDC_GetHSCfgDesc), (8 bytes).
    Removing usbd_cdc.o(.ARM.exidx.text.USBD_CDC_GetFSCfgDesc), (8 bytes).
    Removing usbd_cdc.o(.ARM.exidx.text.USBD_CDC_GetOtherSpeedCfgDesc), (8 bytes).
    Removing usbd_cdc.o(.ARM.exidx.text.USBD_CDC_GetDeviceQualifierDescriptor), (8 bytes).
    Removing usbd_cdc.o(.ARM.exidx.text.USBD_CDC_RegisterInterface), (8 bytes).
    Removing usbd_cdc.o(.ARM.exidx.text.USBD_CDC_SetTxBuffer), (8 bytes).
    Removing usbd_cdc.o(.ARM.exidx.text.USBD_CDC_SetRxBuffer), (8 bytes).
    Removing usbd_cdc.o(.ARM.exidx.text.USBD_CDC_TransmitPacket), (8 bytes).
    Removing usbd_cdc.o(.ARM.exidx.text.USBD_CDC_ReceivePacket), (8 bytes).

723 unused section(s) (total 28904 bytes) removed from the image.

==============================================================================

Image Symbol Table

    Local Symbols

    Symbol Name                              Value     Ov Type        Size  Object(Section)

    ../clib/../cmprslib/zerorunl2.c          0x00000000   Number         0  __dczerorl2.o ABSOLUTE
    ../clib/microlib/init/entry.s            0x00000000   Number         0  entry.o ABSOLUTE
    ../clib/microlib/init/entry.s            0x00000000   Number         0  entry2.o ABSOLUTE
    ../clib/microlib/init/entry.s            0x00000000   Number         0  entry5.o ABSOLUTE
    ../clib/microlib/init/entry.s            0x00000000   Number         0  entry7a.o ABSOLUTE
    ../clib/microlib/init/entry.s            0x00000000   Number         0  entry7b.o ABSOLUTE
    ../clib/microlib/init/entry.s            0x00000000   Number         0  entry8a.o ABSOLUTE
    ../clib/microlib/init/entry.s            0x00000000   Number         0  entry8b.o ABSOLUTE
    ../clib/microlib/init/entry.s            0x00000000   Number         0  entry9a.o ABSOLUTE
    ../clib/microlib/init/entry.s            0x00000000   Number         0  entry9b.o ABSOLUTE
    ../clib/microlib/init/entry.s            0x00000000   Number         0  entry10a.o ABSOLUTE
    ../clib/microlib/init/entry.s            0x00000000   Number         0  entry10b.o ABSOLUTE
    ../clib/microlib/init/entry.s            0x00000000   Number         0  entry11a.o ABSOLUTE
    ../clib/microlib/init/entry.s            0x00000000   Number         0  entry11b.o ABSOLUTE
    dc.s                                     0x00000000   Number         0  dc.o ABSOLUTE
    dma.c                                    0x00000000   Number         0  dma.o ABSOLUTE
    gpio.c                                   0x00000000   Number         0  gpio.o ABSOLUTE
    handlers.s                               0x00000000   Number         0  handlers.o ABSOLUTE
    init.s                                   0x00000000   Number         0  init.o ABSOLUTE
    main.c                                   0x00000000   Number         0  main.o ABSOLUTE
    spi.c                                    0x00000000   Number         0  spi.o ABSOLUTE
    startup_stm32f103xb.s                    0x00000000   Number         0  startup_stm32f103xb.o ABSOLUTE
    stm32f1xx_hal.c                          0x00000000   Number         0  stm32f1xx_hal.o ABSOLUTE
    stm32f1xx_hal_cortex.c                   0x00000000   Number         0  stm32f1xx_hal_cortex.o ABSOLUTE
    stm32f1xx_hal_dma.c                      0x00000000   Number         0  stm32f1xx_hal_dma.o ABSOLUTE
    stm32f1xx_hal_exti.c                     0x00000000   Number         0  stm32f1xx_hal_exti.o ABSOLUTE
    stm32f1xx_hal_flash.c                    0x00000000   Number         0  stm32f1xx_hal_flash.o ABSOLUTE
    stm32f1xx_hal_flash_ex.c                 0x00000000   Number         0  stm32f1xx_hal_flash_ex.o ABSOLUTE
    stm32f1xx_hal_gpio.c                     0x00000000   Number         0  stm32f1xx_hal_gpio.o ABSOLUTE
    stm32f1xx_hal_gpio_ex.c                  0x00000000   Number         0  stm32f1xx_hal_gpio_ex.o ABSOLUTE
    stm32f1xx_hal_msp.c                      0x00000000   Number         0  stm32f1xx_hal_msp.o ABSOLUTE
    stm32f1xx_hal_pcd.c                      0x00000000   Number         0  stm32f1xx_hal_pcd.o ABSOLUTE
    stm32f1xx_hal_pcd_ex.c                   0x00000000   Number         0  stm32f1xx_hal_pcd_ex.o ABSOLUTE
    stm32f1xx_hal_pwr.c                      0x00000000   Number         0  stm32f1xx_hal_pwr.o ABSOLUTE
    stm32f1xx_hal_rcc.c                      0x00000000   Number         0  stm32f1xx_hal_rcc.o ABSOLUTE
    stm32f1xx_hal_rcc_ex.c                   0x00000000   Number         0  stm32f1xx_hal_rcc_ex.o ABSOLUTE
    stm32f1xx_hal_spi.c                      0x00000000   Number         0  stm32f1xx_hal_spi.o ABSOLUTE
    stm32f1xx_hal_tim.c                      0x00000000   Number         0  stm32f1xx_hal_tim.o ABSOLUTE
    stm32f1xx_hal_tim_ex.c                   0x00000000   Number         0  stm32f1xx_hal_tim_ex.o ABSOLUTE
    stm32f1xx_hal_uart.c                     0x00000000   Number         0  stm32f1xx_hal_uart.o ABSOLUTE
    stm32f1xx_it.c                           0x00000000   Number         0  stm32f1xx_it.o ABSOLUTE
    stm32f1xx_ll_usb.c                       0x00000000   Number         0  stm32f1xx_ll_usb.o ABSOLUTE
    system_stm32f1xx.c                       0x00000000   Number         0  system_stm32f1xx.o ABSOLUTE
    usart.c                                  0x00000000   Number         0  usart.o ABSOLUTE
    usb_device.c                             0x00000000   Number         0  usb_device.o ABSOLUTE
    usbd_cdc.c                               0x00000000   Number         0  usbd_cdc.o ABSOLUTE
    usbd_cdc_if.c                            0x00000000   Number         0  usbd_cdc_if.o ABSOLUTE
    usbd_conf.c                              0x00000000   Number         0  usbd_conf.o ABSOLUTE
    usbd_core.c                              0x00000000   Number         0  usbd_core.o ABSOLUTE
    usbd_ctlreq.c                            0x00000000   Number         0  usbd_ctlreq.o ABSOLUTE
    usbd_desc.c                              0x00000000   Number         0  usbd_desc.o ABSOLUTE
    usbd_ioreq.c                             0x00000000   Number         0  usbd_ioreq.o ABSOLUTE
    RESET                                    0x08000000   Section      236  startup_stm32f103xb.o(RESET)
    .ARM.Collect$$$$00000000                 0x080000ec   Section        0  entry.o(.ARM.Collect$$$$00000000)
    .ARM.Collect$$$$00000001                 0x080000ec   Section        4  entry2.o(.ARM.Collect$$$$00000001)
    .ARM.Collect$$$$00000004                 0x080000f0   Section        4  entry5.o(.ARM.Collect$$$$00000004)
    .ARM.Collect$$$$00000008                 0x080000f4   Section        0  entry7b.o(.ARM.Collect$$$$00000008)
    .ARM.Collect$$$$0000000A                 0x080000f4   Section        0  entry8b.o(.ARM.Collect$$$$0000000A)
    .ARM.Collect$$$$0000000B                 0x080000f4   Section        8  entry9a.o(.ARM.Collect$$$$0000000B)
    __lit__00000000                          0x080000fc   Data           4  entry2.o(.ARM.Collect$$$$00002712)
    .ARM.Collect$$$$0000000D                 0x080000fc   Section        0  entry10a.o(.ARM.Collect$$$$0000000D)
    .ARM.Collect$$$$0000000F                 0x080000fc   Section        0  entry11a.o(.ARM.Collect$$$$0000000F)
    .ARM.Collect$$$$00002712                 0x080000fc   Section        4  entry2.o(.ARM.Collect$$$$00002712)
    .text                                    0x08000100   Section       36  startup_stm32f103xb.o(.text)
    .text                                    0x08000124   Section       48  init.o(.text)
    .text                                    0x08000154   Section        0  __dczerorl2.o(.text)
    [Anonymous Symbol]                       0x080001ac   Section        0  stm32f1xx_it.o(.text.BusFault_Handler)
    CDC_Control_FS                           0x080001b1   Thumb Code     4  usbd_cdc_if.o(.text.CDC_Control_FS)
    [Anonymous Symbol]                       0x080001b0   Section        0  usbd_cdc_if.o(.text.CDC_Control_FS)
    CDC_DeInit_FS                            0x080001b5   Thumb Code     4  usbd_cdc_if.o(.text.CDC_DeInit_FS)
    [Anonymous Symbol]                       0x080001b4   Section        0  usbd_cdc_if.o(.text.CDC_DeInit_FS)
    CDC_Init_FS                              0x080001b9   Thumb Code    44  usbd_cdc_if.o(.text.CDC_Init_FS)
    [Anonymous Symbol]                       0x080001b8   Section        0  usbd_cdc_if.o(.text.CDC_Init_FS)
    CDC_Receive_FS                           0x080001e5   Thumb Code    72  usbd_cdc_if.o(.text.CDC_Receive_FS)
    [Anonymous Symbol]                       0x080001e4   Section        0  usbd_cdc_if.o(.text.CDC_Receive_FS)
    [Anonymous Symbol]                       0x0800022c   Section        0  usbd_cdc_if.o(.text.CDC_Transmit_FS)
    [Anonymous Symbol]                       0x08000264   Section        0  stm32f1xx_it.o(.text.DMA1_Channel4_IRQHandler)
    [Anonymous Symbol]                       0x08000270   Section        0  stm32f1xx_it.o(.text.DMA1_Channel5_IRQHandler)
    [Anonymous Symbol]                       0x0800027c   Section        0  stm32f1xx_it.o(.text.DebugMon_Handler)
    [Anonymous Symbol]                       0x08000280   Section        0  main.o(.text.Error_Handler)
    [Anonymous Symbol]                       0x0800028c   Section        0  stm32f1xx_hal_dma.o(.text.HAL_DMA_Abort)
    [Anonymous Symbol]                       0x080002d4   Section        0  stm32f1xx_hal_dma.o(.text.HAL_DMA_Abort_IT)
    [Anonymous Symbol]                       0x0800038c   Section        0  stm32f1xx_hal_dma.o(.text.HAL_DMA_IRQHandler)
    [Anonymous Symbol]                       0x0800052c   Section        0  stm32f1xx_hal_dma.o(.text.HAL_DMA_Init)
    [Anonymous Symbol]                       0x080005b0   Section        0  stm32f1xx_hal.o(.text.HAL_Delay)
    [Anonymous Symbol]                       0x080005d8   Section        0  stm32f1xx_hal_gpio.o(.text.HAL_GPIO_Init)
    [Anonymous Symbol]                       0x080007e8   Section        0  stm32f1xx_hal_gpio.o(.text.HAL_GPIO_WritePin)
    [Anonymous Symbol]                       0x080007f4   Section        0  stm32f1xx_hal.o(.text.HAL_GetTick)
    [Anonymous Symbol]                       0x08000800   Section        0  stm32f1xx_hal.o(.text.HAL_IncTick)
    [Anonymous Symbol]                       0x0800081c   Section        0  stm32f1xx_hal.o(.text.HAL_Init)
    [Anonymous Symbol]                       0x08000844   Section        0  stm32f1xx_hal.o(.text.HAL_InitTick)
    [Anonymous Symbol]                       0x0800088c   Section        0  stm32f1xx_hal_msp.o(.text.HAL_MspInit)
    [Anonymous Symbol]                       0x080008d0   Section        0  stm32f1xx_hal_uart.o(.text.HAL_MultiProcessor_Init)
    [Anonymous Symbol]                       0x080009d4   Section        0  stm32f1xx_hal_cortex.o(.text.HAL_NVIC_EnableIRQ)
    [Anonymous Symbol]                       0x080009f8   Section        0  stm32f1xx_hal_cortex.o(.text.HAL_NVIC_SetPriority)
    [Anonymous Symbol]                       0x08000a50   Section        0  stm32f1xx_hal_cortex.o(.text.HAL_NVIC_SetPriorityGrouping)
    [Anonymous Symbol]                       0x08000a70   Section        0  stm32f1xx_hal_pcd_ex.o(.text.HAL_PCDEx_PMAConfig)
    [Anonymous Symbol]                       0x08000abc   Section        0  usbd_conf.o(.text.HAL_PCDEx_SetConnectionState)
    [Anonymous Symbol]                       0x08000ac0   Section        0  usbd_conf.o(.text.HAL_PCD_DataInStageCallback)
    [Anonymous Symbol]                       0x08000ad4   Section        0  usbd_conf.o(.text.HAL_PCD_DataOutStageCallback)
    [Anonymous Symbol]                       0x08000aec   Section        0  stm32f1xx_hal_pcd.o(.text.HAL_PCD_EP_Close)
    [Anonymous Symbol]                       0x08000b3c   Section        0  stm32f1xx_hal_pcd.o(.text.HAL_PCD_EP_ClrStall)
    [Anonymous Symbol]                       0x08000ba0   Section        0  stm32f1xx_hal_pcd.o(.text.HAL_PCD_EP_GetRxCount)
    [Anonymous Symbol]                       0x08000bb4   Section        0  stm32f1xx_hal_pcd.o(.text.HAL_PCD_EP_Open)
    [Anonymous Symbol]                       0x08000c10   Section        0  stm32f1xx_hal_pcd.o(.text.HAL_PCD_EP_Receive)
    [Anonymous Symbol]                       0x08000c44   Section        0  stm32f1xx_hal_pcd.o(.text.HAL_PCD_EP_SetStall)
    [Anonymous Symbol]                       0x08000cb0   Section        0  stm32f1xx_hal_pcd.o(.text.HAL_PCD_EP_Transmit)
    [Anonymous Symbol]                       0x08000ce8   Section        0  stm32f1xx_hal_pcd.o(.text.HAL_PCD_IRQHandler)
    [Anonymous Symbol]                       0x08001624   Section        0  stm32f1xx_hal_pcd.o(.text.HAL_PCD_Init)
    [Anonymous Symbol]                       0x0800186c   Section        0  usbd_conf.o(.text.HAL_PCD_MspInit)
    [Anonymous Symbol]                       0x080018b0   Section        0  usbd_conf.o(.text.HAL_PCD_ResetCallback)
    [Anonymous Symbol]                       0x080018d4   Section        0  usbd_conf.o(.text.HAL_PCD_ResumeCallback)
    [Anonymous Symbol]                       0x080018dc   Section        0  usbd_conf.o(.text.HAL_PCD_SOFCallback)
    [Anonymous Symbol]                       0x080018e4   Section        0  stm32f1xx_hal_pcd.o(.text.HAL_PCD_SetAddress)
    [Anonymous Symbol]                       0x0800190c   Section        0  usbd_conf.o(.text.HAL_PCD_SetupStageCallback)
    [Anonymous Symbol]                       0x0800191c   Section        0  stm32f1xx_hal_pcd.o(.text.HAL_PCD_Start)
    [Anonymous Symbol]                       0x08001950   Section        0  usbd_conf.o(.text.HAL_PCD_SuspendCallback)
    [Anonymous Symbol]                       0x08001978   Section        0  stm32f1xx_hal_rcc_ex.o(.text.HAL_RCCEx_PeriphCLKConfig)
    [Anonymous Symbol]                       0x08001a7c   Section        0  stm32f1xx_hal_rcc.o(.text.HAL_RCC_ClockConfig)
    [Anonymous Symbol]                       0x08001c38   Section        0  stm32f1xx_hal_rcc.o(.text.HAL_RCC_GetPCLK1Freq)
    [Anonymous Symbol]                       0x08001c60   Section        0  stm32f1xx_hal_rcc.o(.text.HAL_RCC_GetPCLK2Freq)
    [Anonymous Symbol]                       0x08001c88   Section        0  stm32f1xx_hal_rcc.o(.text.HAL_RCC_OscConfig)
    [Anonymous Symbol]                       0x08002088   Section        0  stm32f1xx_hal_spi.o(.text.HAL_SPI_Init)
    [Anonymous Symbol]                       0x08002130   Section        0  spi.o(.text.HAL_SPI_MspInit)
    [Anonymous Symbol]                       0x080021ac   Section        0  stm32f1xx_hal_cortex.o(.text.HAL_SYSTICK_Config)
    [Anonymous Symbol]                       0x080021d8   Section        0  stm32f1xx_hal_uart.o(.text.HAL_UARTEx_RxEventCallback)
    [Anonymous Symbol]                       0x080021dc   Section        0  stm32f1xx_hal_uart.o(.text.HAL_UART_ErrorCallback)
    [Anonymous Symbol]                       0x080021e0   Section        0  stm32f1xx_hal_uart.o(.text.HAL_UART_IRQHandler)
    [Anonymous Symbol]                       0x08002750   Section        0  usart.o(.text.HAL_UART_MspInit)
    [Anonymous Symbol]                       0x0800285c   Section        0  stm32f1xx_hal_uart.o(.text.HAL_UART_RxCpltCallback)
    [Anonymous Symbol]                       0x08002860   Section        0  stm32f1xx_hal_uart.o(.text.HAL_UART_TxCpltCallback)
    [Anonymous Symbol]                       0x08002864   Section        0  stm32f1xx_it.o(.text.HardFault_Handler)
    [Anonymous Symbol]                       0x08002868   Section        0  dma.o(.text.MX_DMA_Init)
    [Anonymous Symbol]                       0x080028ac   Section        0  gpio.o(.text.MX_GPIO_Init)
    [Anonymous Symbol]                       0x08002934   Section        0  spi.o(.text.MX_SPI1_Init)
    [Anonymous Symbol]                       0x08002988   Section        0  usart.o(.text.MX_USART1_UART_Init)
    [Anonymous Symbol]                       0x080029c8   Section        0  usb_device.o(.text.MX_USB_DEVICE_Init)
    [Anonymous Symbol]                       0x08002a3c   Section        0  stm32f1xx_it.o(.text.MemManage_Handler)
    [Anonymous Symbol]                       0x08002a40   Section        0  stm32f1xx_it.o(.text.NMI_Handler)
    [Anonymous Symbol]                       0x08002a44   Section        0  stm32f1xx_it.o(.text.PendSV_Handler)
    [Anonymous Symbol]                       0x08002a48   Section        0  stm32f1xx_it.o(.text.SVC_Handler)
    [Anonymous Symbol]                       0x08002a4c   Section        0  stm32f1xx_it.o(.text.SysTick_Handler)
    [Anonymous Symbol]                       0x08002a50   Section        0  system_stm32f1xx.o(.text.SystemInit)
    UART_DMAAbortOnError                     0x08002a55   Thumb Code    12  stm32f1xx_hal_uart.o(.text.UART_DMAAbortOnError)
    [Anonymous Symbol]                       0x08002a54   Section        0  stm32f1xx_hal_uart.o(.text.UART_DMAAbortOnError)
    UART_Receive_IT                          0x08002a61   Thumb Code   254  stm32f1xx_hal_uart.o(.text.UART_Receive_IT)
    [Anonymous Symbol]                       0x08002a60   Section        0  stm32f1xx_hal_uart.o(.text.UART_Receive_IT)
    [Anonymous Symbol]                       0x08002b60   Section        0  stm32f1xx_it.o(.text.USART1_IRQHandler)
    USBD_CDC_DataIn                          0x08002b6d   Thumb Code    80  usbd_cdc.o(.text.USBD_CDC_DataIn)
    [Anonymous Symbol]                       0x08002b6c   Section        0  usbd_cdc.o(.text.USBD_CDC_DataIn)
    USBD_CDC_DataOut                         0x08002bbd   Thumb Code    48  usbd_cdc.o(.text.USBD_CDC_DataOut)
    [Anonymous Symbol]                       0x08002bbc   Section        0  usbd_cdc.o(.text.USBD_CDC_DataOut)
    USBD_CDC_DeInit                          0x08002bed   Thumb Code    66  usbd_cdc.o(.text.USBD_CDC_DeInit)
    [Anonymous Symbol]                       0x08002bec   Section        0  usbd_cdc.o(.text.USBD_CDC_DeInit)
    USBD_CDC_EP0_RxReady                     0x08002c31   Thumb Code    44  usbd_cdc.o(.text.USBD_CDC_EP0_RxReady)
    [Anonymous Symbol]                       0x08002c30   Section        0  usbd_cdc.o(.text.USBD_CDC_EP0_RxReady)
    [Anonymous Symbol]                       0x08002c5c   Section        0  usbd_cdc.o(.text.USBD_CDC_GetDeviceQualifierDescriptor)
    USBD_CDC_GetFSCfgDesc                    0x08002c6d   Thumb Code    16  usbd_cdc.o(.text.USBD_CDC_GetFSCfgDesc)
    [Anonymous Symbol]                       0x08002c6c   Section        0  usbd_cdc.o(.text.USBD_CDC_GetFSCfgDesc)
    USBD_CDC_GetHSCfgDesc                    0x08002c7d   Thumb Code    16  usbd_cdc.o(.text.USBD_CDC_GetHSCfgDesc)
    [Anonymous Symbol]                       0x08002c7c   Section        0  usbd_cdc.o(.text.USBD_CDC_GetHSCfgDesc)
    USBD_CDC_GetOtherSpeedCfgDesc            0x08002c8d   Thumb Code    16  usbd_cdc.o(.text.USBD_CDC_GetOtherSpeedCfgDesc)
    [Anonymous Symbol]                       0x08002c8c   Section        0  usbd_cdc.o(.text.USBD_CDC_GetOtherSpeedCfgDesc)
    USBD_CDC_Init                            0x08002c9d   Thumb Code   130  usbd_cdc.o(.text.USBD_CDC_Init)
    [Anonymous Symbol]                       0x08002c9c   Section        0  usbd_cdc.o(.text.USBD_CDC_Init)
    [Anonymous Symbol]                       0x08002d20   Section        0  usbd_cdc.o(.text.USBD_CDC_ReceivePacket)
    [Anonymous Symbol]                       0x08002d4c   Section        0  usbd_cdc.o(.text.USBD_CDC_RegisterInterface)
    [Anonymous Symbol]                       0x08002d5c   Section        0  usbd_cdc.o(.text.USBD_CDC_SetRxBuffer)
    [Anonymous Symbol]                       0x08002d68   Section        0  usbd_cdc.o(.text.USBD_CDC_SetTxBuffer)
    USBD_CDC_Setup                           0x08002d79   Thumb Code   198  usbd_cdc.o(.text.USBD_CDC_Setup)
    [Anonymous Symbol]                       0x08002d78   Section        0  usbd_cdc.o(.text.USBD_CDC_Setup)
    [Anonymous Symbol]                       0x08002e40   Section        0  usbd_cdc.o(.text.USBD_CDC_TransmitPacket)
    [Anonymous Symbol]                       0x08002e80   Section        0  usbd_core.o(.text.USBD_ClrClassConfig)
    [Anonymous Symbol]                       0x08002e90   Section        0  usbd_ioreq.o(.text.USBD_CtlContinueRx)
    [Anonymous Symbol]                       0x08002ea0   Section        0  usbd_ioreq.o(.text.USBD_CtlContinueSendData)
    [Anonymous Symbol]                       0x08002eb0   Section        0  usbd_ctlreq.o(.text.USBD_CtlError)
    [Anonymous Symbol]                       0x08002ec8   Section        0  usbd_ioreq.o(.text.USBD_CtlPrepareRx)
    [Anonymous Symbol]                       0x08002ee4   Section        0  usbd_ioreq.o(.text.USBD_CtlReceiveStatus)
    [Anonymous Symbol]                       0x08002efc   Section        0  usbd_ioreq.o(.text.USBD_CtlSendData)
    [Anonymous Symbol]                       0x08002f18   Section        0  usbd_ioreq.o(.text.USBD_CtlSendStatus)
    [Anonymous Symbol]                       0x08002f30   Section        0  usbd_desc.o(.text.USBD_FS_ConfigStrDescriptor)
    [Anonymous Symbol]                       0x08002f54   Section        0  usbd_desc.o(.text.USBD_FS_DeviceDescriptor)
    [Anonymous Symbol]                       0x08002f64   Section        0  usbd_desc.o(.text.USBD_FS_InterfaceStrDescriptor)
    [Anonymous Symbol]                       0x08002f8c   Section        0  usbd_desc.o(.text.USBD_FS_LangIDStrDescriptor)
    [Anonymous Symbol]                       0x08002f9c   Section        0  usbd_desc.o(.text.USBD_FS_ManufacturerStrDescriptor)
    [Anonymous Symbol]                       0x08002fc8   Section        0  usbd_desc.o(.text.USBD_FS_ProductStrDescriptor)
    [Anonymous Symbol]                       0x08002ff8   Section        0  usbd_desc.o(.text.USBD_FS_SerialStrDescriptor)
    [Anonymous Symbol]                       0x08003168   Section        0  usbd_ctlreq.o(.text.USBD_GetString)
    [Anonymous Symbol]                       0x0800323c   Section        0  usbd_core.o(.text.USBD_Init)
    [Anonymous Symbol]                       0x0800326c   Section        0  usbd_conf.o(.text.USBD_LL_ClearStallEP)
    [Anonymous Symbol]                       0x08003290   Section        0  usbd_conf.o(.text.USBD_LL_CloseEP)
    [Anonymous Symbol]                       0x080032b4   Section        0  usbd_core.o(.text.USBD_LL_DataInStage)
    [Anonymous Symbol]                       0x08003380   Section        0  usbd_core.o(.text.USBD_LL_DataOutStage)
    [Anonymous Symbol]                       0x080033fc   Section        0  usbd_conf.o(.text.USBD_LL_GetRxDataSize)
    [Anonymous Symbol]                       0x08003404   Section        0  usbd_conf.o(.text.USBD_LL_Init)
    [Anonymous Symbol]                       0x0800348c   Section        0  usbd_conf.o(.text.USBD_LL_IsStallEP)
    [Anonymous Symbol]                       0x080034b8   Section        0  usbd_conf.o(.text.USBD_LL_OpenEP)
    [Anonymous Symbol]                       0x080034e0   Section        0  usbd_conf.o(.text.USBD_LL_PrepareReceive)
    [Anonymous Symbol]                       0x08003504   Section        0  usbd_core.o(.text.USBD_LL_Reset)
    [Anonymous Symbol]                       0x08003558   Section        0  usbd_core.o(.text.USBD_LL_Resume)
    [Anonymous Symbol]                       0x0800356c   Section        0  usbd_core.o(.text.USBD_LL_SOF)
    [Anonymous Symbol]                       0x08003588   Section        0  usbd_core.o(.text.USBD_LL_SetSpeed)
    [Anonymous Symbol]                       0x08003590   Section        0  usbd_conf.o(.text.USBD_LL_SetUSBAddress)
    [Anonymous Symbol]                       0x080035b4   Section        0  usbd_core.o(.text.USBD_LL_SetupStage)
    [Anonymous Symbol]                       0x08003610   Section        0  usbd_conf.o(.text.USBD_LL_StallEP)
    [Anonymous Symbol]                       0x08003634   Section        0  usbd_conf.o(.text.USBD_LL_Start)
    [Anonymous Symbol]                       0x08003658   Section        0  usbd_core.o(.text.USBD_LL_Suspend)
    [Anonymous Symbol]                       0x0800366c   Section        0  usbd_conf.o(.text.USBD_LL_Transmit)
    [Anonymous Symbol]                       0x08003690   Section        0  usbd_ctlreq.o(.text.USBD_ParseSetupRequest)
    [Anonymous Symbol]                       0x080036a8   Section        0  usbd_core.o(.text.USBD_RegisterClass)
    [Anonymous Symbol]                       0x080036b8   Section        0  usbd_core.o(.text.USBD_SetClassConfig)
    [Anonymous Symbol]                       0x080036d4   Section        0  usbd_core.o(.text.USBD_Start)
    [Anonymous Symbol]                       0x080036e0   Section        0  usbd_ctlreq.o(.text.USBD_StdDevReq)
    [Anonymous Symbol]                       0x080039c8   Section        0  usbd_ctlreq.o(.text.USBD_StdEPReq)
    [Anonymous Symbol]                       0x08003af8   Section        0  usbd_ctlreq.o(.text.USBD_StdItfReq)
    [Anonymous Symbol]                       0x08003b58   Section        0  usbd_conf.o(.text.USBD_static_free)
    [Anonymous Symbol]                       0x08003b5c   Section        0  usbd_conf.o(.text.USBD_static_malloc)
    [Anonymous Symbol]                       0x08003b68   Section        0  stm32f1xx_ll_usb.o(.text.USB_ActivateEndpoint)
    [Anonymous Symbol]                       0x08003de4   Section        0  stm32f1xx_ll_usb.o(.text.USB_CoreInit)
    [Anonymous Symbol]                       0x08003de8   Section        0  stm32f1xx_ll_usb.o(.text.USB_DeactivateEndpoint)
    [Anonymous Symbol]                       0x08003ecc   Section        0  stm32f1xx_ll_usb.o(.text.USB_DevConnect)
    [Anonymous Symbol]                       0x08003ed0   Section        0  stm32f1xx_ll_usb.o(.text.USB_DevDisconnect)
    [Anonymous Symbol]                       0x08003ed4   Section        0  stm32f1xx_ll_usb.o(.text.USB_DevInit)
    [Anonymous Symbol]                       0x08003ef0   Section        0  stm32f1xx_ll_usb.o(.text.USB_DisableGlobalInt)
    [Anonymous Symbol]                       0x08003f04   Section        0  stm32f1xx_ll_usb.o(.text.USB_EP0_OutStart)
    [Anonymous Symbol]                       0x08003f08   Section        0  stm32f1xx_ll_usb.o(.text.USB_EPClearStall)
    [Anonymous Symbol]                       0x08003f84   Section        0  stm32f1xx_ll_usb.o(.text.USB_EPSetStall)
    [Anonymous Symbol]                       0x08003fb8   Section        0  stm32f1xx_ll_usb.o(.text.USB_EPStartXfer)
    [Anonymous Symbol]                       0x080047f0   Section        0  stm32f1xx_ll_usb.o(.text.USB_EnableGlobalInt)
    [Anonymous Symbol]                       0x08004804   Section        0  stm32f1xx_it.o(.text.USB_LP_CAN1_RX0_IRQHandler)
    [Anonymous Symbol]                       0x08004810   Section        0  stm32f1xx_ll_usb.o(.text.USB_ReadInterrupts)
    [Anonymous Symbol]                       0x08004818   Section        0  stm32f1xx_ll_usb.o(.text.USB_ReadPMA)
    [Anonymous Symbol]                       0x080048cc   Section        0  stm32f1xx_ll_usb.o(.text.USB_SetCurrentMode)
    [Anonymous Symbol]                       0x080048d0   Section        0  stm32f1xx_ll_usb.o(.text.USB_SetDevAddress)
    [Anonymous Symbol]                       0x080048e0   Section        0  stm32f1xx_ll_usb.o(.text.USB_WritePMA)
    [Anonymous Symbol]                       0x0800497c   Section        0  stm32f1xx_it.o(.text.UsageFault_Handler)
    [Anonymous Symbol]                       0x08004980   Section        0  main.o(.text.main)
    i.__scatterload_copy                     0x08004a34   Section       14  handlers.o(i.__scatterload_copy)
    i.__scatterload_null                     0x08004a42   Section        2  handlers.o(i.__scatterload_null)
    i.__scatterload_zeroinit                 0x08004a44   Section       14  handlers.o(i.__scatterload_zeroinit)
    HAL_RCC_GetSysClockFreq.aPredivFactorTable 0x08004a6a   Data           2  stm32f1xx_hal_rcc.o(.rodata.HAL_RCC_GetSysClockFreq.aPredivFactorTable)
    [Anonymous Symbol]                       0x08004a6a   Section        0  stm32f1xx_hal_rcc.o(.rodata.HAL_RCC_GetSysClockFreq.aPredivFactorTable)
    HAL_RCC_GetSysClockFreq.aPLLMULFactorTable 0x08004a6c   Data          16  stm32f1xx_hal_rcc.o(.rodata.cst16)
    [Anonymous Symbol]                       0x08004a6c   Section        0  stm32f1xx_hal_rcc.o(.rodata.cst16)
    .L_MergedGlobals                         0x20000000   Data           8  stm32f1xx_hal.o(.data..L_MergedGlobals)
    [Anonymous Symbol]                       0x20000000   Section        0  stm32f1xx_hal.o(.data..L_MergedGlobals)
    USBD_CDC_DeviceQualifierDesc             0x200000e8   Data          10  usbd_cdc.o(.data.USBD_CDC_DeviceQualifierDesc)
    [Anonymous Symbol]                       0x200000e8   Section        0  usbd_cdc.o(.data.USBD_CDC_DeviceQualifierDesc)
    USBD_SetConfig.cfgidx                    0x20000180   Data           1  usbd_ctlreq.o(.bss.USBD_SetConfig.cfgidx)
    [Anonymous Symbol]                       0x20000180   Section        0  usbd_ctlreq.o(.bss.USBD_SetConfig.cfgidx)
    USBD_static_malloc.mem                   0x20000384   Data         544  usbd_conf.o(.bss.USBD_static_malloc.mem)
    [Anonymous Symbol]                       0x20000384   Section        0  usbd_conf.o(.bss.USBD_static_malloc.mem)
    STACK                                    0x20001470   Section     1024  startup_stm32f103xb.o(STACK)

    Global Symbols

    Symbol Name                              Value     Ov Type        Size  Object(Section)

    BuildAttributes$$THM_ISAv4$P$D$K$B$S$PE$A:L22UL41UL21$X:L11$S22US41US21$IEEE1$IW$~IW$USESV6$~STKCKD$USESV7$~SHL$OTIME$EBA8$MICROLIB$REQ8$PRES8$EABIv2 0x00000000   Number         0  anon$$obj.o ABSOLUTE
    __cpp_initialize__aeabi_                  - Undefined Weak Reference
    __cxa_finalize                            - Undefined Weak Reference
    _clock_init                               - Undefined Weak Reference
    _microlib_exit                            - Undefined Weak Reference
    __Vectors_Size                           0x000000ec   Number         0  startup_stm32f103xb.o ABSOLUTE
    __Vectors                                0x08000000   Data           4  startup_stm32f103xb.o(RESET)
    __Vectors_End                            0x080000ec   Data           0  startup_stm32f103xb.o(RESET)
    __main                                   0x080000ed   Thumb Code     0  entry.o(.ARM.Collect$$$$00000000)
    _main_stk                                0x080000ed   Thumb Code     0  entry2.o(.ARM.Collect$$$$00000001)
    _main_scatterload                        0x080000f1   Thumb Code     0  entry5.o(.ARM.Collect$$$$00000004)
    __main_after_scatterload                 0x080000f5   Thumb Code     0  entry5.o(.ARM.Collect$$$$00000004)
    _main_clock                              0x080000f5   Thumb Code     0  entry7b.o(.ARM.Collect$$$$00000008)
    _main_cpp_init                           0x080000f5   Thumb Code     0  entry8b.o(.ARM.Collect$$$$0000000A)
    _main_init                               0x080000f5   Thumb Code     0  entry9a.o(.ARM.Collect$$$$0000000B)
    __rt_final_cpp                           0x080000fd   Thumb Code     0  entry10a.o(.ARM.Collect$$$$0000000D)
    __rt_final_exit                          0x080000fd   Thumb Code     0  entry11a.o(.ARM.Collect$$$$0000000F)
    Reset_Handler                            0x08000101   Thumb Code     8  startup_stm32f103xb.o(.text)
    ADC1_2_IRQHandler                        0x0800011b   Thumb Code     0  startup_stm32f103xb.o(.text)
    CAN1_RX1_IRQHandler                      0x0800011b   Thumb Code     0  startup_stm32f103xb.o(.text)
    CAN1_SCE_IRQHandler                      0x0800011b   Thumb Code     0  startup_stm32f103xb.o(.text)
    DMA1_Channel1_IRQHandler                 0x0800011b   Thumb Code     0  startup_stm32f103xb.o(.text)
    DMA1_Channel2_IRQHandler                 0x0800011b   Thumb Code     0  startup_stm32f103xb.o(.text)
    DMA1_Channel3_IRQHandler                 0x0800011b   Thumb Code     0  startup_stm32f103xb.o(.text)
    DMA1_Channel6_IRQHandler                 0x0800011b   Thumb Code     0  startup_stm32f103xb.o(.text)
    DMA1_Channel7_IRQHandler                 0x0800011b   Thumb Code     0  startup_stm32f103xb.o(.text)
    EXTI0_IRQHandler                         0x0800011b   Thumb Code     0  startup_stm32f103xb.o(.text)
    EXTI15_10_IRQHandler                     0x0800011b   Thumb Code     0  startup_stm32f103xb.o(.text)
    EXTI1_IRQHandler                         0x0800011b   Thumb Code     0  startup_stm32f103xb.o(.text)
    EXTI2_IRQHandler                         0x0800011b   Thumb Code     0  startup_stm32f103xb.o(.text)
    EXTI3_IRQHandler                         0x0800011b   Thumb Code     0  startup_stm32f103xb.o(.text)
    EXTI4_IRQHandler                         0x0800011b   Thumb Code     0  startup_stm32f103xb.o(.text)
    EXTI9_5_IRQHandler                       0x0800011b   Thumb Code     0  startup_stm32f103xb.o(.text)
    FLASH_IRQHandler                         0x0800011b   Thumb Code     0  startup_stm32f103xb.o(.text)
    I2C1_ER_IRQHandler                       0x0800011b   Thumb Code     0  startup_stm32f103xb.o(.text)
    I2C1_EV_IRQHandler                       0x0800011b   Thumb Code     0  startup_stm32f103xb.o(.text)
    I2C2_ER_IRQHandler                       0x0800011b   Thumb Code     0  startup_stm32f103xb.o(.text)
    I2C2_EV_IRQHandler                       0x0800011b   Thumb Code     0  startup_stm32f103xb.o(.text)
    PVD_IRQHandler                           0x0800011b   Thumb Code     0  startup_stm32f103xb.o(.text)
    RCC_IRQHandler                           0x0800011b   Thumb Code     0  startup_stm32f103xb.o(.text)
    RTC_Alarm_IRQHandler                     0x0800011b   Thumb Code     0  startup_stm32f103xb.o(.text)
    RTC_IRQHandler                           0x0800011b   Thumb Code     0  startup_stm32f103xb.o(.text)
    SPI1_IRQHandler                          0x0800011b   Thumb Code     0  startup_stm32f103xb.o(.text)
    SPI2_IRQHandler                          0x0800011b   Thumb Code     0  startup_stm32f103xb.o(.text)
    TAMPER_IRQHandler                        0x0800011b   Thumb Code     0  startup_stm32f103xb.o(.text)
    TIM1_BRK_IRQHandler                      0x0800011b   Thumb Code     0  startup_stm32f103xb.o(.text)
    TIM1_CC_IRQHandler                       0x0800011b   Thumb Code     0  startup_stm32f103xb.o(.text)
    TIM1_TRG_COM_IRQHandler                  0x0800011b   Thumb Code     0  startup_stm32f103xb.o(.text)
    TIM1_UP_IRQHandler                       0x0800011b   Thumb Code     0  startup_stm32f103xb.o(.text)
    TIM2_IRQHandler                          0x0800011b   Thumb Code     0  startup_stm32f103xb.o(.text)
    TIM3_IRQHandler                          0x0800011b   Thumb Code     0  startup_stm32f103xb.o(.text)
    TIM4_IRQHandler                          0x0800011b   Thumb Code     0  startup_stm32f103xb.o(.text)
    USART2_IRQHandler                        0x0800011b   Thumb Code     0  startup_stm32f103xb.o(.text)
    USART3_IRQHandler                        0x0800011b   Thumb Code     0  startup_stm32f103xb.o(.text)
    USBWakeUp_IRQHandler                     0x0800011b   Thumb Code     0  startup_stm32f103xb.o(.text)
    USB_HP_CAN1_TX_IRQHandler                0x0800011b   Thumb Code     0  startup_stm32f103xb.o(.text)
    WWDG_IRQHandler                          0x0800011b   Thumb Code     0  startup_stm32f103xb.o(.text)
    __scatterload                            0x08000125   Thumb Code    38  init.o(.text)
    __scatterload_rt2                        0x08000125   Thumb Code     0  init.o(.text)
    __decompress                             0x08000155   Thumb Code     0  __dczerorl2.o(.text)
    __decompress1                            0x08000155   Thumb Code    86  __dczerorl2.o(.text)
    BusFault_Handler                         0x080001ad   Thumb Code     2  stm32f1xx_it.o(.text.BusFault_Handler)
    CDC_Transmit_FS                          0x0800022d   Thumb Code    54  usbd_cdc_if.o(.text.CDC_Transmit_FS)
    DMA1_Channel4_IRQHandler                 0x08000265   Thumb Code    12  stm32f1xx_it.o(.text.DMA1_Channel4_IRQHandler)
    DMA1_Channel5_IRQHandler                 0x08000271   Thumb Code    12  stm32f1xx_it.o(.text.DMA1_Channel5_IRQHandler)
    DebugMon_Handler                         0x0800027d   Thumb Code     2  stm32f1xx_it.o(.text.DebugMon_Handler)
    Error_Handler                            0x08000281   Thumb Code    10  main.o(.text.Error_Handler)
    HAL_DMA_Abort                            0x0800028d   Thumb Code    70  stm32f1xx_hal_dma.o(.text.HAL_DMA_Abort)
    HAL_DMA_Abort_IT                         0x080002d5   Thumb Code   182  stm32f1xx_hal_dma.o(.text.HAL_DMA_Abort_IT)
    HAL_DMA_IRQHandler                       0x0800038d   Thumb Code   416  stm32f1xx_hal_dma.o(.text.HAL_DMA_IRQHandler)
    HAL_DMA_Init                             0x0800052d   Thumb Code   132  stm32f1xx_hal_dma.o(.text.HAL_DMA_Init)
    HAL_Delay                                0x080005b1   Thumb Code    40  stm32f1xx_hal.o(.text.HAL_Delay)
    HAL_GPIO_Init                            0x080005d9   Thumb Code   526  stm32f1xx_hal_gpio.o(.text.HAL_GPIO_Init)
    HAL_GPIO_WritePin                        0x080007e9   Thumb Code    10  stm32f1xx_hal_gpio.o(.text.HAL_GPIO_WritePin)
    HAL_GetTick                              0x080007f5   Thumb Code    12  stm32f1xx_hal.o(.text.HAL_GetTick)
    HAL_IncTick                              0x08000801   Thumb Code    26  stm32f1xx_hal.o(.text.HAL_IncTick)
    HAL_Init                                 0x0800081d   Thumb Code    38  stm32f1xx_hal.o(.text.HAL_Init)
    HAL_InitTick                             0x08000845   Thumb Code    72  stm32f1xx_hal.o(.text.HAL_InitTick)
    HAL_MspInit                              0x0800088d   Thumb Code    66  stm32f1xx_hal_msp.o(.text.HAL_MspInit)
    HAL_MultiProcessor_Init                  0x080008d1   Thumb Code   260  stm32f1xx_hal_uart.o(.text.HAL_MultiProcessor_Init)
    HAL_NVIC_EnableIRQ                       0x080009d5   Thumb Code    34  stm32f1xx_hal_cortex.o(.text.HAL_NVIC_EnableIRQ)
    HAL_NVIC_SetPriority                     0x080009f9   Thumb Code    86  stm32f1xx_hal_cortex.o(.text.HAL_NVIC_SetPriority)
    HAL_NVIC_SetPriorityGrouping             0x08000a51   Thumb Code    32  stm32f1xx_hal_cortex.o(.text.HAL_NVIC_SetPriorityGrouping)
    HAL_PCDEx_PMAConfig                      0x08000a71   Thumb Code    76  stm32f1xx_hal_pcd_ex.o(.text.HAL_PCDEx_PMAConfig)
    HAL_PCDEx_SetConnectionState             0x08000abd   Thumb Code     2  usbd_conf.o(.text.HAL_PCDEx_SetConnectionState)
    HAL_PCD_DataInStageCallback              0x08000ac1   Thumb Code    20  usbd_conf.o(.text.HAL_PCD_DataInStageCallback)
    HAL_PCD_DataOutStageCallback             0x08000ad5   Thumb Code    22  usbd_conf.o(.text.HAL_PCD_DataOutStageCallback)
    HAL_PCD_EP_Close                         0x08000aed   Thumb Code    78  stm32f1xx_hal_pcd.o(.text.HAL_PCD_EP_Close)
    HAL_PCD_EP_ClrStall                      0x08000b3d   Thumb Code   100  stm32f1xx_hal_pcd.o(.text.HAL_PCD_EP_ClrStall)
    HAL_PCD_EP_GetRxCount                    0x08000ba1   Thumb Code    18  stm32f1xx_hal_pcd.o(.text.HAL_PCD_EP_GetRxCount)
    HAL_PCD_EP_Open                          0x08000bb5   Thumb Code    90  stm32f1xx_hal_pcd.o(.text.HAL_PCD_EP_Open)
    HAL_PCD_EP_Receive                       0x08000c11   Thumb Code    50  stm32f1xx_hal_pcd.o(.text.HAL_PCD_EP_Receive)
    HAL_PCD_EP_SetStall                      0x08000c45   Thumb Code   108  stm32f1xx_hal_pcd.o(.text.HAL_PCD_EP_SetStall)
    HAL_PCD_EP_Transmit                      0x08000cb1   Thumb Code    54  stm32f1xx_hal_pcd.o(.text.HAL_PCD_EP_Transmit)
    HAL_PCD_IRQHandler                       0x08000ce9   Thumb Code  2362  stm32f1xx_hal_pcd.o(.text.HAL_PCD_IRQHandler)
    HAL_PCD_Init                             0x08001625   Thumb Code   582  stm32f1xx_hal_pcd.o(.text.HAL_PCD_Init)
    HAL_PCD_MspInit                          0x0800186d   Thumb Code    68  usbd_conf.o(.text.HAL_PCD_MspInit)
    HAL_PCD_ResetCallback                    0x080018b1   Thumb Code    36  usbd_conf.o(.text.HAL_PCD_ResetCallback)
    HAL_PCD_ResumeCallback                   0x080018d5   Thumb Code     8  usbd_conf.o(.text.HAL_PCD_ResumeCallback)
    HAL_PCD_SOFCallback                      0x080018dd   Thumb Code     8  usbd_conf.o(.text.HAL_PCD_SOFCallback)
    HAL_PCD_SetAddress                       0x080018e5   Thumb Code    40  stm32f1xx_hal_pcd.o(.text.HAL_PCD_SetAddress)
    HAL_PCD_SetupStageCallback               0x0800190d   Thumb Code    14  usbd_conf.o(.text.HAL_PCD_SetupStageCallback)
    HAL_PCD_Start                            0x0800191d   Thumb Code    52  stm32f1xx_hal_pcd.o(.text.HAL_PCD_Start)
    HAL_PCD_SuspendCallback                  0x08001951   Thumb Code    38  usbd_conf.o(.text.HAL_PCD_SuspendCallback)
    HAL_RCCEx_PeriphCLKConfig                0x08001979   Thumb Code   258  stm32f1xx_hal_rcc_ex.o(.text.HAL_RCCEx_PeriphCLKConfig)
    HAL_RCC_ClockConfig                      0x08001a7d   Thumb Code   442  stm32f1xx_hal_rcc.o(.text.HAL_RCC_ClockConfig)
    HAL_RCC_GetPCLK1Freq                     0x08001c39   Thumb Code    38  stm32f1xx_hal_rcc.o(.text.HAL_RCC_GetPCLK1Freq)
    HAL_RCC_GetPCLK2Freq                     0x08001c61   Thumb Code    38  stm32f1xx_hal_rcc.o(.text.HAL_RCC_GetPCLK2Freq)
    HAL_RCC_OscConfig                        0x08001c89   Thumb Code  1024  stm32f1xx_hal_rcc.o(.text.HAL_RCC_OscConfig)
    HAL_SPI_Init                             0x08002089   Thumb Code   168  stm32f1xx_hal_spi.o(.text.HAL_SPI_Init)
    HAL_SPI_MspInit                          0x08002131   Thumb Code   122  spi.o(.text.HAL_SPI_MspInit)
    HAL_SYSTICK_Config                       0x080021ad   Thumb Code    44  stm32f1xx_hal_cortex.o(.text.HAL_SYSTICK_Config)
    HAL_UARTEx_RxEventCallback               0x080021d9   Thumb Code     2  stm32f1xx_hal_uart.o(.text.HAL_UARTEx_RxEventCallback)
    HAL_UART_ErrorCallback                   0x080021dd   Thumb Code     2  stm32f1xx_hal_uart.o(.text.HAL_UART_ErrorCallback)
    HAL_UART_IRQHandler                      0x080021e1   Thumb Code  1392  stm32f1xx_hal_uart.o(.text.HAL_UART_IRQHandler)
    HAL_UART_MspInit                         0x08002751   Thumb Code   268  usart.o(.text.HAL_UART_MspInit)
    HAL_UART_RxCpltCallback                  0x0800285d   Thumb Code     2  stm32f1xx_hal_uart.o(.text.HAL_UART_RxCpltCallback)
    HAL_UART_TxCpltCallback                  0x08002861   Thumb Code     2  stm32f1xx_hal_uart.o(.text.HAL_UART_TxCpltCallback)
    HardFault_Handler                        0x08002865   Thumb Code     2  stm32f1xx_it.o(.text.HardFault_Handler)
    MX_DMA_Init                              0x08002869   Thumb Code    68  dma.o(.text.MX_DMA_Init)
    MX_GPIO_Init                             0x080028ad   Thumb Code   134  gpio.o(.text.MX_GPIO_Init)
    MX_SPI1_Init                             0x08002935   Thumb Code    82  spi.o(.text.MX_SPI1_Init)
    MX_USART1_UART_Init                      0x08002989   Thumb Code    64  usart.o(.text.MX_USART1_UART_Init)
    MX_USB_DEVICE_Init                       0x080029c9   Thumb Code   114  usb_device.o(.text.MX_USB_DEVICE_Init)
    MemManage_Handler                        0x08002a3d   Thumb Code     2  stm32f1xx_it.o(.text.MemManage_Handler)
    NMI_Handler                              0x08002a41   Thumb Code     2  stm32f1xx_it.o(.text.NMI_Handler)
    PendSV_Handler                           0x08002a45   Thumb Code     2  stm32f1xx_it.o(.text.PendSV_Handler)
    SVC_Handler                              0x08002a49   Thumb Code     2  stm32f1xx_it.o(.text.SVC_Handler)
    SysTick_Handler                          0x08002a4d   Thumb Code     4  stm32f1xx_it.o(.text.SysTick_Handler)
    SystemInit                               0x08002a51   Thumb Code     2  system_stm32f1xx.o(.text.SystemInit)
    USART1_IRQHandler                        0x08002b61   Thumb Code    12  stm32f1xx_it.o(.text.USART1_IRQHandler)
    USBD_CDC_GetDeviceQualifierDescriptor    0x08002c5d   Thumb Code    16  usbd_cdc.o(.text.USBD_CDC_GetDeviceQualifierDescriptor)
    USBD_CDC_ReceivePacket                   0x08002d21   Thumb Code    44  usbd_cdc.o(.text.USBD_CDC_ReceivePacket)
    USBD_CDC_RegisterInterface               0x08002d4d   Thumb Code    14  usbd_cdc.o(.text.USBD_CDC_RegisterInterface)
    USBD_CDC_SetRxBuffer                     0x08002d5d   Thumb Code    12  usbd_cdc.o(.text.USBD_CDC_SetRxBuffer)
    USBD_CDC_SetTxBuffer                     0x08002d69   Thumb Code    16  usbd_cdc.o(.text.USBD_CDC_SetTxBuffer)
    USBD_CDC_TransmitPacket                  0x08002e41   Thumb Code    62  usbd_cdc.o(.text.USBD_CDC_TransmitPacket)
    USBD_ClrClassConfig                      0x08002e81   Thumb Code    14  usbd_core.o(.text.USBD_ClrClassConfig)
    USBD_CtlContinueRx                       0x08002e91   Thumb Code    16  usbd_ioreq.o(.text.USBD_CtlContinueRx)
    USBD_CtlContinueSendData                 0x08002ea1   Thumb Code    16  usbd_ioreq.o(.text.USBD_CtlContinueSendData)
    USBD_CtlError                            0x08002eb1   Thumb Code    22  usbd_ctlreq.o(.text.USBD_CtlError)
    USBD_CtlPrepareRx                        0x08002ec9   Thumb Code    26  usbd_ioreq.o(.text.USBD_CtlPrepareRx)
    USBD_CtlReceiveStatus                    0x08002ee5   Thumb Code    22  usbd_ioreq.o(.text.USBD_CtlReceiveStatus)
    USBD_CtlSendData                         0x08002efd   Thumb Code    26  usbd_ioreq.o(.text.USBD_CtlSendData)
    USBD_CtlSendStatus                       0x08002f19   Thumb Code    22  usbd_ioreq.o(.text.USBD_CtlSendStatus)
    USBD_FS_ConfigStrDescriptor              0x08002f31   Thumb Code    24  usbd_desc.o(.text.USBD_FS_ConfigStrDescriptor)
    USBD_FS_DeviceDescriptor                 0x08002f55   Thumb Code    14  usbd_desc.o(.text.USBD_FS_DeviceDescriptor)
    USBD_FS_InterfaceStrDescriptor           0x08002f65   Thumb Code    24  usbd_desc.o(.text.USBD_FS_InterfaceStrDescriptor)
    USBD_FS_LangIDStrDescriptor              0x08002f8d   Thumb Code    14  usbd_desc.o(.text.USBD_FS_LangIDStrDescriptor)
    USBD_FS_ManufacturerStrDescriptor        0x08002f9d   Thumb Code    24  usbd_desc.o(.text.USBD_FS_ManufacturerStrDescriptor)
    USBD_FS_ProductStrDescriptor             0x08002fc9   Thumb Code    24  usbd_desc.o(.text.USBD_FS_ProductStrDescriptor)
    USBD_FS_SerialStrDescriptor              0x08002ff9   Thumb Code   368  usbd_desc.o(.text.USBD_FS_SerialStrDescriptor)
    USBD_GetString                           0x08003169   Thumb Code   210  usbd_ctlreq.o(.text.USBD_GetString)
    USBD_Init                                0x0800323d   Thumb Code    48  usbd_core.o(.text.USBD_Init)
    USBD_LL_ClearStallEP                     0x0800326d   Thumb Code    34  usbd_conf.o(.text.USBD_LL_ClearStallEP)
    USBD_LL_CloseEP                          0x08003291   Thumb Code    34  usbd_conf.o(.text.USBD_LL_CloseEP)
    USBD_LL_DataInStage                      0x080032b5   Thumb Code   202  usbd_core.o(.text.USBD_LL_DataInStage)
    USBD_LL_DataOutStage                     0x08003381   Thumb Code   124  usbd_core.o(.text.USBD_LL_DataOutStage)
    USBD_LL_GetRxDataSize                    0x080033fd   Thumb Code     8  usbd_conf.o(.text.USBD_LL_GetRxDataSize)
    USBD_LL_Init                             0x08003405   Thumb Code   134  usbd_conf.o(.text.USBD_LL_Init)
    USBD_LL_IsStallEP                        0x0800348d   Thumb Code    42  usbd_conf.o(.text.USBD_LL_IsStallEP)
    USBD_LL_OpenEP                           0x080034b9   Thumb Code    40  usbd_conf.o(.text.USBD_LL_OpenEP)
    USBD_LL_PrepareReceive                   0x080034e1   Thumb Code    34  usbd_conf.o(.text.USBD_LL_PrepareReceive)
    USBD_LL_Reset                            0x08003505   Thumb Code    84  usbd_core.o(.text.USBD_LL_Reset)
    USBD_LL_Resume                           0x08003559   Thumb Code    20  usbd_core.o(.text.USBD_LL_Resume)
    USBD_LL_SOF                              0x0800356d   Thumb Code    28  usbd_core.o(.text.USBD_LL_SOF)
    USBD_LL_SetSpeed                         0x08003589   Thumb Code     8  usbd_core.o(.text.USBD_LL_SetSpeed)
    USBD_LL_SetUSBAddress                    0x08003591   Thumb Code    34  usbd_conf.o(.text.USBD_LL_SetUSBAddress)
    USBD_LL_SetupStage                       0x080035b5   Thumb Code    92  usbd_core.o(.text.USBD_LL_SetupStage)
    USBD_LL_StallEP                          0x08003611   Thumb Code    34  usbd_conf.o(.text.USBD_LL_StallEP)
    USBD_LL_Start                            0x08003635   Thumb Code    34  usbd_conf.o(.text.USBD_LL_Start)
    USBD_LL_Suspend                          0x08003659   Thumb Code    20  usbd_core.o(.text.USBD_LL_Suspend)
    USBD_LL_Transmit                         0x0800366d   Thumb Code    34  usbd_conf.o(.text.USBD_LL_Transmit)
    USBD_ParseSetupRequest                   0x08003691   Thumb Code    22  usbd_ctlreq.o(.text.USBD_ParseSetupRequest)
    USBD_RegisterClass                       0x080036a9   Thumb Code    14  usbd_core.o(.text.USBD_RegisterClass)
    USBD_SetClassConfig                      0x080036b9   Thumb Code    28  usbd_core.o(.text.USBD_SetClassConfig)
    USBD_Start                               0x080036d5   Thumb Code    10  usbd_core.o(.text.USBD_Start)
    USBD_StdDevReq                           0x080036e1   Thumb Code   742  usbd_ctlreq.o(.text.USBD_StdDevReq)
    USBD_StdEPReq                            0x080039c9   Thumb Code   304  usbd_ctlreq.o(.text.USBD_StdEPReq)
    USBD_StdItfReq                           0x08003af9   Thumb Code    94  usbd_ctlreq.o(.text.USBD_StdItfReq)
    USBD_static_free                         0x08003b59   Thumb Code     2  usbd_conf.o(.text.USBD_static_free)
    USBD_static_malloc                       0x08003b5d   Thumb Code    10  usbd_conf.o(.text.USBD_static_malloc)
    USB_ActivateEndpoint                     0x08003b69   Thumb Code   634  stm32f1xx_ll_usb.o(.text.USB_ActivateEndpoint)
    USB_CoreInit                             0x08003de5   Thumb Code     4  stm32f1xx_ll_usb.o(.text.USB_CoreInit)
    USB_DeactivateEndpoint                   0x08003de9   Thumb Code   226  stm32f1xx_ll_usb.o(.text.USB_DeactivateEndpoint)
    USB_DevConnect                           0x08003ecd   Thumb Code     4  stm32f1xx_ll_usb.o(.text.USB_DevConnect)
    USB_DevDisconnect                        0x08003ed1   Thumb Code     4  stm32f1xx_ll_usb.o(.text.USB_DevDisconnect)
    USB_DevInit                              0x08003ed5   Thumb Code    26  stm32f1xx_ll_usb.o(.text.USB_DevInit)
    USB_DisableGlobalInt                     0x08003ef1   Thumb Code    20  stm32f1xx_ll_usb.o(.text.USB_DisableGlobalInt)
    USB_EP0_OutStart                         0x08003f05   Thumb Code     4  stm32f1xx_ll_usb.o(.text.USB_EP0_OutStart)
    USB_EPClearStall                         0x08003f09   Thumb Code   124  stm32f1xx_ll_usb.o(.text.USB_EPClearStall)
    USB_EPSetStall                           0x08003f85   Thumb Code    50  stm32f1xx_ll_usb.o(.text.USB_EPSetStall)
    USB_EPStartXfer                          0x08003fb9   Thumb Code  2102  stm32f1xx_ll_usb.o(.text.USB_EPStartXfer)
    USB_EnableGlobalInt                      0x080047f1   Thumb Code    18  stm32f1xx_ll_usb.o(.text.USB_EnableGlobalInt)
    USB_LP_CAN1_RX0_IRQHandler               0x08004805   Thumb Code    12  stm32f1xx_it.o(.text.USB_LP_CAN1_RX0_IRQHandler)
    USB_ReadInterrupts                       0x08004811   Thumb Code     6  stm32f1xx_ll_usb.o(.text.USB_ReadInterrupts)
    USB_ReadPMA                              0x08004819   Thumb Code   180  stm32f1xx_ll_usb.o(.text.USB_ReadPMA)
    USB_SetCurrentMode                       0x080048cd   Thumb Code     4  stm32f1xx_ll_usb.o(.text.USB_SetCurrentMode)
    USB_SetDevAddress                        0x080048d1   Thumb Code    14  stm32f1xx_ll_usb.o(.text.USB_SetDevAddress)
    USB_WritePMA                             0x080048e1   Thumb Code   154  stm32f1xx_ll_usb.o(.text.USB_WritePMA)
    UsageFault_Handler                       0x0800497d   Thumb Code     2  stm32f1xx_it.o(.text.UsageFault_Handler)
    main                                     0x08004981   Thumb Code   172  main.o(.text.main)
    __scatterload_copy                       0x08004a35   Thumb Code    14  handlers.o(i.__scatterload_copy)
    __scatterload_null                       0x08004a43   Thumb Code     2  handlers.o(i.__scatterload_null)
    __scatterload_zeroinit                   0x08004a45   Thumb Code    14  handlers.o(i.__scatterload_zeroinit)
    AHBPrescTable                            0x08004a52   Data          16  system_stm32f1xx.o(.rodata.AHBPrescTable)
    APBPrescTable                            0x08004a62   Data           8  system_stm32f1xx.o(.rodata.APBPrescTable)
    Region$$Table$$Base                      0x08004a7c   Number         0  anon$$obj.o(Region$$Table)
    Region$$Table$$Limit                     0x08004a9c   Number         0  anon$$obj.o(Region$$Table)
    uwTickFreq                               0x20000000   Data           1  stm32f1xx_hal.o(.data..L_MergedGlobals)
    uwTickPrio                               0x20000004   Data           4  stm32f1xx_hal.o(.data..L_MergedGlobals)
    FS_Desc                                  0x20000008   Data          28  usbd_desc.o(.data.FS_Desc)
    SystemCoreClock                          0x20000024   Data           4  system_stm32f1xx.o(.data.SystemCoreClock)
    USBD_CDC                                 0x20000028   Data          56  usbd_cdc.o(.data.USBD_CDC)
    USBD_CDC_CfgFSDesc                       0x20000060   Data          67  usbd_cdc.o(.data.USBD_CDC_CfgFSDesc)
    USBD_CDC_CfgHSDesc                       0x200000a4   Data          67  usbd_cdc.o(.data.USBD_CDC_CfgHSDesc)
    USBD_CDC_OtherSpeedCfgDesc               0x200000f4   Data          67  usbd_cdc.o(.data.USBD_CDC_OtherSpeedCfgDesc)
    USBD_FS_DeviceDesc                       0x20000138   Data          18  usbd_desc.o(.data.USBD_FS_DeviceDesc)
    USBD_Interface_fops_FS                   0x2000014c   Data          16  usbd_cdc_if.o(.data.USBD_Interface_fops_FS)
    USBD_LangIDDesc                          0x2000015c   Data           4  usbd_desc.o(.data.USBD_LangIDDesc)
    USBD_StringSerial                        0x20000160   Data          26  usbd_desc.o(.data.USBD_StringSerial)
    USBD_StrDesc                             0x20000184   Data         512  usbd_desc.o(.bss.USBD_StrDesc)
    UserRxBufferFS                           0x200005a4   Data        1024  usbd_cdc_if.o(.bss.UserRxBufferFS)
    UserTxBufferFS                           0x200009a4   Data        1024  usbd_cdc_if.o(.bss.UserTxBufferFS)
    hUsbDeviceFS                             0x20000da4   Data         708  usb_device.o(.bss.hUsbDeviceFS)
    hdma_usart1_rx                           0x20001068   Data          68  usart.o(.bss.hdma_usart1_rx)
    hdma_usart1_tx                           0x200010ac   Data          68  usart.o(.bss.hdma_usart1_tx)
    hpcd_USB_FS                              0x200010f0   Data         728  usbd_conf.o(.bss.hpcd_USB_FS)
    hspi1                                    0x200013c8   Data          88  spi.o(.bss.hspi1)
    huart1                                   0x20001420   Data          72  usart.o(.bss.huart1)
    uwTick                                   0x20001468   Data           4  stm32f1xx_hal.o(.bss.uwTick)
    __initial_sp                             0x20001870   Data           0  startup_stm32f103xb.o(STACK)



==============================================================================

Memory Map of the image

  Image Entry point : 0x080000ed

  Load Region LR_IROM1 (Base: 0x08000000, Size: 0x00004c20, Max: 0x00010000, ABSOLUTE, COMPRESSED[0x00004b60])

    Execution Region ER_IROM1 (Exec base: 0x08000000, Load base: 0x08000000, Size: 0x00004a9c, Max: 0x00010000, ABSOLUTE)

    Exec Addr    Load Addr    Size         Type   Attr      Idx    E Section Name        Object

    0x08000000   0x08000000   0x000000ec   Data   RO            3    RESET               startup_stm32f103xb.o
    0x080000ec   0x080000ec   0x00000000   Code   RO         1134  * .ARM.Collect$$$$00000000  mc_w.l(entry.o)
    0x080000ec   0x080000ec   0x00000004   Code   RO         1137    .ARM.Collect$$$$00000001  mc_w.l(entry2.o)
    0x080000f0   0x080000f0   0x00000004   Code   RO         1140    .ARM.Collect$$$$00000004  mc_w.l(entry5.o)
    0x080000f4   0x080000f4   0x00000000   Code   RO         1142    .ARM.Collect$$$$00000008  mc_w.l(entry7b.o)
    0x080000f4   0x080000f4   0x00000000   Code   RO         1144    .ARM.Collect$$$$0000000A  mc_w.l(entry8b.o)
    0x080000f4   0x080000f4   0x00000008   Code   RO         1145    .ARM.Collect$$$$0000000B  mc_w.l(entry9a.o)
    0x080000fc   0x080000fc   0x00000000   Code   RO         1147    .ARM.Collect$$$$0000000D  mc_w.l(entry10a.o)
    0x080000fc   0x080000fc   0x00000000   Code   RO         1149    .ARM.Collect$$$$0000000F  mc_w.l(entry11a.o)
    0x080000fc   0x080000fc   0x00000004   Code   RO         1138    .ARM.Collect$$$$00002712  mc_w.l(entry2.o)
    0x08000100   0x08000100   0x00000024   Code   RO            4    .text               startup_stm32f103xb.o
    0x08000124   0x08000124   0x00000030   Code   RO         1151    .text               mc_w.l(init.o)
    0x08000154   0x08000154   0x00000056   Code   RO         1161    .text               mc_w.l(__dczerorl2.o)
    0x080001aa   0x080001aa   0x00000002   PAD
    0x080001ac   0x080001ac   0x00000002   Code   RO           82    .text.BusFault_Handler  stm32f1xx_it.o
    0x080001ae   0x080001ae   0x00000002   PAD
    0x080001b0   0x080001b0   0x00000004   Code   RO          912    .text.CDC_Control_FS  usbd_cdc_if.o
    0x080001b4   0x080001b4   0x00000004   Code   RO          910    .text.CDC_DeInit_FS  usbd_cdc_if.o
    0x080001b8   0x080001b8   0x0000002c   Code   RO          908    .text.CDC_Init_FS   usbd_cdc_if.o
    0x080001e4   0x080001e4   0x00000048   Code   RO          914    .text.CDC_Receive_FS  usbd_cdc_if.o
    0x0800022c   0x0800022c   0x00000036   Code   RO          916    .text.CDC_Transmit_FS  usbd_cdc_if.o
    0x08000262   0x08000262   0x00000002   PAD
    0x08000264   0x08000264   0x0000000c   Code   RO           94    .text.DMA1_Channel4_IRQHandler  stm32f1xx_it.o
    0x08000270   0x08000270   0x0000000c   Code   RO           96    .text.DMA1_Channel5_IRQHandler  stm32f1xx_it.o
    0x0800027c   0x0800027c   0x00000002   Code   RO           88    .text.DebugMon_Handler  stm32f1xx_it.o
    0x0800027e   0x0800027e   0x00000002   PAD
    0x08000280   0x08000280   0x0000000a   Code   RO           15    .text.Error_Handler  main.o
    0x0800028a   0x0800028a   0x00000002   PAD
    0x0800028c   0x0800028c   0x00000046   Code   RO          432    .text.HAL_DMA_Abort  stm32f1xx_hal_dma.o
    0x080002d2   0x080002d2   0x00000002   PAD
    0x080002d4   0x080002d4   0x000000b6   Code   RO          434    .text.HAL_DMA_Abort_IT  stm32f1xx_hal_dma.o
    0x0800038a   0x0800038a   0x00000002   PAD
    0x0800038c   0x0800038c   0x000001a0   Code   RO          438    .text.HAL_DMA_IRQHandler  stm32f1xx_hal_dma.o
    0x0800052c   0x0800052c   0x00000084   Code   RO          424    .text.HAL_DMA_Init  stm32f1xx_hal_dma.o
    0x080005b0   0x080005b0   0x00000028   Code   RO          308    .text.HAL_Delay     stm32f1xx_hal.o
    0x080005d8   0x080005d8   0x0000020e   Code   RO          400    .text.HAL_GPIO_Init  stm32f1xx_hal_gpio.o
    0x080007e6   0x080007e6   0x00000002   PAD
    0x080007e8   0x080007e8   0x0000000a   Code   RO          406    .text.HAL_GPIO_WritePin  stm32f1xx_hal_gpio.o
    0x080007f2   0x080007f2   0x00000002   PAD
    0x080007f4   0x080007f4   0x0000000c   Code   RO          300    .text.HAL_GetTick   stm32f1xx_hal.o
    0x08000800   0x08000800   0x0000001a   Code   RO          298    .text.HAL_IncTick   stm32f1xx_hal.o
    0x0800081a   0x0800081a   0x00000002   PAD
    0x0800081c   0x0800081c   0x00000026   Code   RO          288    .text.HAL_Init      stm32f1xx_hal.o
    0x08000842   0x08000842   0x00000002   PAD
    0x08000844   0x08000844   0x00000048   Code   RO          290    .text.HAL_InitTick  stm32f1xx_hal.o
    0x0800088c   0x0800088c   0x00000042   Code   RO          109    .text.HAL_MspInit   stm32f1xx_hal_msp.o
    0x080008ce   0x080008ce   0x00000002   PAD
    0x080008d0   0x080008d0   0x00000104   Code   RO          745    .text.HAL_MultiProcessor_Init  stm32f1xx_hal_uart.o
    0x080009d4   0x080009d4   0x00000022   Code   RO          460    .text.HAL_NVIC_EnableIRQ  stm32f1xx_hal_cortex.o
    0x080009f6   0x080009f6   0x00000002   PAD
    0x080009f8   0x080009f8   0x00000056   Code   RO          458    .text.HAL_NVIC_SetPriority  stm32f1xx_hal_cortex.o
    0x08000a4e   0x08000a4e   0x00000002   PAD
    0x08000a50   0x08000a50   0x00000020   Code   RO          456    .text.HAL_NVIC_SetPriorityGrouping  stm32f1xx_hal_cortex.o
    0x08000a70   0x08000a70   0x0000004c   Code   RO          208    .text.HAL_PCDEx_PMAConfig  stm32f1xx_hal_pcd_ex.o
    0x08000abc   0x08000abc   0x00000002   Code   RO          989    .text.HAL_PCDEx_SetConnectionState  usbd_conf.o
    0x08000abe   0x08000abe   0x00000002   PAD
    0x08000ac0   0x08000ac0   0x00000014   Code   RO          937    .text.HAL_PCD_DataInStageCallback  usbd_conf.o
    0x08000ad4   0x08000ad4   0x00000016   Code   RO          935    .text.HAL_PCD_DataOutStageCallback  usbd_conf.o
    0x08000aea   0x08000aea   0x00000002   PAD
    0x08000aec   0x08000aec   0x0000004e   Code   RO          178    .text.HAL_PCD_EP_Close  stm32f1xx_hal_pcd.o
    0x08000b3a   0x08000b3a   0x00000002   PAD
    0x08000b3c   0x08000b3c   0x00000064   Code   RO          188    .text.HAL_PCD_EP_ClrStall  stm32f1xx_hal_pcd.o
    0x08000ba0   0x08000ba0   0x00000012   Code   RO          182    .text.HAL_PCD_EP_GetRxCount  stm32f1xx_hal_pcd.o
    0x08000bb2   0x08000bb2   0x00000002   PAD
    0x08000bb4   0x08000bb4   0x0000005a   Code   RO          176    .text.HAL_PCD_EP_Open  stm32f1xx_hal_pcd.o
    0x08000c0e   0x08000c0e   0x00000002   PAD
    0x08000c10   0x08000c10   0x00000032   Code   RO          180    .text.HAL_PCD_EP_Receive  stm32f1xx_hal_pcd.o
    0x08000c42   0x08000c42   0x00000002   PAD
    0x08000c44   0x08000c44   0x0000006c   Code   RO          186    .text.HAL_PCD_EP_SetStall  stm32f1xx_hal_pcd.o
    0x08000cb0   0x08000cb0   0x00000036   Code   RO          184    .text.HAL_PCD_EP_Transmit  stm32f1xx_hal_pcd.o
    0x08000ce6   0x08000ce6   0x00000002   PAD
    0x08000ce8   0x08000ce8   0x0000093a   Code   RO          144    .text.HAL_PCD_IRQHandler  stm32f1xx_hal_pcd.o
    0x08001622   0x08001622   0x00000002   PAD
    0x08001624   0x08001624   0x00000246   Code   RO          132    .text.HAL_PCD_Init  stm32f1xx_hal_pcd.o
    0x0800186a   0x0800186a   0x00000002   PAD
    0x0800186c   0x0800186c   0x00000044   Code   RO          929    .text.HAL_PCD_MspInit  usbd_conf.o
    0x080018b0   0x080018b0   0x00000024   Code   RO          941    .text.HAL_PCD_ResetCallback  usbd_conf.o
    0x080018d4   0x080018d4   0x00000008   Code   RO          945    .text.HAL_PCD_ResumeCallback  usbd_conf.o
    0x080018dc   0x080018dc   0x00000008   Code   RO          939    .text.HAL_PCD_SOFCallback  usbd_conf.o
    0x080018e4   0x080018e4   0x00000028   Code   RO          148    .text.HAL_PCD_SetAddress  stm32f1xx_hal_pcd.o
    0x0800190c   0x0800190c   0x0000000e   Code   RO          933    .text.HAL_PCD_SetupStageCallback  usbd_conf.o
    0x0800191a   0x0800191a   0x00000002   PAD
    0x0800191c   0x0800191c   0x00000034   Code   RO          140    .text.HAL_PCD_Start  stm32f1xx_hal_pcd.o
    0x08001950   0x08001950   0x00000026   Code   RO          943    .text.HAL_PCD_SuspendCallback  usbd_conf.o
    0x08001976   0x08001976   0x00000002   PAD
    0x08001978   0x08001978   0x00000102   Code   RO          386    .text.HAL_RCCEx_PeriphCLKConfig  stm32f1xx_hal_rcc_ex.o
    0x08001a7a   0x08001a7a   0x00000002   PAD
    0x08001a7c   0x08001a7c   0x000001ba   Code   RO          352    .text.HAL_RCC_ClockConfig  stm32f1xx_hal_rcc.o
    0x08001c36   0x08001c36   0x00000002   PAD
    0x08001c38   0x08001c38   0x00000026   Code   RO          364    .text.HAL_RCC_GetPCLK1Freq  stm32f1xx_hal_rcc.o
    0x08001c5e   0x08001c5e   0x00000002   PAD
    0x08001c60   0x08001c60   0x00000026   Code   RO          366    .text.HAL_RCC_GetPCLK2Freq  stm32f1xx_hal_rcc.o
    0x08001c86   0x08001c86   0x00000002   PAD
    0x08001c88   0x08001c88   0x00000400   Code   RO          350    .text.HAL_RCC_OscConfig  stm32f1xx_hal_rcc.o
    0x08002088   0x08002088   0x000000a8   Code   RO          621    .text.HAL_SPI_Init  stm32f1xx_hal_spi.o
    0x08002130   0x08002130   0x0000007a   Code   RO           46    .text.HAL_SPI_MspInit  spi.o
    0x080021aa   0x080021aa   0x00000002   PAD
    0x080021ac   0x080021ac   0x0000002c   Code   RO          468    .text.HAL_SYSTICK_Config  stm32f1xx_hal_cortex.o
    0x080021d8   0x080021d8   0x00000002   Code   RO          821    .text.HAL_UARTEx_RxEventCallback  stm32f1xx_hal_uart.o
    0x080021da   0x080021da   0x00000002   PAD
    0x080021dc   0x080021dc   0x00000002   Code   RO          819    .text.HAL_UART_ErrorCallback  stm32f1xx_hal_uart.o
    0x080021de   0x080021de   0x00000002   PAD
    0x080021e0   0x080021e0   0x00000570   Code   RO          813    .text.HAL_UART_IRQHandler  stm32f1xx_hal_uart.o
    0x08002750   0x08002750   0x0000010c   Code   RO           61    .text.HAL_UART_MspInit  usart.o
    0x0800285c   0x0800285c   0x00000002   Code   RO          827    .text.HAL_UART_RxCpltCallback  stm32f1xx_hal_uart.o
    0x0800285e   0x0800285e   0x00000002   PAD
    0x08002860   0x08002860   0x00000002   Code   RO          823    .text.HAL_UART_TxCpltCallback  stm32f1xx_hal_uart.o
    0x08002862   0x08002862   0x00000002   PAD
    0x08002864   0x08002864   0x00000002   Code   RO           78    .text.HardFault_Handler  stm32f1xx_it.o
    0x08002866   0x08002866   0x00000002   PAD
    0x08002868   0x08002868   0x00000044   Code   RO           35    .text.MX_DMA_Init   dma.o
    0x080028ac   0x080028ac   0x00000086   Code   RO           26    .text.MX_GPIO_Init  gpio.o
    0x08002932   0x08002932   0x00000002   PAD
    0x08002934   0x08002934   0x00000052   Code   RO           44    .text.MX_SPI1_Init  spi.o
    0x08002986   0x08002986   0x00000002   PAD
    0x08002988   0x08002988   0x00000040   Code   RO           59    .text.MX_USART1_UART_Init  usart.o
    0x080029c8   0x080029c8   0x00000072   Code   RO          872    .text.MX_USB_DEVICE_Init  usb_device.o
    0x08002a3a   0x08002a3a   0x00000002   PAD
    0x08002a3c   0x08002a3c   0x00000002   Code   RO           80    .text.MemManage_Handler  stm32f1xx_it.o
    0x08002a3e   0x08002a3e   0x00000002   PAD
    0x08002a40   0x08002a40   0x00000002   Code   RO           76    .text.NMI_Handler   stm32f1xx_it.o
    0x08002a42   0x08002a42   0x00000002   PAD
    0x08002a44   0x08002a44   0x00000002   Code   RO           90    .text.PendSV_Handler  stm32f1xx_it.o
    0x08002a46   0x08002a46   0x00000002   PAD
    0x08002a48   0x08002a48   0x00000002   Code   RO           86    .text.SVC_Handler   stm32f1xx_it.o
    0x08002a4a   0x08002a4a   0x00000002   PAD
    0x08002a4c   0x08002a4c   0x00000004   Code   RO           92    .text.SysTick_Handler  stm32f1xx_it.o
    0x08002a50   0x08002a50   0x00000002   Code   RO          857    .text.SystemInit    system_stm32f1xx.o
    0x08002a52   0x08002a52   0x00000002   PAD
    0x08002a54   0x08002a54   0x0000000c   Code   RO          817    .text.UART_DMAAbortOnError  stm32f1xx_hal_uart.o
    0x08002a60   0x08002a60   0x000000fe   Code   RO          815    .text.UART_Receive_IT  stm32f1xx_hal_uart.o
    0x08002b5e   0x08002b5e   0x00000002   PAD
    0x08002b60   0x08002b60   0x0000000c   Code   RO          100    .text.USART1_IRQHandler  stm32f1xx_it.o
    0x08002b6c   0x08002b6c   0x00000050   Code   RO         1100    .text.USBD_CDC_DataIn  usbd_cdc.o
    0x08002bbc   0x08002bbc   0x00000030   Code   RO         1102    .text.USBD_CDC_DataOut  usbd_cdc.o
    0x08002bec   0x08002bec   0x00000042   Code   RO         1094    .text.USBD_CDC_DeInit  usbd_cdc.o
    0x08002c2e   0x08002c2e   0x00000002   PAD
    0x08002c30   0x08002c30   0x0000002c   Code   RO         1098    .text.USBD_CDC_EP0_RxReady  usbd_cdc.o
    0x08002c5c   0x08002c5c   0x00000010   Code   RO         1110    .text.USBD_CDC_GetDeviceQualifierDescriptor  usbd_cdc.o
    0x08002c6c   0x08002c6c   0x00000010   Code   RO         1106    .text.USBD_CDC_GetFSCfgDesc  usbd_cdc.o
    0x08002c7c   0x08002c7c   0x00000010   Code   RO         1104    .text.USBD_CDC_GetHSCfgDesc  usbd_cdc.o
    0x08002c8c   0x08002c8c   0x00000010   Code   RO         1108    .text.USBD_CDC_GetOtherSpeedCfgDesc  usbd_cdc.o
    0x08002c9c   0x08002c9c   0x00000082   Code   RO         1092    .text.USBD_CDC_Init  usbd_cdc.o
    0x08002d1e   0x08002d1e   0x00000002   PAD
    0x08002d20   0x08002d20   0x0000002c   Code   RO         1120    .text.USBD_CDC_ReceivePacket  usbd_cdc.o
    0x08002d4c   0x08002d4c   0x0000000e   Code   RO         1112    .text.USBD_CDC_RegisterInterface  usbd_cdc.o
    0x08002d5a   0x08002d5a   0x00000002   PAD
    0x08002d5c   0x08002d5c   0x0000000c   Code   RO         1116    .text.USBD_CDC_SetRxBuffer  usbd_cdc.o
    0x08002d68   0x08002d68   0x00000010   Code   RO         1114    .text.USBD_CDC_SetTxBuffer  usbd_cdc.o
    0x08002d78   0x08002d78   0x000000c6   Code   RO         1096    .text.USBD_CDC_Setup  usbd_cdc.o
    0x08002e3e   0x08002e3e   0x00000002   PAD
    0x08002e40   0x08002e40   0x0000003e   Code   RO         1118    .text.USBD_CDC_TransmitPacket  usbd_cdc.o
    0x08002e7e   0x08002e7e   0x00000002   PAD
    0x08002e80   0x08002e80   0x0000000e   Code   RO         1015    .text.USBD_ClrClassConfig  usbd_core.o
    0x08002e8e   0x08002e8e   0x00000002   PAD
    0x08002e90   0x08002e90   0x00000010   Code   RO         1076    .text.USBD_CtlContinueRx  usbd_ioreq.o
    0x08002ea0   0x08002ea0   0x00000010   Code   RO         1072    .text.USBD_CtlContinueSendData  usbd_ioreq.o
    0x08002eb0   0x08002eb0   0x00000016   Code   RO         1051    .text.USBD_CtlError  usbd_ctlreq.o
    0x08002ec6   0x08002ec6   0x00000002   PAD
    0x08002ec8   0x08002ec8   0x0000001a   Code   RO         1074    .text.USBD_CtlPrepareRx  usbd_ioreq.o
    0x08002ee2   0x08002ee2   0x00000002   PAD
    0x08002ee4   0x08002ee4   0x00000016   Code   RO         1080    .text.USBD_CtlReceiveStatus  usbd_ioreq.o
    0x08002efa   0x08002efa   0x00000002   PAD
    0x08002efc   0x08002efc   0x0000001a   Code   RO         1070    .text.USBD_CtlSendData  usbd_ioreq.o
    0x08002f16   0x08002f16   0x00000002   PAD
    0x08002f18   0x08002f18   0x00000016   Code   RO         1078    .text.USBD_CtlSendStatus  usbd_ioreq.o
    0x08002f2e   0x08002f2e   0x00000002   PAD
    0x08002f30   0x08002f30   0x00000024   Code   RO          891    .text.USBD_FS_ConfigStrDescriptor  usbd_desc.o
    0x08002f54   0x08002f54   0x0000000e   Code   RO          881    .text.USBD_FS_DeviceDescriptor  usbd_desc.o
    0x08002f62   0x08002f62   0x00000002   PAD
    0x08002f64   0x08002f64   0x00000028   Code   RO          893    .text.USBD_FS_InterfaceStrDescriptor  usbd_desc.o
    0x08002f8c   0x08002f8c   0x0000000e   Code   RO          883    .text.USBD_FS_LangIDStrDescriptor  usbd_desc.o
    0x08002f9a   0x08002f9a   0x00000002   PAD
    0x08002f9c   0x08002f9c   0x0000002c   Code   RO          885    .text.USBD_FS_ManufacturerStrDescriptor  usbd_desc.o
    0x08002fc8   0x08002fc8   0x00000030   Code   RO          887    .text.USBD_FS_ProductStrDescriptor  usbd_desc.o
    0x08002ff8   0x08002ff8   0x00000170   Code   RO          889    .text.USBD_FS_SerialStrDescriptor  usbd_desc.o
    0x08003168   0x08003168   0x000000d2   Code   RO         1059    .text.USBD_GetString  usbd_ctlreq.o
    0x0800323a   0x0800323a   0x00000002   PAD
    0x0800323c   0x0800323c   0x00000030   Code   RO         1001    .text.USBD_Init     usbd_core.o
    0x0800326c   0x0800326c   0x00000022   Code   RO          971    .text.USBD_LL_ClearStallEP  usbd_conf.o
    0x0800328e   0x0800328e   0x00000002   PAD
    0x08003290   0x08003290   0x00000022   Code   RO          965    .text.USBD_LL_CloseEP  usbd_conf.o
    0x080032b2   0x080032b2   0x00000002   PAD
    0x080032b4   0x080032b4   0x000000ca   Code   RO         1021    .text.USBD_LL_DataInStage  usbd_core.o
    0x0800337e   0x0800337e   0x00000002   PAD
    0x08003380   0x08003380   0x0000007c   Code   RO         1019    .text.USBD_LL_DataOutStage  usbd_core.o
    0x080033fc   0x080033fc   0x00000008   Code   RO          981    .text.USBD_LL_GetRxDataSize  usbd_conf.o
    0x08003404   0x08003404   0x00000086   Code   RO          955    .text.USBD_LL_Init  usbd_conf.o
    0x0800348a   0x0800348a   0x00000002   PAD
    0x0800348c   0x0800348c   0x0000002a   Code   RO          973    .text.USBD_LL_IsStallEP  usbd_conf.o
    0x080034b6   0x080034b6   0x00000002   PAD
    0x080034b8   0x080034b8   0x00000028   Code   RO          963    .text.USBD_LL_OpenEP  usbd_conf.o
    0x080034e0   0x080034e0   0x00000022   Code   RO          979    .text.USBD_LL_PrepareReceive  usbd_conf.o
    0x08003502   0x08003502   0x00000002   PAD
    0x08003504   0x08003504   0x00000054   Code   RO         1023    .text.USBD_LL_Reset  usbd_core.o
    0x08003558   0x08003558   0x00000014   Code   RO         1029    .text.USBD_LL_Resume  usbd_core.o
    0x0800356c   0x0800356c   0x0000001c   Code   RO         1031    .text.USBD_LL_SOF   usbd_core.o
    0x08003588   0x08003588   0x00000008   Code   RO         1025    .text.USBD_LL_SetSpeed  usbd_core.o
    0x08003590   0x08003590   0x00000022   Code   RO          975    .text.USBD_LL_SetUSBAddress  usbd_conf.o
    0x080035b2   0x080035b2   0x00000002   PAD
    0x080035b4   0x080035b4   0x0000005c   Code   RO         1017    .text.USBD_LL_SetupStage  usbd_core.o
    0x08003610   0x08003610   0x00000022   Code   RO          969    .text.USBD_LL_StallEP  usbd_conf.o
    0x08003632   0x08003632   0x00000002   PAD
    0x08003634   0x08003634   0x00000022   Code   RO          959    .text.USBD_LL_Start  usbd_conf.o
    0x08003656   0x08003656   0x00000002   PAD
    0x08003658   0x08003658   0x00000014   Code   RO         1027    .text.USBD_LL_Suspend  usbd_core.o
    0x0800366c   0x0800366c   0x00000022   Code   RO          977    .text.USBD_LL_Transmit  usbd_conf.o
    0x0800368e   0x0800368e   0x00000002   PAD
    0x08003690   0x08003690   0x00000016   Code   RO         1057    .text.USBD_ParseSetupRequest  usbd_ctlreq.o
    0x080036a6   0x080036a6   0x00000002   PAD
    0x080036a8   0x080036a8   0x0000000e   Code   RO         1005    .text.USBD_RegisterClass  usbd_core.o
    0x080036b6   0x080036b6   0x00000002   PAD
    0x080036b8   0x080036b8   0x0000001c   Code   RO         1013    .text.USBD_SetClassConfig  usbd_core.o
    0x080036d4   0x080036d4   0x0000000a   Code   RO         1007    .text.USBD_Start    usbd_core.o
    0x080036de   0x080036de   0x00000002   PAD
    0x080036e0   0x080036e0   0x000002e6   Code   RO         1049    .text.USBD_StdDevReq  usbd_ctlreq.o
    0x080039c6   0x080039c6   0x00000002   PAD
    0x080039c8   0x080039c8   0x00000130   Code   RO         1055    .text.USBD_StdEPReq  usbd_ctlreq.o
    0x08003af8   0x08003af8   0x0000005e   Code   RO         1053    .text.USBD_StdItfReq  usbd_ctlreq.o
    0x08003b56   0x08003b56   0x00000002   PAD
    0x08003b58   0x08003b58   0x00000002   Code   RO          987    .text.USBD_static_free  usbd_conf.o
    0x08003b5a   0x08003b5a   0x00000002   PAD
    0x08003b5c   0x08003b5c   0x0000000a   Code   RO          985    .text.USBD_static_malloc  usbd_conf.o
    0x08003b66   0x08003b66   0x00000002   PAD
    0x08003b68   0x08003b68   0x0000027a   Code   RO          238    .text.USB_ActivateEndpoint  stm32f1xx_ll_usb.o
    0x08003de2   0x08003de2   0x00000002   PAD
    0x08003de4   0x08003de4   0x00000004   Code   RO          224    .text.USB_CoreInit  stm32f1xx_ll_usb.o
    0x08003de8   0x08003de8   0x000000e2   Code   RO          240    .text.USB_DeactivateEndpoint  stm32f1xx_ll_usb.o
    0x08003eca   0x08003eca   0x00000002   PAD
    0x08003ecc   0x08003ecc   0x00000004   Code   RO          256    .text.USB_DevConnect  stm32f1xx_ll_usb.o
    0x08003ed0   0x08003ed0   0x00000004   Code   RO          258    .text.USB_DevDisconnect  stm32f1xx_ll_usb.o
    0x08003ed4   0x08003ed4   0x0000001a   Code   RO          232    .text.USB_DevInit   stm32f1xx_ll_usb.o
    0x08003eee   0x08003eee   0x00000002   PAD
    0x08003ef0   0x08003ef0   0x00000014   Code   RO          228    .text.USB_DisableGlobalInt  stm32f1xx_ll_usb.o
    0x08003f04   0x08003f04   0x00000004   Code   RO          272    .text.USB_EP0_OutStart  stm32f1xx_ll_usb.o
    0x08003f08   0x08003f08   0x0000007c   Code   RO          248    .text.USB_EPClearStall  stm32f1xx_ll_usb.o
    0x08003f84   0x08003f84   0x00000032   Code   RO          246    .text.USB_EPSetStall  stm32f1xx_ll_usb.o
    0x08003fb6   0x08003fb6   0x00000002   PAD
    0x08003fb8   0x08003fb8   0x00000836   Code   RO          242    .text.USB_EPStartXfer  stm32f1xx_ll_usb.o
    0x080047ee   0x080047ee   0x00000002   PAD
    0x080047f0   0x080047f0   0x00000012   Code   RO          226    .text.USB_EnableGlobalInt  stm32f1xx_ll_usb.o
    0x08004802   0x08004802   0x00000002   PAD
    0x08004804   0x08004804   0x0000000c   Code   RO           98    .text.USB_LP_CAN1_RX0_IRQHandler  stm32f1xx_it.o
    0x08004810   0x08004810   0x00000006   Code   RO          260    .text.USB_ReadInterrupts  stm32f1xx_ll_usb.o
    0x08004816   0x08004816   0x00000002   PAD
    0x08004818   0x08004818   0x000000b4   Code   RO          278    .text.USB_ReadPMA   stm32f1xx_ll_usb.o
    0x080048cc   0x080048cc   0x00000004   Code   RO          230    .text.USB_SetCurrentMode  stm32f1xx_ll_usb.o
    0x080048d0   0x080048d0   0x0000000e   Code   RO          254    .text.USB_SetDevAddress  stm32f1xx_ll_usb.o
    0x080048de   0x080048de   0x00000002   PAD
    0x080048e0   0x080048e0   0x0000009a   Code   RO          244    .text.USB_WritePMA  stm32f1xx_ll_usb.o
    0x0800497a   0x0800497a   0x00000002   PAD
    0x0800497c   0x0800497c   0x00000002   Code   RO           84    .text.UsageFault_Handler  stm32f1xx_it.o
    0x0800497e   0x0800497e   0x00000002   PAD
    0x08004980   0x08004980   0x000000b4   Code   RO           11    .text.main          main.o
    0x08004a34   0x08004a34   0x0000000e   Code   RO         1155    i.__scatterload_copy  mc_w.l(handlers.o)
    0x08004a42   0x08004a42   0x00000002   Code   RO         1156    i.__scatterload_null  mc_w.l(handlers.o)
    0x08004a44   0x08004a44   0x0000000e   Code   RO         1157    i.__scatterload_zeroinit  mc_w.l(handlers.o)
    0x08004a52   0x08004a52   0x00000010   Data   RO          862    .rodata.AHBPrescTable  system_stm32f1xx.o
    0x08004a62   0x08004a62   0x00000008   Data   RO          863    .rodata.APBPrescTable  system_stm32f1xx.o
    0x08004a6a   0x08004a6a   0x00000002   Data   RO          377    .rodata.HAL_RCC_GetSysClockFreq.aPredivFactorTable  stm32f1xx_hal_rcc.o
    0x08004a6c   0x08004a6c   0x00000010   Data   RO          376    .rodata.cst16       stm32f1xx_hal_rcc.o
    0x08004a7c   0x08004a7c   0x00000020   Data   RO         1154    Region$$Table       anon$$obj.o


    Execution Region RW_IRAM1 (Exec base: 0x20000000, Load base: 0x08004aa0, Size: 0x00001870, Max: 0x00005000, ABSOLUTE, COMPRESSED[0x000000c0])

    Exec Addr    Load Addr    Size         Type   Attr      Idx    E Section Name        Object

    0x20000000   COMPRESSED   0x00000008   Data   RW          339    .data..L_MergedGlobals  stm32f1xx_hal.o
    0x20000008   COMPRESSED   0x0000001c   Data   RW          895    .data.FS_Desc       usbd_desc.o
    0x20000024   COMPRESSED   0x00000004   Data   RW          861    .data.SystemCoreClock  system_stm32f1xx.o
    0x20000028   COMPRESSED   0x00000038   Data   RW         1122    .data.USBD_CDC      usbd_cdc.o
    0x20000060   COMPRESSED   0x00000043   Data   RW         1124    .data.USBD_CDC_CfgFSDesc  usbd_cdc.o
    0x200000a3   COMPRESSED   0x00000001   PAD
    0x200000a4   COMPRESSED   0x00000043   Data   RW         1123    .data.USBD_CDC_CfgHSDesc  usbd_cdc.o
    0x200000e7   COMPRESSED   0x00000001   PAD
    0x200000e8   COMPRESSED   0x0000000a   Data   RW         1126    .data.USBD_CDC_DeviceQualifierDesc  usbd_cdc.o
    0x200000f2   COMPRESSED   0x00000002   PAD
    0x200000f4   COMPRESSED   0x00000043   Data   RW         1125    .data.USBD_CDC_OtherSpeedCfgDesc  usbd_cdc.o
    0x20000137   COMPRESSED   0x00000001   PAD
    0x20000138   COMPRESSED   0x00000012   Data   RW          896    .data.USBD_FS_DeviceDesc  usbd_desc.o
    0x2000014a   COMPRESSED   0x00000002   PAD
    0x2000014c   COMPRESSED   0x00000010   Data   RW          918    .data.USBD_Interface_fops_FS  usbd_cdc_if.o
    0x2000015c   COMPRESSED   0x00000004   Data   RW          897    .data.USBD_LangIDDesc  usbd_desc.o
    0x20000160   COMPRESSED   0x0000001a   Data   RW          898    .data.USBD_StringSerial  usbd_desc.o
    0x2000017a   COMPRESSED   0x00000006   PAD
    0x20000180        -       0x00000001   Zero   RW         1061    .bss.USBD_SetConfig.cfgidx  usbd_ctlreq.o
    0x20000181   COMPRESSED   0x00000003   PAD
    0x20000184        -       0x00000200   Zero   RW          899    .bss.USBD_StrDesc   usbd_desc.o
    0x20000384        -       0x00000220   Zero   RW          992    .bss.USBD_static_malloc.mem  usbd_conf.o
    0x200005a4        -       0x00000400   Zero   RW          919    .bss.UserRxBufferFS  usbd_cdc_if.o
    0x200009a4        -       0x00000400   Zero   RW          920    .bss.UserTxBufferFS  usbd_cdc_if.o
    0x20000da4        -       0x000002c4   Zero   RW          874    .bss.hUsbDeviceFS   usb_device.o
    0x20001068        -       0x00000044   Zero   RW           66    .bss.hdma_usart1_rx  usart.o
    0x200010ac        -       0x00000044   Zero   RW           67    .bss.hdma_usart1_tx  usart.o
    0x200010f0        -       0x000002d8   Zero   RW          991    .bss.hpcd_USB_FS    usbd_conf.o
    0x200013c8        -       0x00000058   Zero   RW           50    .bss.hspi1          spi.o
    0x20001420        -       0x00000048   Zero   RW           65    .bss.huart1         usart.o
    0x20001468        -       0x00000004   Zero   RW          338    .bss.uwTick         stm32f1xx_hal.o
    0x2000146c   COMPRESSED   0x00000004   PAD
    0x20001470        -       0x00000400   Zero   RW            1    STACK               startup_stm32f103xb.o


==============================================================================

Image component sizes


      Code (inc. data)   RO Data    RW Data    ZI Data      Debug   Object Name

        68          0          0          0          0       2160   dma.o
       134          0          0          0          0       1522   gpio.o
       190          8          0          0          0       3413   main.o
       204          0          0          0         88       4278   spi.o
        36          8        236          0       1024        768   startup_stm32f103xb.o
       188          0          0          8          4       5735   stm32f1xx_hal.o
       196          0          0          0          0       8389   stm32f1xx_hal_cortex.o
       800          0          0          0          0       8256   stm32f1xx_hal_dma.o
       536         22          0          0          0       4663   stm32f1xx_hal_gpio.o
        66          0          0          0          0       1184   stm32f1xx_hal_msp.o
      3534          0          0          0          0      16839   stm32f1xx_hal_pcd.o
        76          0          0          0          0       4136   stm32f1xx_hal_pcd_ex.o
      1542          0         18          0          0       7923   stm32f1xx_hal_rcc.o
       258          0          0          0          0       3613   stm32f1xx_hal_rcc_ex.o
       168          0          0          0          0      23651   stm32f1xx_hal_spi.o
      1926          0          0          0          0      32595   stm32f1xx_hal_uart.o
        68          0          0          0          0       6132   stm32f1xx_it.o
      3574          6          0          0          0      22174   stm32f1xx_ll_usb.o
         2          0         24          4          0       1573   system_stm32f1xx.o
       332          0          0          0        208       5882   usart.o
       114          0          0          0        708       2902   usb_device.o
       778          0          0        267          0      10128   usbd_cdc.o
       178          0          0         16       2048       4807   usbd_cdc_if.o
       690          0          0          0       1272      16141   usbd_conf.o
       692          0          0          0          0       7863   usbd_core.o
      1394         38          0          0          1       9003   usbd_ctlreq.o
       564         72          0         76        512       4129   usbd_desc.o
       128          0          0          0          0       4402   usbd_ioreq.o

    ----------------------------------------------------------------------
     18604        154        310        380       5876     224261   Object Totals
         0          0         32          0          0          0   (incl. Generated)
       168          0          0          9         11          0   (incl. Padding)

    ----------------------------------------------------------------------

      Code (inc. data)   RO Data    RW Data    ZI Data      Debug   Library Member Name

        86          0          0          0          0          0   __dczerorl2.o
         0          0          0          0          0          0   entry.o
         0          0          0          0          0          0   entry10a.o
         0          0          0          0          0          0   entry11a.o
         8          4          0          0          0          0   entry2.o
         4          0          0          0          0          0   entry5.o
         0          0          0          0          0          0   entry7b.o
         0          0          0          0          0          0   entry8b.o
         8          4          0          0          0          0   entry9a.o
        30          0          0          0          0          0   handlers.o
        48         10          0          0          0         68   init.o

    ----------------------------------------------------------------------
       186         18          0          0          0         68   Library Totals
         2          0          0          0          0          0   (incl. Padding)

    ----------------------------------------------------------------------

      Code (inc. data)   RO Data    RW Data    ZI Data      Debug   Library Name

       184         18          0          0          0         68   mc_w.l

    ----------------------------------------------------------------------
       186         18          0          0          0         68   Library Totals

    ----------------------------------------------------------------------

==============================================================================


      Code (inc. data)   RO Data    RW Data    ZI Data      Debug   

     18790        172        310        380       5876     224041   Grand Totals
     18790        172        310        192       5876     224041   ELF Image Totals (compressed)
     18790        172        310        192          0          0   ROM Totals

==============================================================================

    Total RO  Size (Code + RO Data)                19100 (  18.65kB)
    Total RW  Size (RW Data + ZI Data)              6256 (   6.11kB)
    Total ROM Size (Code + RO Data + RW Data)      19292 (  18.84kB)

==============================================================================

