<html>
<body>
<pre>
<h1>µVision Build Log</h1>
<h2>Tool Versions:</h2>
IDE-Version: ¦ÌVision V5.18.0.0
Copyright (C) 2016 ARM Ltd and ARM Germany GmbH. All rights reserved.
License Information: 1 1, 1, LIC=65ISZ-J1JW0-HL8CL-0G6WC-UYXSM-SWV9Z
 
Tool Versions:
Toolchain:       MDK-ARM Standard  Version: 5.18
Toolchain Path:  D:\Keil_v5\ARM\ARMCC\Bin
C Compiler:      Armcc.exe V5.06 update 1 (build 61)
Assembler:       Armasm.exe V5.06 update 1 (build 61)
Linker/Locator:  ArmLink.exe V5.06 update 1 (build 61)
Library Manager: ArmAr.exe V5.06 update 1 (build 61)
Hex Converter:   FromElf.exe V5.06 update 1 (build 61)
CPU DLL:         SARMCM3.DLL V5.18
Dialog DLL:      DARMSTM.DLL V1.65.0.0
Target DLL:      Segger\JL2CM3.dll V2.99.18.0
Dialog DLL:      TARMSTM.DLL V1.64.0.0
 
<h2>Project:</h2>
D:\LGY\ÐéÄâ´®¿ÚÆÁÄ»×ÊÁÏ\STM32\STM32F103_CDC_2_USB_OK_PIC_OK_2\USER\USB_VIRTUAL_COM.uvprojx
Project File Date:  11/15/2024

<h2>Output:</h2>
*** Using Compiler 'V5.06 update 1 (build 61)', folder: 'D:\Keil_v5\ARM\ARMCC\Bin'
Rebuild target 'USB_VIRTURAL_COM'
assembling startup_stm32f10x_hd.s...
compiling stm32f10x_it.c...
compiling led.c...
compiling key.c...
compiling system_stm32f10x.c...
compiling core_cm3.c...
compiling usart.c...
compiling lcd_init.c...
..\HARDWARE\LCD\lcd_init.h(50): warning:  #1-D: last line of file ends without a newline
  #endif
..\HARDWARE\LCD\lcd_init.c: 1 warning, 0 errors
compiling delay.c...
compiling lcd.c...
..\HARDWARE\LCD\lcd_init.h(50): warning:  #1-D: last line of file ends without a newline
  #endif
..\HARDWARE\LCD\lcd.c(505): warning:  #177-D: variable "i" was declared but never referenced
  		u8 i,j;
..\HARDWARE\LCD\lcd.c(505): warning:  #177-D: variable "j" was declared but never referenced
  		u8 i,j;
..\HARDWARE\LCD\lcd.c: 3 warnings, 0 errors
compiling misc.c...
compiling stm32f10x_gpio.c...
compiling main.c...
..\HARDWARE\LCD\lcd_init.h(50): warning:  #1-D: last line of file ends without a newline
  #endif
main.c(25): warning:  #177-D: variable "tt" was declared but never referenced
   	float tt=0;
main.c(26): warning:  #177-D: variable "j" was declared but never referenced
  	u16 j;
main.c(27): warning:  #177-D: variable "new_y" was declared but never referenced
  	u8 new_y,k=5;
main.c(27): warning:  #177-D: variable "k" was declared but never referenced
  	u8 new_y,k=5;
main.c(29): warning:  #177-D: variable "times" was declared but never referenced
  	u16 times=0;   
main.c: 6 warnings, 0 errors
compiling stm32f10x_rcc.c...
compiling stm32f10x_usart.c...
compiling stm32f10x_exti.c...
compiling sys.c...
compiling usb_core.c...
compiling usb_init.c...
compiling usb_int.c...
compiling usb_mem.c...
compiling usb_sil.c...
compiling hw_config.c...
compiling usb_regs.c...
compiling usb_desc.c...
compiling usb_istr.c...
compiling usb_endp.c...
..\USB\CONFIG\usb_endp.c(99): warning:  #550-D: variable "USB_Rx_Cnt" was set but never used
  	u16 USB_Rx_Cnt,i; 
..\USB\CONFIG\usb_endp.c: 1 warning, 0 errors
compiling usb_pwr.c...
compiling usb_prop.c...
linking...
Program Size: Code=22940 RO-data=9816 RW-data=348 ZI-data=8748  
FromELF: creating hex file...
"..\OBJ\USB_VIRTURAL_COM.axf" - 0 Error(s), 11 Warning(s).

<h2>Collection of Component include folders:</h2>
  D:\LGY\ÐéÄâ´®¿ÚÆÁÄ»×ÊÁÏ\STM32\STM32F103_CDC_2_USB_OK_PIC_OK_2\USER\RTE
  D:\Keil_v5\ARM\PACK\Keil\STM32F1xx_DFP\1.0.5\Device\Include

<h2>Collection of Component Files used:</h2>
Build Time Elapsed:  00:00:10
</pre>
</body>
</html>
