<html>
<body>
<pre>
<h1>µVision Build Log</h1>
<h2>Tool Versions:</h2>
IDE-Version: ¦ÌVision V5.40.0.0
Copyright (C) 2024 ARM Ltd and ARM Germany GmbH. All rights reserved.
License Information: ERHGDSFH 8618822864327, SDFHSFGH, LIC=MPPLD-8N5RN-Y8RFK-ZYZEJ-ZGP9Q-YJ70L
 
Tool Versions:
Toolchain:       MDK-ARM Plus  Version: 5.40.0.3
Toolchain Path:  D:\Arm\Keil_v5\ARM\ARMCC\Bin
C Compiler:      Armcc.exe V5.06 update 6 (build 750)
Assembler:       Armasm.exe V5.06 update 6 (build 750)
Linker/Locator:  ArmLink.exe V5.06 update 6 (build 750)
Library Manager: ArmAr.exe V5.06 update 6 (build 750)
Hex Converter:   FromElf.exe V5.06 update 6 (build 750)
CPU DLL:         SARMCM3.DLL V5.40.0.3
Dialog DLL:      DCM.DLL V1.17.5.0
Target DLL:      Segger\JL2CM3.dll V2.99.44.0
Dialog DLL:      TCM.DLL V1.56.4.0
 
<h2>Project:</h2>
D:\project\STM32F103_CDC_2_USB_OK_PIC_OK_2(1)\USER\USB_VIRTUAL_COM.uvprojx
Project File Date:  12/17/2024

<h2>Output:</h2>
*** Using Compiler 'V5.06 update 6 (build 750)', folder: 'D:\Arm\Keil_v5\ARM\ARMCC\Bin'
Rebuild target 'USB_VIRTURAL_COM'
compiling system_stm32f10x.c...
compiling lcd.c...
..\HARDWARE\LCD\lcd_init.h(71): warning:  #1-D: last line of file ends without a newline
  #endif
..\HARDWARE\LCD\lcd.c: 1 warning, 0 errors
compiling delay.c...
compiling led.c...
compiling lcd_init.c...
..\HARDWARE\LCD\lcd_init.h(71): warning:  #1-D: last line of file ends without a newline
  #endif
..\HARDWARE\LCD\lcd_init.c: 1 warning, 0 errors
compiling stm32f10x_it.c...
compiling stm32f10x_dma.c...
compiling key.c...
compiling main.c...
dma.h(10): warning:  #1-D: last line of file ends without a newline
  //#endif
..\HARDWARE\LCD\lcd_init.h(71): warning:  #1-D: last line of file ends without a newline
  #endif
main.c: 2 warnings, 0 errors
assembling startup_stm32f10x_hd.s...
compiling misc.c...
compiling usart.c...
..\USER\dma.h(10): warning:  #1-D: last line of file ends without a newline
  //#endif
..\SYSTEM\usart\usart.c(132): warning:  #177-D: variable "dma_priority"  was declared but never referenced
      uint32_t dma_priority = DMA_Priority_Low;
..\SYSTEM\usart\usart.c(288): warning:  #1-D: last line of file ends without a newline
  }
..\SYSTEM\usart\usart.c(85): warning:  #177-D: variable "rx_buffer"  was declared but never referenced
  static uint8_t 	rx_buffer[RX_BUFFER_LEN];
..\SYSTEM\usart\usart.c: 4 warnings, 0 errors
compiling stm32f10x_usart.c...
compiling stm32f10x_gpio.c...
compiling stm32f10x_exti.c...
compiling stm32f10x_rcc.c...
compiling usb_core.c...
compiling core_cm3.c...
compiling sys.c...
compiling usb_init.c...
compiling usb_int.c...
compiling usb_mem.c...
compiling usb_sil.c...
compiling hw_config.c...
compiling usb_regs.c...
compiling usb_desc.c...
compiling usb_endp.c...
compiling circular_queue.c...
..\Common\circular_queue.h(40): warning:  #1-D: last line of file ends without a newline
  #endif
..\Common\circular_queue.c: 1 warning, 0 errors
compiling usb_istr.c...
compiling usb_prop.c...
compiling usb_pwr.c...
compiling Protocol.c...
..\Common\Protocol.h(36): warning:  #1295-D: Deprecated declaration Protocol_init - give arg types
  void Protocol_init();
..\Common\Protocol.h(45): warning:  #1295-D: Deprecated declaration Protocol_task - give arg types
  void Protocol_task();
..\Common\Protocol.h(50): warning:  #1-D: last line of file ends without a newline
  #endif
..\Common\circular_queue.h(40): warning:  #1-D: last line of file ends without a newline
  #endif
..\Common\Protocol.c: 4 warnings, 0 errors
linking...
Program Size: Code=22184 RO-data=9688 RW-data=360 ZI-data=8544  
FromELF: creating hex file...
After Build - User command #1: .\keil5_disp_size_bar.exe
ram:
  RW_IRAM1 :0x20000000
   20.00 KB :|¡ö¡ö¡ö¡ö¡ö¡ö¡ö¡ö____________|   43.48 % (    8.70 KB /    20.00 KB) [11576 B]
flash:
  ER_IROM1 :0x8000000
   64.00 KB :|¡ö¡ö¡ö¡ö¡ö¡ö¡ö¡ö¡ö___________|   48.63 % (   31.13 KB /    64.00 KB) [33664 B]
"..\OBJ\USB_VIRTURAL_COM.axf" - 0 Error(s), 13 Warning(s).

<h2>Software Packages used:</h2>

Package Vendor: Keil
                https://www.keil.com/pack/Keil.STM32F1xx_DFP.2.4.1.pack
                Keil::STM32F1xx_DFP@2.4.1
                STMicroelectronics STM32F1 Series Device Support, Drivers and Examples

<h2>Collection of Component include folders:</h2>
  D:/Arm/Packs/Keil/STM32F1xx_DFP/2.4.1/Device/Include

<h2>Collection of Component Files used:</h2>
Build Time Elapsed:  00:00:05
</pre>
</body>
</html>
