<html>
<body>
<pre>
<h1>µVision Build Log</h1>
<h2>Tool Versions:</h2>
IDE-Version: ¦ÌVision V5.38.0.0
Copyright (C) 2022 ARM Ltd and ARM Germany GmbH. All rights reserved.
License Information: zghsdth lenovo, jfgjfgh, LIC=8VRJ7-EB8TV-MMZ9I-TM04J-3VTY5-1B1TX
 
Tool Versions:
Toolchain:       MDK-ARM Plus  Version: 5.40.0.3
Toolchain Path:  D:\development\Keil_v5\ARM\ARMCC\Bin
C Compiler:      Armcc.exe V5.06 update 6 (build 750)
Assembler:       Armasm.exe V5.06 update 6 (build 750)
Linker/Locator:  ArmLink.exe V5.06 update 6 (build 750)
Library Manager: ArmAr.exe V5.06 update 6 (build 750)
Hex Converter:   FromElf.exe V5.06 update 6 (build 750)
CPU DLL:         SARMCM3.DLL V5.40.0.3
Dialog DLL:      DCM.DLL V1.17.5.0
Target DLL:      Segger\JL2CM3.dll V2.99.44.0
Dialog DLL:      TCM.DLL V1.56.4.0
 
<h2>Project:</h2>
D:\project\STM32F103C8\stm32f103\STM32F103_CDC_2_USB_OK_PIC_OK_2\USER\USB_VIRTUAL_COM.uvprojx
Project File Date:  12/21/2024

<h2>Output:</h2>
*** Using Compiler 'V5.06 update 6 (build 750)', folder: 'D:\development\Keil_v5\ARM\ARMCC\Bin'
Rebuild target 'USB_VIRTURAL_COM'
compiling system_stm32f10x.c...
compiling main.c...
..\HARDWARE\LCD\lcd_init.h(74): warning:  #1-D: last line of file ends without a newline
  #endif
main.c(25): warning:  #177-D: variable "tt"  was declared but never referenced
   	float tt=0;
main.c(26): warning:  #177-D: variable "j"  was declared but never referenced
  	u16 j;
main.c(27): warning:  #177-D: variable "new_y"  was declared but never referenced
  	u8 new_y,k=5;
main.c(27): warning:  #177-D: variable "k"  was declared but never referenced
  	u8 new_y,k=5;
main.c(29): warning:  #177-D: variable "times"  was declared but never referenced
  	u16 times=0;   
main.c: 6 warnings, 0 errors
compiling sys.c...
assembling startup_stm32f10x_hd.s...
compiling usb_istr.c...
compiling lcd_init.c...
..\HARDWARE\LCD\lcd_init.h(74): warning:  #1-D: last line of file ends without a newline
  #endif
..\HARDWARE\LCD\lcd_init.c: 1 warning, 0 errors
compiling usb_endp.c...
..\USB\CONFIG\usb_endp.c(99): warning:  #550-D: variable "USB_Rx_Cnt"  was set but never used
  	u16 USB_Rx_Cnt,i; 
..\USB\CONFIG\usb_endp.c: 1 warning, 0 errors
compiling stm32f10x_gpio.c...
compiling core_cm3.c...
compiling usart.c...
compiling delay.c...
compiling usb_pwr.c...
compiling led.c...
compiling stm32f10x_it.c...
compiling stm32f10x_exti.c...
compiling stm32f10x_usart.c...
compiling misc.c...
compiling usb_desc.c...
compiling usb_prop.c...
compiling key.c...
compiling usb_int.c...
compiling usb_init.c...
compiling usb_mem.c...
compiling stm32f10x_rcc.c...
compiling usb_sil.c...
compiling usb_regs.c...
compiling lcd.c...
..\HARDWARE\LCD\lcd_init.h(74): warning:  #1-D: last line of file ends without a newline
  #endif
..\HARDWARE\LCD\lcd.c(505): warning:  #177-D: variable "i"  was declared but never referenced
  		u8 i,j;
..\HARDWARE\LCD\lcd.c(505): warning:  #177-D: variable "j"  was declared but never referenced
  		u8 i,j;
..\HARDWARE\LCD\lcd.c: 3 warnings, 0 errors
compiling hw_config.c...
compiling usb_core.c...
linking...
Program Size: Code=23008 RO-data=9816 RW-data=348 ZI-data=8748  
FromELF: creating hex file...
"..\OBJ\USB_VIRTURAL_COM.axf" - 0 Error(s), 11 Warning(s).

<h2>Software Packages used:</h2>

Package Vendor: Keil
                https://www.keil.com/pack/Keil.STM32F1xx_DFP.2.4.1.pack
                Keil.STM32F1xx_DFP.2.4.1
                STMicroelectronics STM32F1 Series Device Support, Drivers and Examples

<h2>Collection of Component include folders:</h2>
  D:/development/Keil_v5/ARM/Packs/Keil/STM32F1xx_DFP/2.4.1/Device/Include

<h2>Collection of Component Files used:</h2>
Build Time Elapsed:  00:00:02
</pre>
</body>
</html>
