Component: ARM Compiler 5.06 update 6 (build 750) Tool: armlink [4d35ed]

==============================================================================

Section Cross References

    main.o(.text) refers to lcd.o(.text) for LCD_ShowString
    main.o(.text) refers to delay.o(.text) for delay_init
    main.o(.text) refers to misc.o(.text) for NVIC_PriorityGroupConfig
    main.o(.text) refers to usart.o(.text) for uart_init
    main.o(.text) refers to led.o(.text) for LED_Init
    main.o(.text) refers to hw_config.o(.text) for USB_Port_Set
    main.o(.text) refers to usb_init.o(.text) for USB_Init
    main.o(.text) refers to lcd_init.o(.text) for LCD_Init
    main.o(.text) refers to stm32f10x_gpio.o(.text) for GPIO_SetBits
    main.o(.text) refers to usb_pwr.o(.data) for bDeviceState
    main.o(.text) refers to lcd.o(.data) for rece_data_OK
    system_stm32f10x.o(.text) refers to system_stm32f10x.o(.data) for .data
    led.o(.text) refers to stm32f10x_rcc.o(.text) for RCC_APB2PeriphClockCmd
    led.o(.text) refers to stm32f10x_gpio.o(.text) for GPIO_Init
    key.o(.text) refers to stm32f10x_rcc.o(.text) for RCC_APB2PeriphClockCmd
    key.o(.text) refers to stm32f10x_gpio.o(.text) for GPIO_Init
    key.o(.text) refers to delay.o(.text) for delay_ms
    key.o(.text) refers to key.o(.data) for .data
    lcd.o(.text) refers to lcd_init.o(.text) for TFT_SetWindows
    lcd.o(.text) refers to fmul.o(x$fpl$fmul) for __aeabi_fmul
    lcd.o(.text) refers to ffixu.o(x$fpl$ffixu) for __aeabi_f2uiz
    lcd.o(.text) refers to lcd.o(.constdata) for .constdata
    lcd.o(.text) refers to lcd.o(.data) for .data
    lcd.o(.text) refers to lcd.o(.bss) for .bss
    lcd_init.o(.text) refers to stm32f10x_rcc.o(.text) for RCC_APB2PeriphClockCmd
    lcd_init.o(.text) refers to stm32f10x_gpio.o(.text) for GPIO_Init
    lcd_init.o(.text) refers to delay.o(.text) for delay_ms
    delay.o(.text) refers to misc.o(.text) for SysTick_CLKSourceConfig
    delay.o(.text) refers to system_stm32f10x.o(.data) for SystemCoreClock
    delay.o(.text) refers to delay.o(.data) for .data
    usart.o(.text) refers (Special) to use_no_semi_2.o(.text) for __use_no_semihosting
    usart.o(.text) refers to stm32f10x_rcc.o(.text) for RCC_AHBPeriphClockCmd
    usart.o(.text) refers to stm32f10x_dma.o(.text) for DMA_DeInit
    usart.o(.text) refers to stm32f10x_gpio.o(.text) for GPIO_Init
    usart.o(.text) refers to misc.o(.text) for NVIC_Init
    usart.o(.text) refers to stm32f10x_usart.o(.text) for USART_Init
    usart.o(.text) refers to usart.o(.data) for .data
    usart.o(.text) refers to lcd.o(.bss) for lcd_buff
    usart.o(.bss) refers (Special) to use_no_semi_2.o(.text) for __use_no_semihosting
    usart.o(.data) refers (Special) to use_no_semi_2.o(.text) for __use_no_semihosting
    usart.o(.data) refers (Special) to use_no_semi_2.o(.text) for __use_no_semihosting
    usart.o(.data) refers (Special) to use_no_semi_2.o(.text) for __use_no_semihosting
    startup_stm32f10x_hd.o(STACK) refers (Special) to heapauxi.o(.text) for __use_two_region_memory
    startup_stm32f10x_hd.o(HEAP) refers (Special) to heapauxi.o(.text) for __use_two_region_memory
    startup_stm32f10x_hd.o(RESET) refers (Special) to heapauxi.o(.text) for __use_two_region_memory
    startup_stm32f10x_hd.o(RESET) refers to startup_stm32f10x_hd.o(STACK) for __initial_sp
    startup_stm32f10x_hd.o(RESET) refers to startup_stm32f10x_hd.o(.text) for Reset_Handler
    startup_stm32f10x_hd.o(RESET) refers to stm32f10x_it.o(.text) for NMI_Handler
    startup_stm32f10x_hd.o(RESET) refers to hw_config.o(.text) for USB_LP_CAN1_RX0_IRQHandler
    startup_stm32f10x_hd.o(RESET) refers to usart.o(.text) for USART1_IRQHandler
    startup_stm32f10x_hd.o(.text) refers (Special) to heapauxi.o(.text) for __use_two_region_memory
    startup_stm32f10x_hd.o(.text) refers to system_stm32f10x.o(.text) for SystemInit
    startup_stm32f10x_hd.o(.text) refers to __main.o(!!!main) for __main
    startup_stm32f10x_hd.o(.text) refers to startup_stm32f10x_hd.o(HEAP) for Heap_Mem
    startup_stm32f10x_hd.o(.text) refers to startup_stm32f10x_hd.o(STACK) for Stack_Mem
    stm32f10x_gpio.o(.text) refers to stm32f10x_rcc.o(.text) for RCC_APB2PeriphResetCmd
    stm32f10x_rcc.o(.text) refers to stm32f10x_rcc.o(.data) for .data
    stm32f10x_usart.o(.text) refers to stm32f10x_rcc.o(.text) for RCC_APB2PeriphResetCmd
    usb_core.o(.text) refers to usb_regs.o(.text) for ClearDTOG_TX
    usb_core.o(.text) refers to usb_mem.o(.text) for PMAToUserBufferCopy
    usb_core.o(.text) refers to usb_init.o(.data) for pInformation
    usb_core.o(.text) refers to usb_prop.o(.data) for Device_Table
    usb_core.o(.text) refers to usb_core.o(.data) for .data
    usb_core.o(.text) refers to usb_prop.o(.data) for Device_Property
    usb_core.o(.text) refers to usb_int.o(.data) for SaveTState
    usb_init.o(.text) refers to usb_init.o(.bss) for .bss
    usb_init.o(.text) refers to usb_init.o(.data) for .data
[...]
    .bss                                     0x200003e8   Section       28  usb_init.o(.bss)
    .bss                                     0x20000404   Section     6148  hw_config.o(.bss)
    .bss                                     0x20001c08   Section       64  usb_endp.o(.bss)
    .bss                                     0x20001c48   Section       32  usb_pwr.o(.bss)
    .bss                                     0x20001c68   Section       96  libspace.o(.bss)
    HEAP                                     0x20001cc8   Section      512  startup_stm32f10x_hd.o(HEAP)
    Heap_Mem                                 0x20001cc8   Data         512  startup_stm32f10x_hd.o(HEAP)
    STACK                                    0x20001ec8   Section     1024  startup_stm32f10x_hd.o(STACK)
    Stack_Mem                                0x20001ec8   Data        1024  startup_stm32f10x_hd.o(STACK)
    __initial_sp                             0x200022c8   Data           0  startup_stm32f10x_hd.o(STACK)

    Global Symbols

    Symbol Name                              Value     Ov Type        Size  Object(Section)

    BuildAttributes$$THM_ISAv4$P$D$K$B$S$PE$A:L22UL41UL21$X:L11$S22US41US21$IEEE1$IW$USESV6$~STKCKD$USESV7$~SHL$OTIME$ROPI$IEEEJ$EBA8$UX$STANDARDLIB$REQ8$PRES8$EABIv2 0x00000000   Number         0  anon$$obj.o ABSOLUTE
    __ARM_use_no_argv                        0x00000000   Number         0  main.o ABSOLUTE
    _printf_flags                            0x00000000   Number         0  printf_stubs.o ABSOLUTE
    _printf_return_value                     0x00000000   Number         0  printf_stubs.o ABSOLUTE
    _printf_sizespec                         0x00000000   Number         0  printf_stubs.o ABSOLUTE
    _printf_widthprec                        0x00000000   Number         0  printf_stubs.o ABSOLUTE
    __ARM_exceptions_init                     - Undefined Weak Reference
    __alloca_initialize                       - Undefined Weak Reference
    __arm_preinit_                            - Undefined Weak Reference
    __cpp_initialize__aeabi_                  - Undefined Weak Reference
    __cxa_finalize                            - Undefined Weak Reference
    __sigvec_lookup                           - Undefined Weak Reference
    _atexit_init                              - Undefined Weak Reference
    _call_atexit_fns                          - Undefined Weak Reference
    _clock_init                               - Undefined Weak Reference
    _fp_trap_init                             - Undefined Weak Reference
    _fp_trap_shutdown                         - Undefined Weak Reference
    _get_lc_collate                           - Undefined Weak Reference
    _get_lc_monetary                          - Undefined Weak Reference
    _get_lc_time                              - Undefined Weak Reference
    _getenv_init                              - Undefined Weak Reference
    _handle_redirection                       - Undefined Weak Reference
    _init_alloc                               - Undefined Weak Reference
    _init_user_alloc                          - Undefined Weak Reference
    _initio                                   - Undefined Weak Reference
    _mutex_acquire                            - Undefined Weak Reference
    _mutex_release                            - Undefined Weak Reference
    _printf_mbtowc                            - Undefined Weak Reference
    _printf_wc                                - Undefined Weak Reference
    _rand_init                                - Undefined Weak Reference
    _signal_finish                            - Undefined Weak Reference
    _signal_init                              - Undefined Weak Reference
    _terminate_alloc                          - Undefined Weak Reference
    _terminate_user_alloc                     - Undefined Weak Reference
    _terminateio                              - Undefined Weak Reference
    __Vectors_Size                           0x00000130   Number         0  startup_stm32f10x_hd.o ABSOLUTE
    __Vectors                                0x08000000   Data           4  startup_stm32f10x_hd.o(RESET)
    __Vectors_End                            0x08000130   Data           0  startup_stm32f10x_hd.o(RESET)
    __main                                   0x08000131   Thumb Code     8  __main.o(!!!main)
    __scatterload                            0x08000139   Thumb Code     0  __scatter.o(!!!scatter)
    __scatterload_rt2                        0x08000139   Thumb Code    44  __scatter.o(!!!scatter)
    __scatterload_rt2_thumb_only             0x08000139   Thumb Code     0  __scatter.o(!!!scatter)
    __scatterload_null                       0x08000147   Thumb Code     0  __scatter.o(!!!scatter)
    __decompress                             0x0800016d   Thumb Code    90  __dczerorl2.o(!!dczerorl2)
    __decompress1                            0x0800016d   Thumb Code     0  __dczerorl2.o(!!dczerorl2)
    __scatterload_zeroinit                   0x080001c9   Thumb Code    28  __scatter_zi.o(!!handler_zi)
    _printf_n                                0x080001e5   Thumb Code     0  _printf_n.o(.ARM.Collect$$_printf_percent$$00000001)
    _printf_percent                          0x080001e5   Thumb Code     0  _printf_percent.o(.ARM.Collect$$_printf_percent$$00000000)
    _printf_p                                0x080001eb   Thumb Code     0  _printf_p.o(.ARM.Collect$$_printf_percent$$00000002)
    _printf_f                                0x080001f1   Thumb Code     0  _printf_f.o(.ARM.Collect$$_printf_percent$$00000003)
    _printf_e                                0x080001f7   Thumb Code     0  _printf_e.o(.ARM.Collect$$_printf_percent$$00000004)
    _printf_g                                0x080001fd   Thumb Code     0  _printf_g.o(.ARM.Collect$$_printf_percent$$00000005)
    _printf_a                                0x08000203   Thumb Code     0  _printf_a.o(.ARM.Collect$$_printf_percent$$00000006)
    _printf_ll                               0x08000209   Thumb Code     0  _printf_ll.o(.ARM.Collect$$_printf_percent$$00000007)
    _printf_i                                0x08000213   Thumb Code     0  _printf_i.o(.ARM.Collect$$_printf_percent$$00000008)
    _printf_d                                0x08000219   Thumb Code     0  _printf_d.o(.ARM.Collect$$_printf_percent$$00000009)
    _printf_u                                0x0800021f   Thumb Code     0  _printf_u.o(.ARM.Collect$$_printf_percent$$0000000A)
    _printf_o                                0x08000225   Thumb Code     0  _printf_o.o(.ARM.Collect$$_printf_percent$$0000000B)
    _printf_x                                0x0800022b   Thumb Code     0  _printf_x.o(.ARM.Collect$$_printf_percent$$0000000C)
    _printf_lli                              0x08000231   Thumb Code     0  _printf_lli.o(.ARM.Collect$$_printf_percent$$0000000D)
    _printf_lld                              0x08000237   Thumb Code     0  _printf_lld.o(.ARM.Collect$$_printf_percent$$0000000E)
    _printf_llu                              0x0800023d   Thumb Code     0  _printf_llu.o(.ARM.Collect$$_printf_percent$$0000000F)
    _printf_llo                              0x08000243   Thumb Code     0  _printf_llo.o(.ARM.Collect$$_printf_percent$$00000010)
    _printf_llx                              0x08000249   Thumb Code     0  _printf_llx.o(.ARM.Collect$$_printf_percent$$00000011)
    _printf_l                                0x0800024f   Thumb Code     0  _printf_l.o(.ARM.Collect$$_printf_percent$$00000012)
    _printf_c                                0x08000259   Thumb Code     0  _printf_c.o(.ARM.Collect$$_printf_percent$$00000013)
    _printf_s                                0x0800025f   Thumb Code     0  _printf_s.o(.ARM.Collect$$_printf_percent$$00000014)
    _printf_lc                               0x08000265   Thumb Code     0  _printf_lc.o(.ARM.Collect$$_printf_percent$$00000015)
    _printf_ls                               0x0800026b   Thumb Code     0  _printf_ls.o(.ARM.Collect$$_printf_percent$$00000016)
    _printf_percent_end                      0x08000271   Thumb Code     0  _printf_percent_end.o(.ARM.Collect$$_printf_percent$$00000017)
    __rt_lib_init                            0x08000275   Thumb Code     0  libinit.o(.ARM.Collect$$libinit$$00000000)
    __rt_lib_init_fp_1                       0x08000277   Thumb Code     0  libinit2.o(.ARM.Collect$$libinit$$00000002)
    __rt_lib_init_heap_1                     0x08000277   Thumb Code     0  libinit2.o(.ARM.Collect$$libinit$$0000000A)
    __rt_lib_init_lc_common                  0x08000277   Thumb Code     0  libinit2.o(.ARM.Collect$$libinit$$0000000F)
    __rt_lib_init_preinit_1                  0x08000277   Thumb Code     0  libinit2.o(.ARM.Collect$$libinit$$00000004)
    __rt_lib_init_rand_1                     0x08000277   Thumb Code     0  libinit2.o(.ARM.Collect$$libinit$$0000000E)
    __rt_lib_init_user_alloc_1               0x08000277   Thumb Code     0  libinit2.o(.ARM.Collect$$libinit$$0000000C)
    __rt_lib_init_lc_collate_1               0x0800027d   Thumb Code     0  libinit2.o(.ARM.Collect$$libinit$$00000011)
    __rt_lib_init_lc_ctype_2                 0x0800027d   Thumb Code     0  libinit2.o(.ARM.Collect$$libinit$$00000012)
    __rt_lib_init_lc_ctype_1                 0x08000289   Thumb Code     0  libinit2.o(.ARM.Collect$$libinit$$00000013)
    __rt_lib_init_lc_monetary_1              0x08000289   Thumb Code     0  libinit2.o(.ARM.Collect$$libinit$$00000015)
    __rt_lib_init_lc_numeric_2               0x08000289   Thumb Code     0  libinit2.o(.ARM.Collect$$libinit$$00000016)
    __rt_lib_init_alloca_1                   0x08000293   Thumb Code     0  libinit2.o(.ARM.Collect$$libinit$$0000002E)
    __rt_lib_init_argv_1                     0x08000293   Thumb Code     0  libinit2.o(.ARM.Collect$$libinit$$0000002C)
    __rt_lib_init_atexit_1                   0x08000293   Thumb Code     0  libinit2.o(.ARM.Collect$$libinit$$0000001B)
    __rt_lib_init_clock_1                    0x08000293   Thumb Code     0  libinit2.o(.ARM.Collect$$libinit$$00000021)
    __rt_lib_init_cpp_1                      0x08000293   Thumb Code     0  libinit2.o(.ARM.Collect$$libinit$$00000032)
    __rt_lib_init_exceptions_1               0x08000293   Thumb Code     0  libinit2.o(.ARM.Collect$$libinit$$00000030)
    __rt_lib_init_fp_trap_1                  0x08000293   Thumb Code     0  libinit2.o(.ARM.Collect$$libinit$$0000001F)
    __rt_lib_init_getenv_1                   0x08000293   Thumb Code     0  libinit2.o(.ARM.Collect$$libinit$$00000023)
    __rt_lib_init_lc_numeric_1               0x08000293   Thumb Code     0  libinit2.o(.ARM.Collect$$libinit$$00000017)
    __rt_lib_init_lc_time_1                  0x08000293   Thumb Code     0  libinit2.o(.ARM.Collect$$libinit$$00000019)
    __rt_lib_init_return                     0x08000293   Thumb Code     0  libinit2.o(.ARM.Collect$$libinit$$00000033)
    __rt_lib_init_signal_1                   0x08000293   Thumb Code     0  libinit2.o(.ARM.Collect$$libinit$$0000001D)
    __rt_lib_init_stdio_1                    0x08000293   Thumb Code     0  libinit2.o(.ARM.Collect$$libinit$$00000025)
    __rt_lib_shutdown                        0x08000295   Thumb Code     0  libshutdown.o(.ARM.Collect$$libshutdown$$00000000)
    __rt_lib_shutdown_cpp_1                  0x08000297   Thumb Code     0  libshutdown2.o(.ARM.Collect$$libshutdown$$00000002)
    __rt_lib_shutdown_fp_trap_1              0x08000297   Thumb Code     0  libshutdown2.o(.ARM.Collect$$libshutdown$$00000007)
    __rt_lib_shutdown_heap_1                 0x08000297   Thumb Code     0  libshutdown2.o(.ARM.Collect$$libshutdown$$0000000F)
    __rt_lib_shutdown_return                 0x08000297   Thumb Code     0  libshutdown2.o(.ARM.Collect$$libshutdown$$00000010)
    __rt_lib_shutdown_signal_1               0x08000297   Thumb Code     0  libshutdown2.o(.ARM.Collect$$libshutdown$$0000000A)
    __rt_lib_shutdown_stdio_1                0x08000297   Thumb Code     0  libshutdown2.o(.ARM.Collect$$libshutdown$$00000004)
    __rt_lib_shutdown_user_alloc_1           0x08000297   Thumb Code     0  libshutdown2.o(.ARM.Collect$$libshutdown$$0000000C)
    __rt_entry                               0x08000299   Thumb Code     0  __rtentry.o(.ARM.Collect$$rtentry$$00000000)
    __rt_entry_presh_1                       0x08000299   Thumb Code     0  __rtentry2.o(.ARM.Collect$$rtentry$$00000002)
    __rt_entry_sh                            0x08000299   Thumb Code     0  __rtentry4.o(.ARM.Collect$$rtentry$$00000004)
    __rt_entry_li                            0x0800029f   Thumb Code     0  __rtentry2.o(.ARM.Collect$$rtentry$$0000000A)
    __rt_entry_postsh_1                      0x0800029f   Thumb Code     0  __rtentry2.o(.ARM.Collect$$rtentry$$00000009)
    __rt_entry_main                          0x080002a3   Thumb Code     0  __rtentry2.o(.ARM.Collect$$rtentry$$0000000D)
    __rt_entry_postli_1                      0x080002a3   Thumb Code     0  __rtentry2.o(.ARM.Collect$$rtentry$$0000000C)
    __rt_exit                                0x080002ab   Thumb Code     0  rtexit.o(.ARM.Collect$$rtexit$$00000000)
    __rt_exit_ls                             0x080002ad   Thumb Code     0  rtexit2.o(.ARM.Collect$$rtexit$$00000003)
    __rt_exit_prels_1                        0x080002ad   Thumb Code     0  rtexit2.o(.ARM.Collect$$rtexit$$00000002)
    __rt_exit_exit                           0x080002b1   Thumb Code     0  rtexit2.o(.ARM.Collect$$rtexit$$00000004)
    LED_show_String                          0x080002b9   Thumb Code   160  main.o(.text)
    main                                     0x08000359   Thumb Code   194  main.o(.text)
    NMI_Handler                              0x080004a1   Thumb Code     2  stm32f10x_it.o(.text)
    HardFault_Handler                        0x080004a3   Thumb Code     2  stm32f10x_it.o(.text)
    MemManage_Handler                        0x080004a5   Thumb Code     2  stm32f10x_it.o(.text)
    BusFault_Handler                         0x080004a7   Thumb Code     2  stm32f10x_it.o(.text)
    UsageFault_Handler                       0x080004a9   Thumb Code     2  stm32f10x_it.o(.text)
    SVC_Handler                              0x080004ab   Thumb Code     2  stm32f10x_it.o(.text)
    DebugMon_Handler                         0x080004ad   Thumb Code     2  stm32f10x_it.o(.text)
    PendSV_Handler                           0x080004af   Thumb Code     2  stm32f10x_it.o(.text)
    SysTick_Handler                          0x080004b1   Thumb Code     2  stm32f10x_it.o(.text)
    SystemInit                               0x0800055d   Thumb Code    64  system_stm32f10x.o(.text)
    SystemCoreClockUpdate                    0x0800059d   Thumb Code   106  system_stm32f10x.o(.text)
    LED_Init                                 0x08000629   Thumb Code    70  led.o(.text)
    LCD_Fill                                 0x08000679   Thumb Code    60  lcd.o(.text)
    LCD_DrawPoint                            0x080006b5   Thumb Code    22  lcd.o(.text)
    LCD_DrawLine                             0x080006cb   Thumb Code   154  lcd.o(.text)
    LCD_DrawRectangle                        0x08000765   Thumb Code    74  lcd.o(.text)
    Draw_Circle                              0x080007af   Thumb Code   188  lcd.o(.text)
    LCD_ShowChinese32x32                     0x0800086b   Thumb Code   202  lcd.o(.text)
    LCD_ShowChinese24x24                     0x08000935   Thumb Code   204  lcd.o(.text)
    LCD_ShowChinese16x16                     0x08000a01   Thumb Code    66  lcd.o(.text)
    LCD_ShowChinese                          0x08000a43   Thumb Code   108  lcd.o(.text)
    LCD_ShowChar                             0x08000aaf   Thumb Code   170  lcd.o(.text)
    LCD_ShowString                           0x08000b59   Thumb Code    52  lcd.o(.text)
    mypow                                    0x08000b8d   Thumb Code    16  lcd.o(.text)
    LCD_ShowIntNum                           0x08000b9d   Thumb Code   128  lcd.o(.text)
    LCD_ShowFloatNum1                        0x08000c1d   Thumb Code   162  lcd.o(.text)
    LCD_ShowPicture                          0x08000cbf   Thumb Code    66  lcd.o(.text)
    TFT_display_image                        0x08000d01   Thumb Code    76  lcd.o(.text)
    GET_RX_BUFF_and_Send_Lcd                 0x08000d4d   Thumb Code    84  lcd.o(.text)
    LCD_GPIO_Init                            0x08000da9   Thumb Code    50  lcd_init.o(.text)
    LCD_Writ_Bus                             0x08000ddb   Thumb Code    78  lcd_init.o(.text)
    LCD_WR_DATA8                             0x08000e29   Thumb Code     2  lcd_init.o(.text)
    LCD_WR_DATA                              0x08000e2b   Thumb Code    18  lcd_init.o(.text)
    LCD_WR_REG                               0x08000e3d   Thumb Code    32  lcd_init.o(.text)
    TFT_SetWindows                           0x08000e5d   Thumb Code    64  lcd_init.o(.text)
    LCD_Init                                 0x08000e9d   Thumb Code   526  lcd_init.o(.text)
    DMA_DeInit                               0x080010b1   Thumb Code   238  stm32f10x_dma.o(.text)
    DMA_Init                                 0x0800119f   Thumb Code    58  stm32f10x_dma.o(.text)
    DMA_StructInit                           0x080011d9   Thumb Code    26  stm32f10x_dma.o(.text)
    DMA_Cmd                                  0x080011f3   Thumb Code    26  stm32f10x_dma.o(.text)
    DMA_ITConfig                             0x0800120d   Thumb Code    20  stm32f10x_dma.o(.text)
    DMA_SetCurrDataCounter                   0x08001221   Thumb Code     4  stm32f10x_dma.o(.text)
    DMA_GetCurrDataCounter                   0x08001225   Thumb Code     6  stm32f10x_dma.o(.text)
    DMA_GetFlagStatus                        0x0800122b   Thumb Code    30  stm32f10x_dma.o(.text)
    DMA_ClearFlag                            0x08001249   Thumb Code    20  stm32f10x_dma.o(.text)
    DMA_GetITStatus                          0x0800125d   Thumb Code    30  stm32f10x_dma.o(.text)
    DMA_ClearITPendingBit                    0x0800127b   Thumb Code    20  stm32f10x_dma.o(.text)
    delay_init                               0x08001299   Thumb Code    46  delay.o(.text)
    delay_us                                 0x080012c7   Thumb Code    46  delay.o(.text)
    delay_ms                                 0x080012f5   Thumb Code    46  delay.o(.text)
    _sys_exit                                0x08001331   Thumb Code     2  usart.o(.text)
    fputc                                    0x08001333   Thumb Code    18  usart.o(.text)
    DMA_TX_Config                            0x08001345   Thumb Code    72  usart.o(.text)
    DMA_RX_Config                            0x0800138d   Thumb Code    88  usart.o(.text)
    uart_init                                0x080013e5   Thumb Code   172  usart.o(.text)
    USART0_on_recv                           0x08001491   Thumb Code     2  usart.o(.text)
    USART1_IRQHandler                        0x08001493   Thumb Code    76  usart.o(.text)
    Reset_Handler                            0x080014f5   Thumb Code     8  startup_stm32f10x_hd.o(.text)
    ADC1_2_IRQHandler                        0x0800150f   Thumb Code     0  startup_stm32f10x_hd.o(.text)
    ADC3_IRQHandler                          0x0800150f   Thumb Code     0  startup_stm32f10x_hd.o(.text)
    CAN1_RX1_IRQHandler                      0x0800150f   Thumb Code     0  startup_stm32f10x_hd.o(.text)
    CAN1_SCE_IRQHandler                      0x0800150f   Thumb Code     0  startup_stm32f10x_hd.o(.text)
    DMA1_Channel1_IRQHandler                 0x0800150f   Thumb Code     0  startup_stm32f10x_hd.o(.text)
    DMA1_Channel2_IRQHandler                 0x0800150f   Thumb Code     0  startup_stm32f10x_hd.o(.text)
    DMA1_Channel3_IRQHandler                 0x0800150f   Thumb Code     0  startup_stm32f10x_hd.o(.text)
    DMA1_Channel4_IRQHandler                 0x0800150f   Thumb Code     0  startup_stm32f10x_hd.o(.text)
    DMA1_Channel5_IRQHandler                 0x0800150f   Thumb Code     0  startup_stm32f10x_hd.o(.text)
    DMA1_Channel6_IRQHandler                 0x0800150f   Thumb Code     0  startup_stm32f10x_hd.o(.text)
    DMA1_Channel7_IRQHandler                 0x0800150f   Thumb Code     0  startup_stm32f10x_hd.o(.text)
    DMA2_Channel1_IRQHandler                 0x0800150f   Thumb Code     0  startup_stm32f10x_hd.o(.text)
    DMA2_Channel2_IRQHandler                 0x0800150f   Thumb Code     0  startup_stm32f10x_hd.o(.text)
    DMA2_Channel3_IRQHandler                 0x0800150f   Thumb Code     0  startup_stm32f10x_hd.o(.text)
    DMA2_Channel4_5_IRQHandler               0x0800150f   Thumb Code     0  startup_stm32f10x_hd.o(.text)
    EXTI0_IRQHandler                         0x0800150f   Thumb Code     0  startup_stm32f10x_hd.o(.text)
    EXTI15_10_IRQHandler                     0x0800150f   Thumb Code     0  startup_stm32f10x_hd.o(.text)
    EXTI1_IRQHandler                         0x0800150f   Thumb Code     0  startup_stm32f10x_hd.o(.text)
    EXTI2_IRQHandler                         0x0800150f   Thumb Code     0  startup_stm32f10x_hd.o(.text)
    EXTI3_IRQHandler                         0x0800150f   Thumb Code     0  startup_stm32f10x_hd.o(.text)
    EXTI4_IRQHandler                         0x0800150f   Thumb Code     0  startup_stm32f10x_hd.o(.text)
    EXTI9_5_IRQHandler                       0x0800150f   Thumb Code     0  startup_stm32f10x_hd.o(.text)
    FLASH_IRQHandler                         0x0800150f   Thumb Code     0  startup_stm32f10x_hd.o(.text)
    FSMC_IRQHandler                          0x0800150f   Thumb Code     0  startup_stm32f10x_hd.o(.text)
    I2C1_ER_IRQHandler                       0x0800150f   Thumb Code     0  startup_stm32f10x_hd.o(.text)
    I2C1_EV_IRQHandler                       0x0800150f   Thumb Code     0  startup_stm32f10x_hd.o(.text)
    I2C2_ER_IRQHandler                       0x0800150f   Thumb Code     0  startup_stm32f10x_hd.o(.text)
    I2C2_EV_IRQHandler                       0x0800150f   Thumb Code     0  startup_stm32f10x_hd.o(.text)
    PVD_IRQHandler                           0x0800150f   Thumb Code     0  startup_stm32f10x_hd.o(.text)
    RCC_IRQHandler                           0x0800150f   Thumb Code     0  startup_stm32f10x_hd.o(.text)
    RTCAlarm_IRQHandler                      0x0800150f   Thumb Code     0  startup_stm32f10x_hd.o(.text)
    RTC_IRQHandler                           0x0800150f   Thumb Code     0  startup_stm32f10x_hd.o(.text)
    SDIO_IRQHandler                          0x0800150f   Thumb Code     0  startup_stm32f10x_hd.o(.text)
    SPI1_IRQHandler                          0x0800150f   Thumb Code     0  startup_stm32f10x_hd.o(.text)
    SPI2_IRQHandler                          0x0800150f   Thumb Code     0  startup_stm32f10x_hd.o(.text)
    SPI3_IRQHandler                          0x0800150f   Thumb Code     0  startup_stm32f10x_hd.o(.text)
    TAMPER_IRQHandler                        0x0800150f   Thumb Code     0  startup_stm32f10x_hd.o(.text)
    TIM1_BRK_IRQHandler                      0x0800150f   Thumb Code     0  startup_stm32f10x_hd.o(.text)
    TIM1_CC_IRQHandler                       0x0800150f   Thumb Code     0  startup_stm32f10x_hd.o(.text)
    TIM1_TRG_COM_IRQHandler                  0x0800150f   Thumb Code     0  startup_stm32f10x_hd.o(.text)
    TIM1_UP_IRQHandler                       0x0800150f   Thumb Code     0  startup_stm32f10x_hd.o(.text)
    TIM2_IRQHandler                          0x0800150f   Thumb Code     0  startup_stm32f10x_hd.o(.text)
    TIM3_IRQHandler                          0x0800150f   Thumb Code     0  startup_stm32f10x_hd.o(.text)
    TIM4_IRQHandler                          0x0800150f   Thumb Code     0  startup_stm32f10x_hd.o(.text)
    TIM5_IRQHandler                          0x0800150f   Thumb Code     0  startup_stm32f10x_hd.o(.text)
    TIM6_IRQHandler                          0x0800150f   Thumb Code     0  startup_stm32f10x_hd.o(.text)
    TIM7_IRQHandler                          0x0800150f   Thumb Code     0  startup_stm32f10x_hd.o(.text)
    TIM8_BRK_IRQHandler                      0x0800150f   Thumb Code     0  startup_stm32f10x_hd.o(.text)
    TIM8_CC_IRQHandler                       0x0800150f   Thumb Code     0  startup_stm32f10x_hd.o(.text)
    TIM8_TRG_COM_IRQHandler                  0x0800150f   Thumb Code     0  startup_stm32f10x_hd.o(.text)
    TIM8_UP_IRQHandler                       0x0800150f   Thumb Code     0  startup_stm32f10x_hd.o(.text)
    UART4_IRQHandler                         0x0800150f   Thumb Code     0  startup_stm32f10x_hd.o(.text)
    UART5_IRQHandler                         0x0800150f   Thumb Code     0  startup_stm32f10x_hd.o(.text)
    USART2_IRQHandler                        0x0800150f   Thumb Code     0  startup_stm32f10x_hd.o(.text)
    USART3_IRQHandler                        0x0800150f   Thumb Code     0  startup_stm32f10x_hd.o(.text)
    USB_HP_CAN1_TX_IRQHandler                0x0800150f   Thumb Code     0  startup_stm32f10x_hd.o(.text)
    WWDG_IRQHandler                          0x0800150f   Thumb Code     0  startup_stm32f10x_hd.o(.text)
    __user_initial_stackheap                 0x08001511   Thumb Code     0  startup_stm32f10x_hd.o(.text)
    NVIC_PriorityGroupConfig                 0x08001535   Thumb Code    10  misc.o(.text)
    NVIC_Init                                0x0800153f   Thumb Code    96  misc.o(.text)
    NVIC_SetVectorTable                      0x0800159f   Thumb Code    14  misc.o(.text)
    NVIC_SystemLPConfig                      0x080015ad   Thumb Code    24  misc.o(.text)
    SysTick_CLKSourceConfig                  0x080015c5   Thumb Code    28  misc.o(.text)
    GPIO_DeInit                              0x080015ed   Thumb Code   188  stm32f10x_gpio.o(.text)
    GPIO_AFIODeInit                          0x080016a9   Thumb Code    22  stm32f10x_gpio.o(.text)
    GPIO_Init                                0x080016bf   Thumb Code   166  stm32f10x_gpio.o(.text)
    GPIO_StructInit                          0x08001765   Thumb Code    16  stm32f10x_gpio.o(.text)
    GPIO_ReadInputDataBit                    0x08001775   Thumb Code    14  stm32f10x_gpio.o(.text)
    GPIO_ReadInputData                       0x08001783   Thumb Code     6  stm32f10x_gpio.o(.text)
    GPIO_ReadOutputDataBit                   0x08001789   Thumb Code    14  stm32f10x_gpio.o(.text)
    GPIO_ReadOutputData                      0x08001797   Thumb Code     6  stm32f10x_gpio.o(.text)
    GPIO_SetBits                             0x0800179d   Thumb Code     4  stm32f10x_gpio.o(.text)
    GPIO_ResetBits                           0x080017a1   Thumb Code     4  stm32f10x_gpio.o(.text)
    GPIO_WriteBit                            0x080017a5   Thumb Code    12  stm32f10x_gpio.o(.text)
    GPIO_Write                               0x080017b1   Thumb Code     4  stm32f10x_gpio.o(.text)
    GPIO_PinLockConfig                       0x080017b5   Thumb Code    16  stm32f10x_gpio.o(.text)
    GPIO_EventOutputConfig                   0x080017c5   Thumb Code    22  stm32f10x_gpio.o(.text)
    GPIO_EventOutputCmd                      0x080017db   Thumb Code     6  stm32f10x_gpio.o(.text)
    GPIO_PinRemapConfig                      0x080017e1   Thumb Code    86  stm32f10x_gpio.o(.text)
    GPIO_EXTILineConfig                      0x08001837   Thumb Code    34  stm32f10x_gpio.o(.text)
    GPIO_ETH_MediaInterfaceConfig            0x08001859   Thumb Code     8  stm32f10x_gpio.o(.text)
    RCC_DeInit                               0x08001885   Thumb Code    50  stm32f10x_rcc.o(.text)
    RCC_HSEConfig                            0x080018b7   Thumb Code    50  stm32f10x_rcc.o(.text)
    RCC_GetFlagStatus                        0x080018e9   Thumb Code    42  stm32f10x_rcc.o(.text)
    RCC_WaitForHSEStartUp                    0x08001913   Thumb Code    48  stm32f10x_rcc.o(.text)
    RCC_AdjustHSICalibrationValue            0x08001943   Thumb Code    16  stm32f10x_rcc.o(.text)
    RCC_HSICmd                               0x08001953   Thumb Code     6  stm32f10x_rcc.o(.text)
    RCC_PLLConfig                            0x08001959   Thumb Code    16  stm32f10x_rcc.o(.text)
    RCC_PLLCmd                               0x08001969   Thumb Code     6  stm32f10x_rcc.o(.text)
    RCC_SYSCLKConfig                         0x0800196f   Thumb Code    14  stm32f10x_rcc.o(.text)
    RCC_GetSYSCLKSource                      0x0800197d   Thumb Code    10  stm32f10x_rcc.o(.text)
    RCC_HCLKConfig                           0x08001987   Thumb Code    14  stm32f10x_rcc.o(.text)
    RCC_PCLK1Config                          0x08001995   Thumb Code    14  stm32f10x_rcc.o(.text)
    RCC_PCLK2Config                          0x080019a3   Thumb Code    16  stm32f10x_rcc.o(.text)
    RCC_ITConfig                             0x080019b3   Thumb Code    22  stm32f10x_rcc.o(.text)
    RCC_USBCLKConfig                         0x080019c9   Thumb Code     8  stm32f10x_rcc.o(.text)
    RCC_ADCCLKConfig                         0x080019d1   Thumb Code    14  stm32f10x_rcc.o(.text)
    RCC_LSEConfig                            0x080019df   Thumb Code    36  stm32f10x_rcc.o(.text)
    RCC_LSICmd                               0x08001a03   Thumb Code     6  stm32f10x_rcc.o(.text)
    RCC_RTCCLKConfig                         0x08001a09   Thumb Code    10  stm32f10x_rcc.o(.text)
    RCC_RTCCLKCmd                            0x08001a13   Thumb Code     8  stm32f10x_rcc.o(.text)
    RCC_GetClocksFreq                        0x08001a1b   Thumb Code   154  stm32f10x_rcc.o(.text)
    RCC_AHBPeriphClockCmd                    0x08001ab5   Thumb Code    22  stm32f10x_rcc.o(.text)
    RCC_APB2PeriphClockCmd                   0x08001acb   Thumb Code    22  stm32f10x_rcc.o(.text)
    RCC_APB1PeriphClockCmd                   0x08001ae1   Thumb Code    22  stm32f10x_rcc.o(.text)
    RCC_APB2PeriphResetCmd                   0x08001af7   Thumb Code    22  stm32f10x_rcc.o(.text)
    RCC_APB1PeriphResetCmd                   0x08001b0d   Thumb Code    22  stm32f10x_rcc.o(.text)
    RCC_BackupResetCmd                       0x08001b23   Thumb Code     8  stm32f10x_rcc.o(.text)
    RCC_ClockSecuritySystemCmd               0x08001b2b   Thumb Code     6  stm32f10x_rcc.o(.text)
    RCC_MCOConfig                            0x08001b31   Thumb Code     6  stm32f10x_rcc.o(.text)
    RCC_ClearFlag                            0x08001b37   Thumb Code    12  stm32f10x_rcc.o(.text)
    RCC_GetITStatus                          0x08001b43   Thumb Code    16  stm32f10x_rcc.o(.text)
    RCC_ClearITPendingBit                    0x08001b53   Thumb Code     6  stm32f10x_rcc.o(.text)
    USART_DeInit                             0x08001b79   Thumb Code   144  stm32f10x_usart.o(.text)
    USART_Init                               0x08001c09   Thumb Code   182  stm32f10x_usart.o(.text)
    USART_StructInit                         0x08001cbf   Thumb Code    22  stm32f10x_usart.o(.text)
    USART_ClockInit                          0x08001cd5   Thumb Code    30  stm32f10x_usart.o(.text)
    USART_ClockStructInit                    0x08001cf3   Thumb Code    12  stm32f10x_usart.o(.text)
    USART_Cmd                                0x08001cff   Thumb Code    24  stm32f10x_usart.o(.text)
    USART_ITConfig                           0x08001d17   Thumb Code    54  stm32f10x_usart.o(.text)
    USART_DMACmd                             0x08001d4d   Thumb Code    20  stm32f10x_usart.o(.text)
    USART_SetAddress                         0x08001d61   Thumb Code    16  stm32f10x_usart.o(.text)
    USART_WakeUpConfig                       0x08001d71   Thumb Code    16  stm32f10x_usart.o(.text)
    USART_ReceiverWakeUpCmd                  0x08001d81   Thumb Code    24  stm32f10x_usart.o(.text)
    USART_LINBreakDetectLengthConfig         0x08001d99   Thumb Code    16  stm32f10x_usart.o(.text)
    USART_LINCmd                             0x08001da9   Thumb Code    24  stm32f10x_usart.o(.text)
    USART_SendData                           0x08001dc1   Thumb Code     8  stm32f10x_usart.o(.text)
    USART_ReceiveData                        0x08001dc9   Thumb Code     8  stm32f10x_usart.o(.text)
    USART_SendBreak                          0x08001dd1   Thumb Code    10  stm32f10x_usart.o(.text)
    USART_SetGuardTime                       0x08001ddb   Thumb Code    16  stm32f10x_usart.o(.text)
    USART_SetPrescaler                       0x08001deb   Thumb Code    16  stm32f10x_usart.o(.text)
    USART_SmartCardCmd                       0x08001dfb   Thumb Code    24  stm32f10x_usart.o(.text)
    USART_SmartCardNACKCmd                   0x08001e13   Thumb Code    24  stm32f10x_usart.o(.text)
    USART_HalfDuplexCmd                      0x08001e2b   Thumb Code    24  stm32f10x_usart.o(.text)
    USART_OverSampling8Cmd                   0x08001e43   Thumb Code    24  stm32f10x_usart.o(.text)
    USART_OneBitMethodCmd                    0x08001e5b   Thumb Code    24  stm32f10x_usart.o(.text)
    USART_IrDAConfig                         0x08001e73   Thumb Code    16  stm32f10x_usart.o(.text)
    USART_IrDACmd                            0x08001e83   Thumb Code    24  stm32f10x_usart.o(.text)
    USART_GetFlagStatus                      0x08001e9b   Thumb Code    14  stm32f10x_usart.o(.text)
    USART_ClearFlag                          0x08001ea9   Thumb Code     8  stm32f10x_usart.o(.text)
    USART_GetITStatus                        0x08001eb1   Thumb Code    64  stm32f10x_usart.o(.text)
    USART_ClearITPendingBit                  0x08001ef1   Thumb Code    16  stm32f10x_usart.o(.text)
    EXTI_DeInit                              0x08001f15   Thumb Code    28  stm32f10x_exti.o(.text)
    EXTI_Init                                0x08001f31   Thumb Code   110  stm32f10x_exti.o(.text)
    EXTI_StructInit                          0x08001f9f   Thumb Code    14  stm32f10x_exti.o(.text)
    EXTI_GenerateSWInterrupt                 0x08001fad   Thumb Code    12  stm32f10x_exti.o(.text)
    EXTI_GetFlagStatus                       0x08001fb9   Thumb Code    18  stm32f10x_exti.o(.text)
    EXTI_ClearFlag                           0x08001fcb   Thumb Code     8  stm32f10x_exti.o(.text)
    EXTI_GetITStatus                         0x08001fd3   Thumb Code    28  stm32f10x_exti.o(.text)
    EXTI_ClearITPendingBit                   0x08001fef   Thumb Code     8  stm32f10x_exti.o(.text)
    Standard_GetConfiguration                0x08002001   Thumb Code    32  usb_core.o(.text)
    Standard_SetConfiguration                0x08002021   Thumb Code    42  usb_core.o(.text)
    Standard_GetInterface                    0x0800204b   Thumb Code    32  usb_core.o(.text)
    Standard_SetInterface                    0x0800206b   Thumb Code    64  usb_core.o(.text)
    Standard_GetStatus                       0x080020ab   Thumb Code   172  usb_core.o(.text)
    Standard_ClearFeature                    0x08002157   Thumb Code   252  usb_core.o(.text)
    Standard_SetEndPointFeature              0x08002253   Thumb Code   132  usb_core.o(.text)
    Standard_SetDeviceFeature                0x080022d7   Thumb Code    26  usb_core.o(.text)
    Standard_GetDescriptorData               0x080022f1   Thumb Code    26  usb_core.o(.text)
    Post0_Process                            0x080026c9   Thumb Code    48  usb_core.o(.text)
    Setup0_Process                           0x080026f9   Thumb Code   100  usb_core.o(.text)
    SetDeviceAddress                         0x0800275d   Thumb Code    60  usb_core.o(.text)
    In0_Process                              0x08002799   Thumb Code    80  usb_core.o(.text)
    Out0_Process                             0x080027e9   Thumb Code    66  usb_core.o(.text)
    NOP_Process                              0x0800282b   Thumb Code     2  usb_core.o(.text)
    USB_Init                                 0x08002859   Thumb Code    22  usb_init.o(.text)
    CTR_LP                                   0x08002881   Thumb Code   408  usb_int.o(.text)
    CTR_HP                                   0x08002a19   Thumb Code   110  usb_int.o(.text)
    UserToPMABufferCopy                      0x08002aa5   Thumb Code    38  usb_mem.o(.text)
    PMAToUserBufferCopy                      0x08002acb   Thumb Code    30  usb_mem.o(.text)
    SetCNTR                                  0x08002aed   Thumb Code     6  usb_regs.o(.text)
    GetCNTR                                  0x08002af3   Thumb Code     8  usb_regs.o(.text)
    SetISTR                                  0x08002afb   Thumb Code     8  usb_regs.o(.text)
    GetISTR                                  0x08002b03   Thumb Code    10  usb_regs.o(.text)
    GetFNR                                   0x08002b0d   Thumb Code    10  usb_regs.o(.text)
    SetDADDR                                 0x08002b17   Thumb Code     8  usb_regs.o(.text)
    GetDADDR                                 0x08002b1f   Thumb Code    10  usb_regs.o(.text)
    SetBTABLE                                0x08002b29   Thumb Code    12  usb_regs.o(.text)
    GetBTABLE                                0x08002b35   Thumb Code    10  usb_regs.o(.text)
    SetENDPOINT                              0x08002b3f   Thumb Code    12  usb_regs.o(.text)
    GetENDPOINT                              0x08002b4b   Thumb Code    14  usb_regs.o(.text)
    SetEPType                                0x08002b59   Thumb Code    24  usb_regs.o(.text)
    GetEPType                                0x08002b71   Thumb Code    18  usb_regs.o(.text)
    SetEPTxStatus                            0x08002b83   Thumb Code    44  usb_regs.o(.text)
    SetEPRxStatus                            0x08002baf   Thumb Code    44  usb_regs.o(.text)
    SetDouBleBuffEPStall                     0x08002bdb   Thumb Code    46  usb_regs.o(.text)
    GetEPTxStatus                            0x08002c09   Thumb Code    18  usb_regs.o(.text)
    GetEPRxStatus                            0x08002c1b   Thumb Code    18  usb_regs.o(.text)
    SetEPTxValid                             0x08002c2d   Thumb Code    36  usb_regs.o(.text)
    SetEPRxValid                             0x08002c51   Thumb Code    36  usb_regs.o(.text)
    SetEP_KIND                               0x08002c75   Thumb Code    32  usb_regs.o(.text)
    ClearEP_KIND                             0x08002c95   Thumb Code    28  usb_regs.o(.text)
    Clear_Status_Out                         0x08002cb1   Thumb Code    28  usb_regs.o(.text)
    Set_Status_Out                           0x08002ccd   Thumb Code    32  usb_regs.o(.text)
    SetEPDoubleBuff                          0x08002ced   Thumb Code    32  usb_regs.o(.text)
    ClearEPDoubleBuff                        0x08002d0d   Thumb Code    28  usb_regs.o(.text)
    GetTxStallStatus                         0x08002d29   Thumb Code    22  usb_regs.o(.text)
    GetRxStallStatus                         0x08002d3f   Thumb Code    22  usb_regs.o(.text)
    ClearEP_CTR_RX                           0x08002d55   Thumb Code    22  usb_regs.o(.text)
    ClearEP_CTR_TX                           0x08002d6b   Thumb Code    22  usb_regs.o(.text)
    ToggleDTOG_RX                            0x08002d81   Thumb Code    28  usb_regs.o(.text)
    ToggleDTOG_TX                            0x08002d9d   Thumb Code    28  usb_regs.o(.text)
    ClearDTOG_RX                             0x08002db9   Thumb Code    36  usb_regs.o(.text)
    ClearDTOG_TX                             0x08002ddd   Thumb Code    36  usb_regs.o(.text)
    SetEPAddress                             0x08002e01   Thumb Code    30  usb_regs.o(.text)
    GetEPAddress                             0x08002e1f   Thumb Code    16  usb_regs.o(.text)
    SetEPTxAddr                              0x08002e2f   Thumb Code    24  usb_regs.o(.text)
    SetEPRxAddr                              0x08002e47   Thumb Code    26  usb_regs.o(.text)
    GetEPTxAddr                              0x08002e61   Thumb Code    22  usb_regs.o(.text)
    GetEPRxAddr                              0x08002e77   Thumb Code    24  usb_regs.o(.text)
    SetEPTxCount                             0x08002e8f   Thumb Code    22  usb_regs.o(.text)
    SetEPCountRxReg                          0x08002ea5   Thumb Code    56  usb_regs.o(.text)
    SetEPRxCount                             0x08002edd   Thumb Code    60  usb_regs.o(.text)
    GetEPTxCount                             0x08002f19   Thumb Code    24  usb_regs.o(.text)
    GetEPRxCount                             0x08002f31   Thumb Code    24  usb_regs.o(.text)
    SetEPDblBuffAddr                         0x08002f49   Thumb Code    42  usb_regs.o(.text)
    SetEPDblBuf0Addr                         0x08002f73   Thumb Code    22  usb_regs.o(.text)
    SetEPDblBuf1Addr                         0x08002f89   Thumb Code    24  usb_regs.o(.text)
    GetEPDblBuf0Addr                         0x08002fa1   Thumb Code    20  usb_regs.o(.text)
    GetEPDblBuf1Addr                         0x08002fb5   Thumb Code    22  usb_regs.o(.text)
    SetEPDblBuffCount                        0x08002fcb   Thumb Code   182  usb_regs.o(.text)
    SetEPDblBuf0Count                        0x08003081   Thumb Code    86  usb_regs.o(.text)
    SetEPDblBuf1Count                        0x080030d7   Thumb Code    86  usb_regs.o(.text)
    GetEPDblBuf0Count                        0x0800312d   Thumb Code    24  usb_regs.o(.text)
    GetEPDblBuf1Count                        0x08003145   Thumb Code    24  usb_regs.o(.text)
    GetEPDblBufDir                           0x0800315d   Thumb Code    54  usb_regs.o(.text)
    FreeUserBuffer                           0x08003193   Thumb Code    54  usb_regs.o(.text)
    ToWord                                   0x080031c9   Thumb Code     6  usb_regs.o(.text)
    ByteSwap                                 0x080031cf   Thumb Code    10  usb_regs.o(.text)
    USB_SIL_Init                             0x080031e5   Thumb Code    24  usb_sil.o(.text)
    USB_SIL_Write                            0x080031fd   Thumb Code    38  usb_sil.o(.text)
    USB_SIL_Read                             0x08003223   Thumb Code    36  usb_sil.o(.text)
    USBWakeUp_IRQHandler                     0x08003251   Thumb Code     8  hw_config.o(.text)
    USB_LP_CAN1_RX0_IRQHandler               0x08003259   Thumb Code     4  hw_config.o(.text)
    Set_USBClock                             0x0800325d   Thumb Code    20  hw_config.o(.text)
    Enter_LowPowerMode                       0x08003271   Thumb Code    16  hw_config.o(.text)
    Leave_LowPowerMode                       0x08003281   Thumb Code    28  hw_config.o(.text)
    USB_Interrupts_Config                    0x0800329d   Thumb Code    76  hw_config.o(.text)
    USB_Cable_Config                         0x080032e9   Thumb Code    16  hw_config.o(.text)
    USB_Port_Set                             0x080032f9   Thumb Code    64  hw_config.o(.text)
    IntToUnicode                             0x08003339   Thumb Code    58  hw_config.o(.text)
    Get_SerialNum                            0x08003373   Thumb Code    44  hw_config.o(.text)
    USART_Config                             0x0800339f   Thumb Code    56  hw_config.o(.text)
    USB_To_USART_Send_Data                   0x080033d7   Thumb Code    94  hw_config.o(.text)
    USB_USART_SendData                       0x08003435   Thumb Code    36  hw_config.o(.text)
    usb_printf                               0x08003459   Thumb Code    52  hw_config.o(.text)
    EP1_IN_Callback                          0x08003589   Thumb Code   118  usb_endp.o(.text)
    EP3_OUT_Callback                         0x080035ff   Thumb Code    98  usb_endp.o(.text)
    SOF_Callback                             0x08003661   Thumb Code    28  usb_endp.o(.text)
    USB_Istr                                 0x080036a1   Thumb Code   330  usb_istr.o(.text)
    Virtual_Com_Port_init                    0x08003805   Thumb Code    28  usb_prop.o(.text)
    Virtual_Com_Port_Reset                   0x08003821   Thumb Code   208  usb_prop.o(.text)
    Virtual_Com_Port_SetConfiguration        0x080038f1   Thumb Code    16  usb_prop.o(.text)
    Virtual_Com_Port_SetDeviceAddress        0x08003901   Thumb Code     8  usb_prop.o(.text)
    Virtual_Com_Port_Status_In               0x08003909   Thumb Code    22  usb_prop.o(.text)
    Virtual_Com_Port_Status_Out              0x0800391f   Thumb Code     2  usb_prop.o(.text)
    Virtual_Com_Port_SetLineCoding           0x08003921   Thumb Code    22  usb_prop.o(.text)
    Virtual_Com_Port_GetLineCoding           0x08003937   Thumb Code    22  usb_prop.o(.text)
    Virtual_Com_Port_Data_Setup              0x0800394d   Thumb Code    74  usb_prop.o(.text)
    Virtual_Com_Port_NoData_Setup            0x08003997   Thumb Code    34  usb_prop.o(.text)
    Virtual_Com_Port_GetDeviceDescriptor     0x080039b9   Thumb Code     8  usb_prop.o(.text)
    Virtual_Com_Port_GetConfigDescriptor     0x080039c1   Thumb Code     8  usb_prop.o(.text)
    Virtual_Com_Port_GetStringDescriptor     0x080039c9   Thumb Code    26  usb_prop.o(.text)
    Virtual_Com_Port_Get_Interface_Setting   0x080039e3   Thumb Code    20  usb_prop.o(.text)
    PowerOn                                  0x08003a0d   Thumb Code    36  usb_pwr.o(.text)
    PowerOff                                 0x08003a31   Thumb Code    26  usb_pwr.o(.text)
    Suspend                                  0x08003a4b   Thumb Code   116  usb_pwr.o(.text)
    Resume_Init                              0x08003abf   Thumb Code    26  usb_pwr.o(.text)
    Resume                                   0x08003ad9   Thumb Code   146  usb_pwr.o(.text)
    __use_no_semihosting                     0x08003b81   Thumb Code     2  use_no_semi_2.o(.text)
    vsprintf                                 0x08003b85   Thumb Code    32  vsprintf.o(.text)
    __2printf                                0x08003ba9   Thumb Code    20  __2printf.o(.text)
    _printf_pre_padding                      0x08003bc1   Thumb Code    44  _printf_pad.o(.text)
    _printf_post_padding                     0x08003bed   Thumb Code    34  _printf_pad.o(.text)
    _printf_int_dec                          0x08003c11   Thumb Code   104  _printf_dec.o(.text)
    _printf_longlong_hex                     0x08003c89   Thumb Code    86  _printf_hex_int_ll_ptr.o(.text)
    _printf_int_hex                          0x08003cdf   Thumb Code    28  _printf_hex_int_ll_ptr.o(.text)
    _printf_ll_hex                           0x08003cfb   Thumb Code    12  _printf_hex_int_ll_ptr.o(.text)
    _printf_hex_ptr                          0x08003d07   Thumb Code    18  _printf_hex_int_ll_ptr.o(.text)
    __printf                                 0x08003d1d   Thumb Code   388  __printf_flags_ss_wp.o(.text)
    strlen                                   0x08003ea5   Thumb Code    62  strlen.o(.text)
    __aeabi_memcpy                           0x08003ee3   Thumb Code     0  rt_memcpy_v6.o(.text)
    __rt_memcpy                              0x08003ee3   Thumb Code   138  rt_memcpy_v6.o(.text)
    _memcpy_lastbytes                        0x08003f49   Thumb Code     0  rt_memcpy_v6.o(.text)
    __use_two_region_memory                  0x08003f6d   Thumb Code     2  heapauxi.o(.text)
    __rt_heap_escrow$2region                 0x08003f6f   Thumb Code     2  heapauxi.o(.text)
    __rt_heap_expand$2region                 0x08003f71   Thumb Code     2  heapauxi.o(.text)
    __I$use$semihosting                      0x08003f73   Thumb Code     0  use_no_semi.o(.text)
    __use_no_semihosting_swi                 0x08003f73   Thumb Code     2  use_no_semi.o(.text)
    _printf_truncate_signed                  0x08003f75   Thumb Code    18  _printf_truncate.o(.text)
    _printf_truncate_unsigned                0x08003f87   Thumb Code    18  _printf_truncate.o(.text)
    _printf_str                              0x08003f99   Thumb Code    82  _printf_str.o(.text)
    _printf_int_common                       0x08003feb   Thumb Code   178  _printf_intcommon.o(.text)
    _printf_charcount                        0x0800409d   Thumb Code    40  _printf_charcount.o(.text)
    _printf_char_common                      0x080040cf   Thumb Code    32  _printf_char_common.o(.text)
    _sputc                                   0x080040f5   Thumb Code    10  _sputc.o(.text)
    _printf_char_file                        0x08004101   Thumb Code    32  _printf_char_file.o(.text)
    _printf_wctomb                           0x08004125   Thumb Code   182  _printf_wctomb.o(.text)
    _printf_longlong_dec                     0x080041e1   Thumb Code   108  _printf_longlong_dec.o(.text)
    _printf_longlong_oct                     0x0800425d   Thumb Code    66  _printf_oct_int_ll.o(.text)
    _printf_int_oct                          0x0800429f   Thumb Code    24  _printf_oct_int_ll.o(.text)
    _printf_ll_oct                           0x080042b7   Thumb Code    12  _printf_oct_int_ll.o(.text)
    __aeabi_memcpy4                          0x080042cd   Thumb Code     0  rt_memcpy_w.o(.text)
    __aeabi_memcpy8                          0x080042cd   Thumb Code     0  rt_memcpy_w.o(.text)
    __rt_memcpy_w                            0x080042cd   Thumb Code   100  rt_memcpy_w.o(.text)
    _memcpy_lastbytes_aligned                0x08004315   Thumb Code     0  rt_memcpy_w.o(.text)
    _ll_udiv10                               0x08004331   Thumb Code   138  lludiv10.o(.text)
    __lib_sel_fp_printf                      0x080043bb   Thumb Code     2  _printf_fp_dec.o(.text)
    _printf_fp_dec_real                      0x0800456d   Thumb Code   620  _printf_fp_dec.o(.text)
    _printf_fp_hex_real                      0x080047d9   Thumb Code   756  _printf_fp_hex.o(.text)
    _printf_cs_common                        0x08004ad5   Thumb Code    20  _printf_char.o(.text)
    _printf_char                             0x08004ae9   Thumb Code    16  _printf_char.o(.text)
    _printf_string                           0x08004af9   Thumb Code     8  _printf_char.o(.text)
    _printf_lcs_common                       0x08004b01   Thumb Code    20  _printf_wchar.o(.text)
    _printf_wchar                            0x08004b15   Thumb Code    16  _printf_wchar.o(.text)
    _printf_wstring                          0x08004b25   Thumb Code     8  _printf_wchar.o(.text)
    ferror                                   0x08004b2d   Thumb Code     8  ferror.o(.text)
    _wcrtomb                                 0x08004b35   Thumb Code    64  _wcrtomb.o(.text)
    __user_setup_stackheap                   0x08004b75   Thumb Code    74  sys_stackheap_outer.o(.text)
    __rt_ctype_table                         0x08004bc1   Thumb Code    16  rt_ctype_table.o(.text)
    __rt_locale                              0x08004bd1   Thumb Code     8  rt_locale_intlibspace.o(.text)
    _printf_fp_infnan                        0x08004bd9   Thumb Code   112  _printf_fp_infnan.o(.text)
    _btod_etento                             0x08004c59   Thumb Code   224  bigflt0.o(.text)
    exit                                     0x08004d3d   Thumb Code    18  exit.o(.text)
    __user_libspace                          0x08004d51   Thumb Code     8  libspace.o(.text)
    __user_perproc_libspace                  0x08004d51   Thumb Code     0  libspace.o(.text)
    __user_perthread_libspace                0x08004d51   Thumb Code     0  libspace.o(.text)
    strcmp                                   0x08004d59   Thumb Code   128  strcmpv7m.o(.text)
    _btod_d2e                                0x08004dd9   Thumb Code    62  btod.o(CL$$btod_d2e)
    _d2e_denorm_low                          0x08004e17   Thumb Code    70  btod.o(CL$$btod_d2e_denorm_low)
    _d2e_norm_op1                            0x08004e5d   Thumb Code    96  btod.o(CL$$btod_d2e_norm_op1)
    __btod_div_common                        0x08004ebd   Thumb Code   696  btod.o(CL$$btod_div_common)
    _e2e                                     0x080051f5   Thumb Code   220  btod.o(CL$$btod_e2e)
    _btod_ediv                               0x080052d1   Thumb Code    42  btod.o(CL$$btod_ediv)
    _btod_emul                               0x080052fb   Thumb Code    42  btod.o(CL$$btod_emul)
    __btod_mult_common                       0x08005325   Thumb Code   580  btod.o(CL$$btod_mult_common)
    __ARM_fpclassify                         0x08005569   Thumb Code    40  fpclassify.o(i.__ARM_fpclassify)
    _is_digit                                0x08005591   Thumb Code    14  __printf_wp.o(i._is_digit)
    _get_lc_numeric                          0x080055a1   Thumb Code    44  lc_numeric_c.o(locale$$code)
    _get_lc_ctype                            0x080055cd   Thumb Code    44  lc_ctype_c.o(locale$$code)
    __aeabi_f2uiz                            0x080055f9   Thumb Code     0  ffixu.o(x$fpl$ffixu)
    _ffixu                                   0x080055f9   Thumb Code    62  ffixu.o(x$fpl$ffixu)
    __aeabi_fmul                             0x08005639   Thumb Code     0  fmul.o(x$fpl$fmul)
    _fmul                                    0x08005639   Thumb Code   258  fmul.o(x$fpl$fmul)
    __fpl_fnaninf                            0x0800573b   Thumb Code   140  fnaninf.o(x$fpl$fnaninf)
    __fpl_fretinf                            0x080057c7   Thumb Code    10  fretinf.o(x$fpl$fretinf)
    _printf_fp_dec                           0x080057d1   Thumb Code     4  printf1.o(x$fpl$printf1)
    _printf_fp_hex                           0x080057d5   Thumb Code     4  printf2.o(x$fpl$printf2)
    __I$use$fp                               0x080057d8   Number         0  usenofp.o(x$fpl$usenofp)
    ascii_1608                               0x080057d8   Data        1520  lcd.o(.constdata)
    ascii_3216                               0x08005dc8   Data        6080  lcd.o(.constdata)
    tfont24                                  0x08007588   Data         370  lcd.o(.constdata)
    tfont32                                  0x080076fa   Data         650  lcd.o(.constdata)
    Virtual_Com_Port_DeviceDescriptor        0x08007984   Data          18  usb_desc.o(.constdata)
    Virtual_Com_Port_ConfigDescriptor        0x08007996   Data          67  usb_desc.o(.constdata)
    Virtual_Com_Port_StringLangID            0x080079d9   Data           4  usb_desc.o(.constdata)
    Virtual_Com_Port_StringVendor            0x080079dd   Data          38  usb_desc.o(.constdata)
    Virtual_Com_Port_StringProduct           0x08007a03   Data          50  usb_desc.o(.constdata)
    Region$$Table$$Base                      0x08007b34   Number         0  anon$$obj.o(Region$$Table)
    Region$$Table$$Limit                     0x08007b54   Number         0  anon$$obj.o(Region$$Table)
    __ctype                                  0x08007b7d   Data           0  lc_ctype_c.o(locale$$data)
    SystemCoreClock                          0x20000000   Data           4  system_stm32f10x.o(.data)
    AHBPrescTable                            0x20000004   Data          16  system_stm32f10x.o(.data)
    Rx_Buffer_Cnt                            0x20000014   Data           1  lcd.o(.data)
    rece_state                               0x20000015   Data           1  lcd.o(.data)
    rece_data_OK                             0x20000016   Data           1  lcd.o(.data)
    rece_data_FAIL                           0x20000017   Data           1  lcd.o(.data)
    flag                                     0x20000018   Data           1  lcd.o(.data)
    y_num                                    0x20000019   Data           1  lcd.o(.data)
    cnt                                      0x2000001a   Data           1  lcd.o(.data)
    lcd_buff_size                            0x2000001c   Data           2  lcd.o(.data)
    DMA1_MEM_LEN                             0x20000024   Data           2  usart.o(.data)
    __stdout                                 0x2000002c   Data           4  usart.o(.data)
    Data_Mul_MaxPacketSize                   0x20000044   Data           1  usb_core.o(.data)
    StatusInfo                               0x20000046   Data           2  usb_core.o(.data)
    EPindex                                  0x20000048   Data           1  usb_init.o(.data)
    pInformation                             0x2000004c   Data           4  usb_init.o(.data)
    pProperty                                0x20000050   Data           4  usb_init.o(.data)
    pUser_Standard_Requests                  0x20000054   Data           4  usb_init.o(.data)
    wInterrupt_Mask                          0x20000058   Data           2  usb_init.o(.data)
    SaveRState                               0x2000005a   Data           2  usb_int.o(.data)
    SaveTState                               0x2000005c   Data           2  usb_int.o(.data)
    USB_USART_RX_STA                         0x2000005e   Data           2  hw_config.o(.data)
    Virtual_Com_Port_StringSerial            0x20000060   Data          26  usb_desc.o(.data)
    bIntPackSOF                              0x20000080   Data           1  usb_istr.o(.data)
    wIstr                                    0x20000082   Data           2  usb_istr.o(.data)
    esof_counter                             0x20000084   Data           4  usb_istr.o(.data)
    wCNTR                                    0x20000088   Data           4  usb_istr.o(.data)
    pEpInt_IN                                0x2000008c   Data          28  usb_istr.o(.data)
    pEpInt_OUT                               0x200000a8   Data          28  usb_istr.o(.data)
    Request                                  0x200000c4   Data           1  usb_prop.o(.data)
    linecoding                               0x200000c8   Data           8  usb_prop.o(.data)
    Device_Descriptor                        0x200000d0   Data           8  usb_prop.o(.data)
    Config_Descriptor                        0x200000d8   Data           8  usb_prop.o(.data)
    Device_Property                          0x200000e0   Data          48  usb_prop.o(.data)
    String_Descriptor                        0x20000110   Data          32  usb_prop.o(.data)
    Device_Table                             0x20000130   Data           2  usb_prop.o(.data)
    User_Standard_Requests                   0x20000134   Data          36  usb_prop.o(.data)
    bDeviceState                             0x20000158   Data           4  usb_pwr.o(.data)
    fSuspendEnabled                          0x2000015c   Data           1  usb_pwr.o(.data)
    ResumeS                                  0x20000160   Data           2  usb_pwr.o(.data)
    remotewakeupon                           0x20000164   Data           4  usb_pwr.o(.data)
    lcd_buff                                 0x20000168   Data         640  lcd.o(.bss)
    Device_Info                              0x200003e8   Data          28  usb_init.o(.bss)
    uu_txfifo                                0x20000404   Data        2052  hw_config.o(.bss)
    USART_PRINTF_Buffer                      0x20000c08   Data        2048  hw_config.o(.bss)
    USB_USART_RX_BUF                         0x20001408   Data        2048  hw_config.o(.bss)
    USB_Rx_Buffer                            0x20001c08   Data          64  usb_endp.o(.bss)
    EP                                       0x20001c48   Data          32  usb_pwr.o(.bss)
    __libspace_start                         0x20001c68   Data          96  libspace.o(.bss)
    __temporary_stack_top$libspace           0x20001cc8   Data           0  libspace.o(.bss)



==============================================================================

Memory Map of the image

  Image Entry point : 0x08000131

  Load Region LR_IROM1 (Base: 0x08000000, Size: 0x00007de8, Max: 0x00010000, ABSOLUTE, COMPRESSED[0x00007d10])

    Execution Region ER_IROM1 (Exec base: 0x08000000, Load base: 0x08000000, Size: 0x00007c80, Max: 0x00010000, ABSOLUTE)

    Exec Addr    Load Addr    Size         Type   Attr      Idx    E Section Name        Object

    0x08000000   0x08000000   0x00000130   Data   RO          392    RESET               startup_stm32f10x_hd.o
    0x08000130   0x08000130   0x00000008   Code   RO          794  * !!!main             c_w.l(__main.o)
    0x08000138   0x08000138   0x00000034   Code   RO         1083    !!!scatter          c_w.l(__scatter.o)
    0x0800016c   0x0800016c   0x0000005a   Code   RO         1081    !!dczerorl2         c_w.l(__dczerorl2.o)
    0x080001c6   0x080001c6   0x00000002   PAD
    0x080001c8   0x080001c8   0x0000001c   Code   RO         1085    !!handler_zi        c_w.l(__scatter_zi.o)
    0x080001e4   0x080001e4   0x00000000   Code   RO          787    .ARM.Collect$$_printf_percent$$00000000  c_w.l(_printf_percent.o)
    0x080001e4   0x080001e4   0x00000006   Code   RO          832    .ARM.Collect$$_printf_percent$$00000001  c_w.l(_printf_n.o)
    0x080001ea   0x080001ea   0x00000006   Code   RO          833    .ARM.Collect$$_printf_percent$$00000002  c_w.l(_printf_p.o)
    0x080001f0   0x080001f0   0x00000006   Code   RO          837    .ARM.Collect$$_printf_percent$$00000003  c_w.l(_printf_f.o)
    0x080001f6   0x080001f6   0x00000006   Code   RO          838    .ARM.Collect$$_printf_percent$$00000004  c_w.l(_printf_e.o)
    0x080001fc   0x080001fc   0x00000006   Code   RO          839    .ARM.Collect$$_printf_percent$$00000005  c_w.l(_printf_g.o)
    0x08000202   0x08000202   0x00000006   Code   RO          840    .ARM.Collect$$_printf_percent$$00000006  c_w.l(_printf_a.o)
    0x08000208   0x08000208   0x0000000a   Code   RO          845    .ARM.Collect$$_printf_percent$$00000007  c_w.l(_printf_ll.o)
    0x08000212   0x08000212   0x00000006   Code   RO          835    .ARM.Collect$$_printf_percent$$00000008  c_w.l(_printf_i.o)
    0x08000218   0x08000218   0x00000006   Code   RO          786    .ARM.Collect$$_printf_percent$$00000009  c_w.l(_printf_d.o)
    0x0800021e   0x0800021e   0x00000006   Code   RO          836    .ARM.Collect$$_printf_percent$$0000000A  c_w.l(_printf_u.o)
    0x08000224   0x08000224   0x00000006   Code   RO          834    .ARM.Collect$$_printf_percent$$0000000B  c_w.l(_printf_o.o)
    0x0800022a   0x0800022a   0x00000006   Code   RO          785    .ARM.Collect$$_printf_percent$$0000000C  c_w.l(_printf_x.o)
    0x08000230   0x08000230   0x00000006   Code   RO          842    .ARM.Collect$$_printf_percent$$0000000D  c_w.l(_printf_lli.o)
    0x08000236   0x08000236   0x00000006   Code   RO          843    .ARM.Collect$$_printf_percent$$0000000E  c_w.l(_printf_lld.o)
    0x0800023c   0x0800023c   0x00000006   Code   RO          844    .ARM.Collect$$_printf_percent$$0000000F  c_w.l(_printf_llu.o)
    0x08000242   0x08000242   0x00000006   Code   RO          849    .ARM.Collect$$_printf_percent$$00000010  c_w.l(_printf_llo.o)
    0x08000248   0x08000248   0x00000006   Code   RO          850    .ARM.Collect$$_printf_percent$$00000011  c_w.l(_printf_llx.o)
    0x0800024e   0x0800024e   0x0000000a   Code   RO          846    .ARM.Collect$$_printf_percent$$00000012  c_w.l(_printf_l.o)
    0x08000258   0x08000258   0x00000006   Code   RO          830    .ARM.Collect$$_printf_percent$$00000013  c_w.l(_printf_c.o)
    0x0800025e   0x0800025e   0x00000006   Code   RO          831    .ARM.Collect$$_printf_percent$$00000014  c_w.l(_printf_s.o)
    0x08000264   0x08000264   0x00000006   Code   RO          847    .ARM.Collect$$_printf_percent$$00000015  c_w.l(_printf_lc.o)
    0x0800026a   0x0800026a   0x00000006   Code   RO          848    .ARM.Collect$$_printf_percent$$00000016  c_w.l(_printf_ls.o)
    0x08000270   0x08000270   0x00000004   Code   RO          841    .ARM.Collect$$_printf_percent$$00000017  c_w.l(_printf_percent_end.o)
    0x08000274   0x08000274   0x00000002   Code   RO          946    .ARM.Collect$$libinit$$00000000  c_w.l(libinit.o)
    0x08000276   0x08000276   0x00000000   Code   RO          962    .ARM.Collect$$libinit$$00000002  c_w.l(libinit2.o)
    0x08000276   0x08000276   0x00000000   Code   RO          964    .ARM.Collect$$libinit$$00000004  c_w.l(libinit2.o)
    0x08000276   0x08000276   0x00000000   Code   RO          967    .ARM.Collect$$libinit$$0000000A  c_w.l(libinit2.o)
    0x08000276   0x08000276   0x00000000   Code   RO          969    .ARM.Collect$$libinit$$0000000C  c_w.l(libinit2.o)
    0x08000276   0x08000276   0x00000000   Code   RO          971    .ARM.Collect$$libinit$$0000000E  c_w.l(libinit2.o)
    0x08000276   0x08000276   0x00000006   Code   RO          972    .ARM.Collect$$libinit$$0000000F  c_w.l(libinit2.o)
    0x0800027c   0x0800027c   0x00000000   Code   RO          974    .ARM.Collect$$libinit$$00000011  c_w.l(libinit2.o)
    0x0800027c   0x0800027c   0x0000000c   Code   RO          975    .ARM.Collect$$libinit$$00000012  c_w.l(libinit2.o)
    0x08000288   0x08000288   0x00000000   Code   RO          976    .ARM.Collect$$libinit$$00000013  c_w.l(libinit2.o)
    0x08000288   0x08000288   0x00000000   Code   RO          978    .ARM.Collect$$libinit$$00000015  c_w.l(libinit2.o)
    0x08000288   0x08000288   0x0000000a   Code   RO          979    .ARM.Collect$$libinit$$00000016  c_w.l(libinit2.o)
    0x08000292   0x08000292   0x00000000   Code   RO          980    .ARM.Collect$$libinit$$00000017  c_w.l(libinit2.o)
    0x08000292   0x08000292   0x00000000   Code   RO          982    .ARM.Collect$$libinit$$00000019  c_w.l(libinit2.o)
    0x08000292   0x08000292   0x00000000   Code   RO          984    .ARM.Collect$$libinit$$0000001B  c_w.l(libinit2.o)
    0x08000292   0x08000292   0x00000000   Code   RO          986    .ARM.Collect$$libinit$$0000001D  c_w.l(libinit2.o)
    0x08000292   0x08000292   0x00000000   Code   RO          988    .ARM.Collect$$libinit$$0000001F  c_w.l(libinit2.o)
    0x08000292   0x08000292   0x00000000   Code   RO          990    .ARM.Collect$$libinit$$00000021  c_w.l(libinit2.o)
    0x08000292   0x08000292   0x00000000   Code   RO          992    .ARM.Collect$$libinit$$00000023  c_w.l(libinit2.o)
    0x08000292   0x08000292   0x00000000   Code   RO          994    .ARM.Collect$$libinit$$00000025  c_w.l(libinit2.o)
    0x08000292   0x08000292   0x00000000   Code   RO          998    .ARM.Collect$$libinit$$0000002C  c_w.l(libinit2.o)
    0x08000292   0x08000292   0x00000000   Code   RO         1000    .ARM.Collect$$libinit$$0000002E  c_w.l(libinit2.o)
    0x08000292   0x08000292   0x00000000   Code   RO         1002    .ARM.Collect$$libinit$$00000030  c_w.l(libinit2.o)
    0x08000292   0x08000292   0x00000000   Code   RO         1004    .ARM.Collect$$libinit$$00000032  c_w.l(libinit2.o)
    0x08000292   0x08000292   0x00000002   Code   RO         1005    .ARM.Collect$$libinit$$00000033  c_w.l(libinit2.o)
    0x08000294   0x08000294   0x00000002   Code   RO         1023    .ARM.Collect$$libshutdown$$00000000  c_w.l(libshutdown.o)
    0x08000296   0x08000296   0x00000000   Code   RO         1033    .ARM.Collect$$libshutdown$$00000002  c_w.l(libshutdown2.o)
    0x08000296   0x08000296   0x00000000   Code   RO         1035    .ARM.Collect$$libshutdown$$00000004  c_w.l(libshutdown2.o)
    0x08000296   0x08000296   0x00000000   Code   RO         1038    .ARM.Collect$$libshutdown$$00000007  c_w.l(libshutdown2.o)
    0x08000296   0x08000296   0x00000000   Code   RO         1041    .ARM.Collect$$libshutdown$$0000000A  c_w.l(libshutdown2.o)
    0x08000296   0x08000296   0x00000000   Code   RO         1043    .ARM.Collect$$libshutdown$$0000000C  c_w.l(libshutdown2.o)
    0x08000296   0x08000296   0x00000000   Code   RO         1046    .ARM.Collect$$libshutdown$$0000000F  c_w.l(libshutdown2.o)
    0x08000296   0x08000296   0x00000002   Code   RO         1047    .ARM.Collect$$libshutdown$$00000010  c_w.l(libshutdown2.o)
    0x08000298   0x08000298   0x00000000   Code   RO          804    .ARM.Collect$$rtentry$$00000000  c_w.l(__rtentry.o)
    0x08000298   0x08000298   0x00000000   Code   RO          867    .ARM.Collect$$rtentry$$00000002  c_w.l(__rtentry2.o)
    0x08000298   0x08000298   0x00000006   Code   RO          879    .ARM.Collect$$rtentry$$00000004  c_w.l(__rtentry4.o)
    0x0800029e   0x0800029e   0x00000000   Code   RO          869    .ARM.Collect$$rtentry$$00000009  c_w.l(__rtentry2.o)
    0x0800029e   0x0800029e   0x00000004   Code   RO          870    .ARM.Collect$$rtentry$$0000000A  c_w.l(__rtentry2.o)
    0x080002a2   0x080002a2   0x00000000   Code   RO          872    .ARM.Collect$$rtentry$$0000000C  c_w.l(__rtentry2.o)
    0x080002a2   0x080002a2   0x00000008   Code   RO          873    .ARM.Collect$$rtentry$$0000000D  c_w.l(__rtentry2.o)
    0x080002aa   0x080002aa   0x00000002   Code   RO          954    .ARM.Collect$$rtexit$$00000000  c_w.l(rtexit.o)
    0x080002ac   0x080002ac   0x00000000   Code   RO         1007    .ARM.Collect$$rtexit$$00000002  c_w.l(rtexit2.o)
    0x080002ac   0x080002ac   0x00000004   Code   RO         1008    .ARM.Collect$$rtexit$$00000003  c_w.l(rtexit2.o)
    0x080002b0   0x080002b0   0x00000006   Code   RO         1009    .ARM.Collect$$rtexit$$00000004  c_w.l(rtexit2.o)
    0x080002b6   0x080002b6   0x00000002   PAD
    0x080002b8   0x080002b8   0x000001e8   Code   RO            1    .text               main.o
    0x080004a0   0x080004a0   0x00000012   Code   RO          172    .text               stm32f10x_it.o
    0x080004b2   0x080004b2   0x00000002   PAD
    0x080004b4   0x080004b4   0x00000174   Code   RO          213    .text               system_stm32f10x.o
    0x08000628   0x08000628   0x00000050   Code   RO          231    .text               led.o
    0x08000678   0x08000678   0x00000730   Code   RO          259    .text               lcd.o
    0x08000da8   0x08000da8   0x00000308   Code   RO          299    .text               lcd_init.o
    0x080010b0   0x080010b0   0x000001e8   Code   RO          311    .text               stm32f10x_dma.o
    0x08001298   0x08001298   0x00000098   Code   RO          323    .text               delay.o
    0x08001330   0x08001330   0x000001c4   Code   RO          354    .text               usart.o
    0x080014f4   0x080014f4   0x00000040   Code   RO          393    .text               startup_stm32f10x_hd.o
    0x08001534   0x08001534   0x000000b8   Code   RO          397    .text               misc.o
    0x080015ec   0x080015ec   0x00000298   Code   RO          409    .text               stm32f10x_gpio.o
    0x08001884   0x08001884   0x000002f4   Code   RO          421    .text               stm32f10x_rcc.o
    0x08001b78   0x08001b78   0x0000039c   Code   RO          435    .text               stm32f10x_usart.o
    0x08001f14   0x08001f14   0x000000ec   Code   RO          447    .text               stm32f10x_exti.o
    0x08002000   0x08002000   0x00000858   Code   RO          459    .text               usb_core.o
    0x08002858   0x08002858   0x00000028   Code   RO          474    .text               usb_init.o
    0x08002880   0x08002880   0x00000224   Code   RO          500    .text               usb_int.o
    0x08002aa4   0x08002aa4   0x00000048   Code   RO          524    .text               usb_mem.o
    0x08002aec   0x08002aec   0x000006f8   Code   RO          536    .text               usb_regs.o
    0x080031e4   0x080031e4   0x0000006c   Code   RO          548    .text               usb_sil.o
    0x08003250   0x08003250   0x00000338   Code   RO          560    .text               hw_config.o
    0x08003588   0x08003588   0x00000118   Code   RO          608    .text               usb_endp.o
    0x080036a0   0x080036a0   0x00000164   Code   RO          628    .text               usb_istr.o
    0x08003804   0x08003804   0x00000208   Code   RO          648    .text               usb_prop.o
    0x08003a0c   0x08003a0c   0x00000174   Code   RO          673    .text               usb_pwr.o
    0x08003b80   0x08003b80   0x00000002   Code   RO          730    .text               c_w.l(use_no_semi_2.o)
    0x08003b82   0x08003b82   0x00000002   PAD
    0x08003b84   0x08003b84   0x00000024   Code   RO          732    .text               c_w.l(vsprintf.o)
    0x08003ba8   0x08003ba8   0x00000018   Code   RO          734    .text               c_w.l(__2printf.o)
    0x08003bc0   0x08003bc0   0x0000004e   Code   RO          740    .text               c_w.l(_printf_pad.o)
    0x08003c0e   0x08003c0e   0x00000002   PAD
    0x08003c10   0x08003c10   0x00000078   Code   RO          742    .text               c_w.l(_printf_dec.o)
    0x08003c88   0x08003c88   0x00000094   Code   RO          762    .text               c_w.l(_printf_hex_int_ll_ptr.o)
    0x08003d1c   0x08003d1c   0x00000188   Code   RO          782    .text               c_w.l(__printf_flags_ss_wp.o)
    0x08003ea4   0x08003ea4   0x0000003e   Code   RO          788    .text               c_w.l(strlen.o)
    0x08003ee2   0x08003ee2   0x0000008a   Code   RO          790    .text               c_w.l(rt_memcpy_v6.o)
    0x08003f6c   0x08003f6c   0x00000006   Code   RO          792    .text               c_w.l(heapauxi.o)
    0x08003f72   0x08003f72   0x00000002   Code   RO          802    .text               c_w.l(use_no_semi.o)
    0x08003f74   0x08003f74   0x00000024   Code   RO          805    .text               c_w.l(_printf_truncate.o)
    0x08003f98   0x08003f98   0x00000052   Code   RO          807    .text               c_w.l(_printf_str.o)
    0x08003fea   0x08003fea   0x000000b2   Code   RO          809    .text               c_w.l(_printf_intcommon.o)
    0x0800409c   0x0800409c   0x00000028   Code   RO          811    .text               c_w.l(_printf_charcount.o)
    0x080040c4   0x080040c4   0x00000030   Code   RO          813    .text               c_w.l(_printf_char_common.o)
    0x080040f4   0x080040f4   0x0000000a   Code   RO          815    .text               c_w.l(_sputc.o)
    0x080040fe   0x080040fe   0x00000002   PAD
    0x08004100   0x08004100   0x00000024   Code   RO          817    .text               c_w.l(_printf_char_file.o)
    0x08004124   0x08004124   0x000000bc   Code   RO          819    .text               c_w.l(_printf_wctomb.o)
    0x080041e0   0x080041e0   0x0000007c   Code   RO          822    .text               c_w.l(_printf_longlong_dec.o)
    0x0800425c   0x0800425c   0x00000070   Code   RO          828    .text               c_w.l(_printf_oct_int_ll.o)
    0x080042cc   0x080042cc   0x00000064   Code   RO          851    .text               c_w.l(rt_memcpy_w.o)
    0x08004330   0x08004330   0x0000008a   Code   RO          881    .text               c_w.l(lludiv10.o)
    0x080043ba   0x080043ba   0x0000041e   Code   RO          883    .text               c_w.l(_printf_fp_dec.o)
    0x080047d8   0x080047d8   0x000002fc   Code   RO          885    .text               c_w.l(_printf_fp_hex.o)
    0x08004ad4   0x08004ad4   0x0000002c   Code   RO          890    .text               c_w.l(_printf_char.o)
    0x08004b00   0x08004b00   0x0000002c   Code   RO          892    .text               c_w.l(_printf_wchar.o)
    0x08004b2c   0x08004b2c   0x00000008   Code   RO          894    .text               c_w.l(ferror.o)
    0x08004b34   0x08004b34   0x00000040   Code   RO          898    .text               c_w.l(_wcrtomb.o)
    0x08004b74   0x08004b74   0x0000004a   Code   RO          900    .text               c_w.l(sys_stackheap_outer.o)
    0x08004bbe   0x08004bbe   0x00000002   PAD
    0x08004bc0   0x08004bc0   0x00000010   Code   RO          902    .text               c_w.l(rt_ctype_table.o)
    0x08004bd0   0x08004bd0   0x00000008   Code   RO          907    .text               c_w.l(rt_locale_intlibspace.o)
    0x08004bd8   0x08004bd8   0x00000080   Code   RO          909    .text               c_w.l(_printf_fp_infnan.o)
    0x08004c58   0x08004c58   0x000000e4   Code   RO          911    .text               c_w.l(bigflt0.o)
    0x08004d3c   0x08004d3c   0x00000012   Code   RO          939    .text               c_w.l(exit.o)
    0x08004d4e   0x08004d4e   0x00000002   PAD
    0x08004d50   0x08004d50   0x00000008   Code   RO          951    .text               c_w.l(libspace.o)
    0x08004d58   0x08004d58   0x00000080   Code   RO          959    .text               c_w.l(strcmpv7m.o)
    0x08004dd8   0x08004dd8   0x0000003e   Code   RO          914    CL$$btod_d2e        c_w.l(btod.o)
    0x08004e16   0x08004e16   0x00000046   Code   RO          916    CL$$btod_d2e_denorm_low  c_w.l(btod.o)
    0x08004e5c   0x08004e5c   0x00000060   Code   RO          915    CL$$btod_d2e_norm_op1  c_w.l(btod.o)
    0x08004ebc   0x08004ebc   0x00000338   Code   RO          924    CL$$btod_div_common  c_w.l(btod.o)
    0x080051f4   0x080051f4   0x000000dc   Code   RO          921    CL$$btod_e2e        c_w.l(btod.o)
    0x080052d0   0x080052d0   0x0000002a   Code   RO          918    CL$$btod_ediv       c_w.l(btod.o)
    0x080052fa   0x080052fa   0x0000002a   Code   RO          917    CL$$btod_emul       c_w.l(btod.o)
    0x08005324   0x08005324   0x00000244   Code   RO          923    CL$$btod_mult_common  c_w.l(btod.o)
    0x08005568   0x08005568   0x00000028   Code   RO          949    i.__ARM_fpclassify  m_ws.l(fpclassify.o)
    0x08005590   0x08005590   0x0000000e   Code   RO          775    i._is_digit         c_w.l(__printf_wp.o)
    0x0800559e   0x0800559e   0x00000002   PAD
    0x080055a0   0x080055a0   0x0000002c   Code   RO          937    locale$$code        c_w.l(lc_numeric_c.o)
    0x080055cc   0x080055cc   0x0000002c   Code   RO          957    locale$$code        c_w.l(lc_ctype_c.o)
    0x080055f8   0x080055f8   0x0000003e   Code   RO          796    x$fpl$ffixu         fz_ws.l(ffixu.o)
    0x08005636   0x08005636   0x00000002   PAD
    0x08005638   0x08005638   0x00000102   Code   RO          800    x$fpl$fmul          fz_ws.l(fmul.o)
    0x0800573a   0x0800573a   0x0000008c   Code   RO          853    x$fpl$fnaninf       fz_ws.l(fnaninf.o)
    0x080057c6   0x080057c6   0x0000000a   Code   RO          855    x$fpl$fretinf       fz_ws.l(fretinf.o)
    0x080057d0   0x080057d0   0x00000004   Code   RO          857    x$fpl$printf1       fz_ws.l(printf1.o)
    0x080057d4   0x080057d4   0x00000004   Code   RO          859    x$fpl$printf2       fz_ws.l(printf2.o)
    0x080057d8   0x080057d8   0x00000000   Code   RO          865    x$fpl$usenofp       fz_ws.l(usenofp.o)
    0x080057d8   0x080057d8   0x000021ac   Data   RO          261    .constdata          lcd.o
    0x08007984   0x08007984   0x00000012   Data   RO          590    .constdata          usb_desc.o
    0x08007996   0x08007996   0x00000043   Data   RO          591    .constdata          usb_desc.o
    0x080079d9   0x080079d9   0x00000004   Data   RO          592    .constdata          usb_desc.o
    0x080079dd   0x080079dd   0x00000026   Data   RO          593    .constdata          usb_desc.o
    0x08007a03   0x08007a03   0x00000032   Data   RO          594    .constdata          usb_desc.o
    0x08007a35   0x08007a35   0x00000028   Data   RO          763    .constdata          c_w.l(_printf_hex_int_ll_ptr.o)
    0x08007a5d   0x08007a5d   0x00000011   Data   RO          783    .constdata          c_w.l(__printf_flags_ss_wp.o)
    0x08007a6e   0x08007a6e   0x00000002   PAD
    0x08007a70   0x08007a70   0x00000008   Data   RO          820    .constdata          c_w.l(_printf_wctomb.o)
    0x08007a78   0x08007a78   0x00000026   Data   RO          886    .constdata          c_w.l(_printf_fp_hex.o)
    0x08007a9e   0x08007a9e   0x00000002   PAD
    0x08007aa0   0x08007aa0   0x00000094   Data   RO          912    .constdata          c_w.l(bigflt0.o)
    0x08007b34   0x08007b34   0x00000020   Data   RO         1079    Region$$Table       anon$$obj.o
    0x08007b54   0x08007b54   0x0000001c   Data   RO          936    locale$$data        c_w.l(lc_numeric_c.o)
    0x08007b70   0x08007b70   0x00000110   Data   RO          956    locale$$data        c_w.l(lc_ctype_c.o)


    Execution Region RW_IRAM1 (Exec base: 0x20000000, Load base: 0x08007c80, Size: 0x000022c8, Max: 0x00005000, ABSOLUTE, COMPRESSED[0x00000090])

    Exec Addr    Load Addr    Size         Type   Attr      Idx    E Section Name        Object

    0x20000000   COMPRESSED   0x00000014   Data   RW          214    .data               system_stm32f10x.o
    0x20000014   COMPRESSED   0x0000000a   Data   RW          263    .data               lcd.o
    0x2000001e   COMPRESSED   0x00000004   Data   RW          324    .data               delay.o
    0x20000022   COMPRESSED   0x00000002   PAD
    0x20000024   COMPRESSED   0x00000008   Data   RW          356    .data               usart.o
    0x2000002c   COMPRESSED   0x00000004   Data   RW          358    .data               usart.o
    0x20000030   COMPRESSED   0x00000014   Data   RW          422    .data               stm32f10x_rcc.o
    0x20000044   COMPRESSED   0x00000004   Data   RW          460    .data               usb_core.o
    0x20000048   COMPRESSED   0x00000001   Data   RW          476    .data               usb_init.o
    0x20000049   COMPRESSED   0x00000003   PAD
    0x2000004c   COMPRESSED   0x0000000c   Data   RW          477    .data               usb_init.o
    0x20000058   COMPRESSED   0x00000002   Data   RW          479    .data               usb_init.o
    0x2000005a   COMPRESSED   0x00000004   Data   RW          501    .data               usb_int.o
    0x2000005e   COMPRESSED   0x00000002   Data   RW          562    .data               hw_config.o
    0x20000060   COMPRESSED   0x0000001a   Data   RW          595    .data               usb_desc.o
    0x2000007a   COMPRESSED   0x00000002   PAD
    0x2000007c   COMPRESSED   0x00000004   Data   RW          610    .data               usb_endp.o
    0x20000080   COMPRESSED   0x0000000c   Data   RW          629    .data               usb_istr.o
    0x2000008c   COMPRESSED   0x0000001c   Data   RW          630    .data               usb_istr.o
    0x200000a8   COMPRESSED   0x0000001c   Data   RW          631    .data               usb_istr.o
    0x200000c4   COMPRESSED   0x0000006c   Data   RW          649    .data               usb_prop.o
    0x20000130   COMPRESSED   0x00000002   Data   RW          650    .data               usb_prop.o
    0x20000132   COMPRESSED   0x00000002   PAD
    0x20000134   COMPRESSED   0x00000024   Data   RW          651    .data               usb_prop.o
    0x20000158   COMPRESSED   0x00000004   Data   RW          675    .data               usb_pwr.o
    0x2000015c   COMPRESSED   0x00000001   Data   RW          676    .data               usb_pwr.o
    0x2000015d   COMPRESSED   0x00000003   PAD
    0x20000160   COMPRESSED   0x00000008   Data   RW          677    .data               usb_pwr.o
    0x20000168        -       0x00000280   Zero   RW          260    .bss                lcd.o
    0x200003e8        -       0x0000001c   Zero   RW          475    .bss                usb_init.o
    0x20000404        -       0x00001804   Zero   RW          561    .bss                hw_config.o
    0x20001c08        -       0x00000040   Zero   RW          609    .bss                usb_endp.o
    0x20001c48        -       0x00000020   Zero   RW          674    .bss                usb_pwr.o
    0x20001c68        -       0x00000060   Zero   RW          952    .bss                c_w.l(libspace.o)
    0x20001cc8        -       0x00000200   Zero   RW          391    HEAP                startup_stm32f10x_hd.o
    0x20001ec8        -       0x00000400   Zero   RW          390    STACK               startup_stm32f10x_hd.o


==============================================================================

Image component sizes


      Code (inc. data)   RO Data    RW Data    ZI Data      Debug   Object Name

       152         14          0          4          0       1019   delay.o
       824        252          0          2       6148       6257   hw_config.o
      1840         28       8620         10        640      10851   lcd.o
       776          6          0          0          0       2189   lcd_init.o
        80         10          0          0          0        491   led.o
       488        134          0          0          0     256419   main.o
       184         12          0          0          0       1925   misc.o
        64         26        304          0       1536        792   startup_stm32f10x_hd.o
       488         10          0          0          0       4790   stm32f10x_dma.o
       236         10          0          0          0       2411   stm32f10x_exti.o
       664         36          0          0          0       6213   stm32f10x_gpio.o
        18          0          0          0          0       1154   stm32f10x_it.o
       756         32          0         20          0       9332   stm32f10x_rcc.o
       924         20          0          0          0       9172   stm32f10x_usart.o
         0          0          0          0          0         32   sys.o
       372         34          0         20          0       1759   system_stm32f10x.o
       452         22          0         12          0       4433   usart.o
      2136         90          0          4          0       8839   usb_core.o
         0          0        177         26          0       1059   usb_desc.o
       280         36          0          4         64       1840   usb_endp.o
        40         18          0         15         28       4106   usb_init.o
       548         30          0          4          0       2055   usb_int.o
       356         26          0         68          0       1675   usb_istr.o
        72          4          0          0          0       1546   usb_mem.o
       520         22          0        146          0       7279   usb_prop.o
       372         28          0         13         32       2939   usb_pwr.o
      1784         26          0          0          0      11789   usb_regs.o
       108         10          0          0          0       1462   usb_sil.o

    ----------------------------------------------------------------------
     14536        936       9133        360       8448     363828   Object Totals
         0          0         32          0          0          0   (incl. Generated)
         2          0          0         12          0          0   (incl. Padding)

    ----------------------------------------------------------------------

      Code (inc. data)   RO Data    RW Data    ZI Data      Debug   Library Member Name

        24          4          0          0          0         84   __2printf.o
        90          0          0          0          0          0   __dczerorl2.o
         8          0          0          0          0         68   __main.o
       392          4         17          0          0         92   __printf_flags_ss_wp.o
        14          0          0          0          0         68   __printf_wp.o
         0          0          0          0          0          0   __rtentry.o
        12          0          0          0          0          0   __rtentry2.o
         6          0          0          0          0          0   __rtentry4.o
        52          8          0          0          0          0   __scatter.o
        28          0          0          0          0          0   __scatter_zi.o
         6          0          0          0          0          0   _printf_a.o
         6          0          0          0          0          0   _printf_c.o
        44          0          0          0          0        108   _printf_char.o
        48          6          0          0          0         96   _printf_char_common.o
        36          4          0          0          0         80   _printf_char_file.o
        40          0          0          0          0         68   _printf_charcount.o
         6          0          0          0          0          0   _printf_d.o
       120         16          0          0          0         92   _printf_dec.o
         6          0          0          0          0          0   _printf_e.o
         6          0          0          0          0          0   _printf_f.o
      1054          0          0          0          0        216   _printf_fp_dec.o
       764          8         38          0          0        100   _printf_fp_hex.o
       128         16          0          0          0         84   _printf_fp_infnan.o
         6          0          0          0          0          0   _printf_g.o
       148          4         40          0          0        160   _printf_hex_int_ll_ptr.o
         6          0          0          0          0          0   _printf_i.o
       178          0          0          0          0         88   _printf_intcommon.o
        10          0          0          0          0          0   _printf_l.o
         6          0          0          0          0          0   _printf_lc.o
        10          0          0          0          0          0   _printf_ll.o
         6          0          0          0          0          0   _printf_lld.o
         6          0          0          0          0          0   _printf_lli.o
         6          0          0          0          0          0   _printf_llo.o
         6          0          0          0          0          0   _printf_llu.o
         6          0          0          0          0          0   _printf_llx.o
       124         16          0          0          0         92   _printf_longlong_dec.o
         6          0          0          0          0          0   _printf_ls.o
         6          0          0          0          0          0   _printf_n.o
         6          0          0          0          0          0   _printf_o.o
       112         10          0          0          0        124   _printf_oct_int_ll.o
         6          0          0          0          0          0   _printf_p.o
        78          0          0          0          0        108   _printf_pad.o
         0          0          0          0          0          0   _printf_percent.o
         4          0          0          0          0          0   _printf_percent_end.o
         6          0          0          0          0          0   _printf_s.o
        82          0          0          0          0         80   _printf_str.o
        36          0          0          0          0         84   _printf_truncate.o
         6          0          0          0          0          0   _printf_u.o
        44          0          0          0          0        108   _printf_wchar.o
       188          6          8          0          0         92   _printf_wctomb.o
         6          0          0          0          0          0   _printf_x.o
        10          0          0          0          0         68   _sputc.o
        64          0          0          0          0         92   _wcrtomb.o
       228          4        148          0          0         96   bigflt0.o
      1936        128          0          0          0        672   btod.o
        18          0          0          0          0         80   exit.o
         8          0          0          0          0         68   ferror.o
         6          0          0          0          0        152   heapauxi.o
        44         10        272          0          0         76   lc_ctype_c.o
        44         10         28          0          0         76   lc_numeric_c.o
         2          0          0          0          0          0   libinit.o
        30          0          0          0          0          0   libinit2.o
         2          0          0          0          0          0   libshutdown.o
         2          0          0          0          0          0   libshutdown2.o
         8          4          0          0         96         68   libspace.o
       138          0          0          0          0         80   lludiv10.o
        16          4          0          0          0         76   rt_ctype_table.o
         8          4          0          0          0         68   rt_locale_intlibspace.o
       138          0          0          0          0         68   rt_memcpy_v6.o
       100          0          0          0          0         80   rt_memcpy_w.o
         2          0          0          0          0          0   rtexit.o
        10          0          0          0          0          0   rtexit2.o
       128          0          0          0          0         68   strcmpv7m.o
        62          0          0          0          0         76   strlen.o
        74          0          0          0          0         80   sys_stackheap_outer.o
         2          0          0          0          0         68   use_no_semi.o
         2          0          0          0          0         68   use_no_semi_2.o
        36          4          0          0          0         76   vsprintf.o
        62          4          0          0          0         84   ffixu.o
       258          4          0          0          0         84   fmul.o
       140          4          0          0          0         84   fnaninf.o
        10          0          0          0          0         68   fretinf.o
         4          0          0          0          0         68   printf1.o
         4          0          0          0          0         68   printf2.o
         0          0          0          0          0          0   usenofp.o
        40          0          0          0          0         68   fpclassify.o

    ----------------------------------------------------------------------
      7648        282        555          0         96       4872   Library Totals
        18          0          4          0          0          0   (incl. Padding)

    ----------------------------------------------------------------------

      Code (inc. data)   RO Data    RW Data    ZI Data      Debug   Library Name

      7112        270        551          0         96       4348   c_w.l
       478         12          0          0          0        456   fz_ws.l
        40          0          0          0          0         68   m_ws.l

    ----------------------------------------------------------------------
      7648        282        555          0         96       4872   Library Totals

    ----------------------------------------------------------------------

==============================================================================


      Code (inc. data)   RO Data    RW Data    ZI Data      Debug   

     22184       1218       9688        360       8544     363496   Grand Totals
     22184       1218       9688        144       8544     363496   ELF Image Totals (compressed)
     22184       1218       9688        144          0          0   ROM Totals

==============================================================================

    Total RO  Size (Code + RO Data)                31872 (  31.13kB)
    Total RW  Size (RW Data + ZI Data)              8904 (   8.70kB)
    Total ROM Size (Code + RO Data + RW Data)      32016 (  31.27kB)

==============================================================================

