Component: ARM Compiler 5.06 update 6 (build 750) Tool: armlink [4d35ed]

==============================================================================

Section Cross References

    main.o(.text) refers to delay.o(.text) for delay_init
    main.o(.text) refers to misc.o(.text) for NVIC_PriorityGroupConfig
    main.o(.text) refers to usart.o(.text) for uart_init
    main.o(.text) refers to led.o(.text) for LED_Init
    main.o(.text) refers to hw_config.o(.text) for USB_Port_Set
    main.o(.text) refers to usb_init.o(.text) for USB_Init
    main.o(.text) refers to lcd_init.o(.text) for LCD_Init
    main.o(.text) refers to stm32f10x_gpio.o(.text) for GPIO_SetBits
    main.o(.text) refers to lcd.o(.text) for LCD_Fill
    main.o(.text) refers to usb_pwr.o(.data) for bDeviceState
    system_stm32f10x.o(.text) refers to system_stm32f10x.o(.data) for SystemCoreClock
    led.o(.text) refers to stm32f10x_rcc.o(.text) for RCC_APB2PeriphClockCmd
    led.o(.text) refers to stm32f10x_gpio.o(.text) for GPIO_Init
    key.o(.text) refers to stm32f10x_rcc.o(.text) for RCC_APB2PeriphClockCmd
    key.o(.text) refers to stm32f10x_gpio.o(.text) for GPIO_Init
    key.o(.text) refers to delay.o(.text) for delay_ms
    key.o(.text) refers to key.o(.data) for key_up
    lcd.o(.text) refers to lcd_init.o(.text) for TFT_SetWindows
    lcd.o(.text) refers to lcd.o(.constdata) for tfont32
    lcd.o(.text) refers to fmul.o(x$fpl$fmul) for __aeabi_fmul
    lcd.o(.text) refers to ffixu.o(x$fpl$ffixu) for __aeabi_f2uiz
    lcd.o(.text) refers to lcd.o(.data) for Rx_Buffer_Cnt
    lcd.o(.text) refers to lcd.o(.bss) for lcd_buff
    lcd_init.o(.text) refers to stm32f10x_rcc.o(.text) for RCC_APB2PeriphClockCmd
    lcd_init.o(.text) refers to stm32f10x_gpio.o(.text) for GPIO_Init
    lcd_init.o(.text) refers to delay.o(.text) for delay_ms
    delay.o(.text) refers to misc.o(.text) for SysTick_CLKSourceConfig
    delay.o(.text) refers to system_stm32f10x.o(.data) for SystemCoreClock
    delay.o(.text) refers to delay.o(.data) for fac_us
    usart.o(.text) refers (Special) to use_no_semi_2.o(.text) for __use_no_semihosting
    usart.o(.text) refers to stm32f10x_rcc.o(.text) for RCC_APB2PeriphClockCmd
    usart.o(.text) refers to stm32f10x_gpio.o(.text) for GPIO_Init
    usart.o(.text) refers to misc.o(.text) for NVIC_Init
    usart.o(.text) refers to stm32f10x_usart.o(.text) for USART_Init
    usart.o(.text) refers to usart.o(.data) for USART_RX_STA
    usart.o(.text) refers to usart.o(.bss) for USART_RX_BUF
    usart.o(.bss) refers (Special) to use_no_semi_2.o(.text) for __use_no_semihosting
    usart.o(.data) refers (Special) to use_no_semi_2.o(.text) for __use_no_semihosting
    startup_stm32f10x_hd.o(STACK) refers (Special) to heapauxi.o(.text) for __use_two_region_memory
    startup_stm32f10x_hd.o(HEAP) refers (Special) to heapauxi.o(.text) for __use_two_region_memory
    startup_stm32f10x_hd.o(RESET) refers (Special) to heapauxi.o(.text) for __use_two_region_memory
    startup_stm32f10x_hd.o(RESET) refers to startup_stm32f10x_hd.o(STACK) for __initial_sp
    startup_stm32f10x_hd.o(RESET) refers to startup_stm32f10x_hd.o(.text) for Reset_Handler
    startup_stm32f10x_hd.o(RESET) refers to stm32f10x_it.o(.text) for NMI_Handler
    startup_stm32f10x_hd.o(RESET) refers to hw_config.o(.text) for USB_LP_CAN1_RX0_IRQHandler
    startup_stm32f10x_hd.o(RESET) refers to usart.o(.text) for USART1_IRQHandler
    startup_stm32f10x_hd.o(.text) refers (Special) to heapauxi.o(.text) for __use_two_region_memory
    startup_stm32f10x_hd.o(.text) refers to system_stm32f10x.o(.text) for SystemInit
    startup_stm32f10x_hd.o(.text) refers to __main.o(!!!main) for __main
    startup_stm32f10x_hd.o(.text) refers to startup_stm32f10x_hd.o(HEAP) for Heap_Mem
    startup_stm32f10x_hd.o(.text) refers to startup_stm32f10x_hd.o(STACK) for Stack_Mem
    stm32f10x_gpio.o(.text) refers to stm32f10x_rcc.o(.text) for RCC_APB2PeriphResetCmd
    stm32f10x_rcc.o(.text) refers to stm32f10x_rcc.o(.data) for APBAHBPrescTable
    stm32f10x_usart.o(.text) refers to stm32f10x_rcc.o(.text) for RCC_APB2PeriphResetCmd
    usb_core.o(.text) refers to usb_regs.o(.text) for ClearDTOG_TX
    usb_core.o(.text) refers to usb_init.o(.data) for pInformation
    usb_core.o(.text) refers to usb_prop.o(.data) for Device_Table
    usb_core.o(.text) refers to usb_core.o(.data) for StatusInfo
    usb_core.o(.text) refers to usb_mem.o(.text) for PMAToUserBufferCopy
    usb_core.o(.text) refers to usb_int.o(.data) for SaveRState
    usb_init.o(.text) refers to usb_init.o(.bss) for Device_Info
    usb_init.o(.text) refers to usb_init.o(.data) for pInformation
    usb_init.o(.text) refers to usb_prop.o(.data) for Device_Property
    usb_int.o(.text) refers to usb_core.o(.text) for In0_Process
    usb_int.o(.text) refers to usb_istr.o(.data) for wIstr
    usb_int.o(.text) refers to usb_init.o(.data) for EPindex
    usb_int.o(.text) refers to usb_int.o(.data) for SaveRState
[...]
    x$fpl$fnaninf                            0x08005a76   Section      140  fnaninf.o(x$fpl$fnaninf)
    x$fpl$fretinf                            0x08005b02   Section       10  fretinf.o(x$fpl$fretinf)
    x$fpl$printf1                            0x08005b0c   Section        4  printf1.o(x$fpl$printf1)
    .constdata                               0x08005b10   Section     8790  lcd.o(.constdata)
    x$fpl$usenofp                            0x08005b10   Section        0  usenofp.o(x$fpl$usenofp)
    .constdata                               0x08007d66   Section      177  usb_desc.o(.constdata)
    .constdata                               0x08007e17   Section       17  __printf_flags_ss_wp.o(.constdata)
    maptable                                 0x08007e17   Data          17  __printf_flags_ss_wp.o(.constdata)
    .constdata                               0x08007e28   Section        8  _printf_wctomb.o(.constdata)
    initial_mbstate                          0x08007e28   Data           8  _printf_wctomb.o(.constdata)
    .constdata                               0x08007e30   Section       40  _printf_hex_int_ll_ptr.o(.constdata)
    uc_hextab                                0x08007e30   Data          20  _printf_hex_int_ll_ptr.o(.constdata)
    lc_hextab                                0x08007e44   Data          20  _printf_hex_int_ll_ptr.o(.constdata)
    .constdata                               0x08007e58   Section      148  bigflt0.o(.constdata)
    tenpwrs_x                                0x08007e58   Data          60  bigflt0.o(.constdata)
    tenpwrs_i                                0x08007e94   Data          64  bigflt0.o(.constdata)
    locale$$data                             0x08007f0c   Section       28  lc_numeric_c.o(locale$$data)
    __lcnum_c_name                           0x08007f10   Data           2  lc_numeric_c.o(locale$$data)
    __lcnum_c_start                          0x08007f18   Data           0  lc_numeric_c.o(locale$$data)
    __lcnum_c_point                          0x08007f24   Data           0  lc_numeric_c.o(locale$$data)
    __lcnum_c_thousands                      0x08007f26   Data           0  lc_numeric_c.o(locale$$data)
    __lcnum_c_grouping                       0x08007f27   Data           0  lc_numeric_c.o(locale$$data)
    locale$$data                             0x08007f28   Section      272  lc_ctype_c.o(locale$$data)
    __lcnum_c_end                            0x08007f28   Data           0  lc_numeric_c.o(locale$$data)
    __lcctype_c_name                         0x08007f2c   Data           2  lc_ctype_c.o(locale$$data)
    __lcctype_c_start                        0x08007f34   Data           0  lc_ctype_c.o(locale$$data)
    __lcctype_c_end                          0x08008038   Data           0  lc_ctype_c.o(locale$$data)
    .data                                    0x20000000   Section       20  system_stm32f10x.o(.data)
    .data                                    0x20000014   Section        5  lcd.o(.data)
    .data                                    0x2000001a   Section        4  delay.o(.data)
    fac_us                                   0x2000001a   Data           1  delay.o(.data)
    fac_ms                                   0x2000001c   Data           2  delay.o(.data)
    .data                                    0x20000020   Section        6  usart.o(.data)
    .data                                    0x20000026   Section       20  stm32f10x_rcc.o(.data)
    APBAHBPrescTable                         0x20000026   Data          16  stm32f10x_rcc.o(.data)
    ADCPrescTable                            0x20000036   Data           4  stm32f10x_rcc.o(.data)
    .data                                    0x2000003a   Section        3  usb_core.o(.data)
    .data                                    0x20000040   Section       20  usb_init.o(.data)
    .data                                    0x20000054   Section        4  usb_int.o(.data)
    .data                                    0x20000058   Section        2  hw_config.o(.data)
    .data                                    0x2000005a   Section       26  usb_desc.o(.data)
    .data                                    0x20000074   Section        4  usb_endp.o(.data)
    FrameCount                               0x20000074   Data           4  usb_endp.o(.data)
    .data                                    0x20000078   Section       68  usb_istr.o(.data)
    .data                                    0x200000bc   Section      148  usb_prop.o(.data)
    .data                                    0x20000150   Section       12  usb_pwr.o(.data)
    .bss                                     0x2000015c   Section      640  lcd.o(.bss)
    .bss                                     0x200003dc   Section      200  usart.o(.bss)
    .bss                                     0x200004a4   Section       28  usb_init.o(.bss)
    .bss                                     0x200004c0   Section     6148  hw_config.o(.bss)
    .bss                                     0x20001cc4   Section       64  usb_endp.o(.bss)
    .bss                                     0x20001d04   Section       32  usb_pwr.o(.bss)
    .bss                                     0x20001d24   Section       96  libspace.o(.bss)
    HEAP                                     0x20001d88   Section      512  startup_stm32f10x_hd.o(HEAP)
    Heap_Mem                                 0x20001d88   Data         512  startup_stm32f10x_hd.o(HEAP)
    STACK                                    0x20001f88   Section     1024  startup_stm32f10x_hd.o(STACK)
    Stack_Mem                                0x20001f88   Data        1024  startup_stm32f10x_hd.o(STACK)
    __initial_sp                             0x20002388   Data           0  startup_stm32f10x_hd.o(STACK)

    Global Symbols

    Symbol Name                              Value     Ov Type        Size  Object(Section)

    BuildAttributes$$THM_ISAv4$P$D$K$B$S$PE$A:L22UL41UL21$X:L11$S22US41US21$IEEE1$IW$USESV6$~STKCKD$USESV7$~SHL$OTIME$ROPI$IEEEJ$EBA8$UX$STANDARDLIB$REQ8$PRES8$EABIv2 0x00000000   Number         0  anon$$obj.o ABSOLUTE
    __ARM_use_no_argv                        0x00000000   Number         0  main.o ABSOLUTE
    _printf_flags                            0x00000000   Number         0  printf_stubs.o ABSOLUTE
    _printf_return_value                     0x00000000   Number         0  printf_stubs.o ABSOLUTE
    _printf_sizespec                         0x00000000   Number         0  printf_stubs.o ABSOLUTE
    _printf_widthprec                        0x00000000   Number         0  printf_stubs.o ABSOLUTE
    __ARM_exceptions_init                     - Undefined Weak Reference
    __alloca_initialize                       - Undefined Weak Reference
    __arm_preinit_                            - Undefined Weak Reference
    __cpp_initialize__aeabi_                  - Undefined Weak Reference
    __cxa_finalize                            - Undefined Weak Reference
    __sigvec_lookup                           - Undefined Weak Reference
    _atexit_init                              - Undefined Weak Reference
    _call_atexit_fns                          - Undefined Weak Reference
    _clock_init                               - Undefined Weak Reference
    _fp_trap_init                             - Undefined Weak Reference
    _fp_trap_shutdown                         - Undefined Weak Reference
    _get_lc_collate                           - Undefined Weak Reference
    _get_lc_monetary                          - Undefined Weak Reference
    _get_lc_time                              - Undefined Weak Reference
    _getenv_init                              - Undefined Weak Reference
    _handle_redirection                       - Undefined Weak Reference
    _init_alloc                               - Undefined Weak Reference
    _init_user_alloc                          - Undefined Weak Reference
    _initio                                   - Undefined Weak Reference
    _mutex_acquire                            - Undefined Weak Reference
    _mutex_release                            - Undefined Weak Reference
    _printf_fp_hex                            - Undefined Weak Reference
    _printf_mbtowc                            - Undefined Weak Reference
    _printf_wc                                - Undefined Weak Reference
    _rand_init                                - Undefined Weak Reference
    _signal_finish                            - Undefined Weak Reference
    _signal_init                              - Undefined Weak Reference
    _terminate_alloc                          - Undefined Weak Reference
    _terminate_user_alloc                     - Undefined Weak Reference
    _terminateio                              - Undefined Weak Reference
    __Vectors_Size                           0x00000130   Number         0  startup_stm32f10x_hd.o ABSOLUTE
    __Vectors                                0x08000000   Data           4  startup_stm32f10x_hd.o(RESET)
    __Vectors_End                            0x08000130   Data           0  startup_stm32f10x_hd.o(RESET)
    __main                                   0x08000131   Thumb Code     8  __main.o(!!!main)
    __scatterload                            0x08000139   Thumb Code     0  __scatter.o(!!!scatter)
    __scatterload_rt2                        0x08000139   Thumb Code    44  __scatter.o(!!!scatter)
    __scatterload_rt2_thumb_only             0x08000139   Thumb Code     0  __scatter.o(!!!scatter)
    __scatterload_null                       0x08000147   Thumb Code     0  __scatter.o(!!!scatter)
    __decompress                             0x0800016d   Thumb Code    90  __dczerorl2.o(!!dczerorl2)
    __decompress1                            0x0800016d   Thumb Code     0  __dczerorl2.o(!!dczerorl2)
    __scatterload_zeroinit                   0x080001c9   Thumb Code    28  __scatter_zi.o(!!handler_zi)
    _printf_n                                0x080001e5   Thumb Code     0  _printf_n.o(.ARM.Collect$$_printf_percent$$00000001)
    _printf_percent                          0x080001e5   Thumb Code     0  _printf_percent.o(.ARM.Collect$$_printf_percent$$00000000)
    _printf_p                                0x080001eb   Thumb Code     0  _printf_p.o(.ARM.Collect$$_printf_percent$$00000002)
    _printf_f                                0x080001f1   Thumb Code     0  _printf_f.o(.ARM.Collect$$_printf_percent$$00000003)
    _printf_e                                0x080001f7   Thumb Code     0  _printf_e.o(.ARM.Collect$$_printf_percent$$00000004)
    _printf_g                                0x080001fd   Thumb Code     0  _printf_g.o(.ARM.Collect$$_printf_percent$$00000005)
    _printf_a                                0x08000203   Thumb Code     0  _printf_a.o(.ARM.Collect$$_printf_percent$$00000006)
    _printf_ll                               0x08000209   Thumb Code     0  _printf_ll.o(.ARM.Collect$$_printf_percent$$00000007)
    _printf_i                                0x08000213   Thumb Code     0  _printf_i.o(.ARM.Collect$$_printf_percent$$00000008)
    _printf_d                                0x08000219   Thumb Code     0  _printf_d.o(.ARM.Collect$$_printf_percent$$00000009)
    _printf_u                                0x0800021f   Thumb Code     0  _printf_u.o(.ARM.Collect$$_printf_percent$$0000000A)
    _printf_o                                0x08000225   Thumb Code     0  _printf_o.o(.ARM.Collect$$_printf_percent$$0000000B)
    _printf_x                                0x0800022b   Thumb Code     0  _printf_x.o(.ARM.Collect$$_printf_percent$$0000000C)
    _printf_lli                              0x08000231   Thumb Code     0  _printf_lli.o(.ARM.Collect$$_printf_percent$$0000000D)
    _printf_lld                              0x08000237   Thumb Code     0  _printf_lld.o(.ARM.Collect$$_printf_percent$$0000000E)
    _printf_llu                              0x0800023d   Thumb Code     0  _printf_llu.o(.ARM.Collect$$_printf_percent$$0000000F)
    _printf_llo                              0x08000243   Thumb Code     0  _printf_llo.o(.ARM.Collect$$_printf_percent$$00000010)
    _printf_llx                              0x08000249   Thumb Code     0  _printf_llx.o(.ARM.Collect$$_printf_percent$$00000011)
    _printf_l                                0x0800024f   Thumb Code     0  _printf_l.o(.ARM.Collect$$_printf_percent$$00000012)
    _printf_c                                0x08000259   Thumb Code     0  _printf_c.o(.ARM.Collect$$_printf_percent$$00000013)
    _printf_s                                0x0800025f   Thumb Code     0  _printf_s.o(.ARM.Collect$$_printf_percent$$00000014)
    _printf_lc                               0x08000265   Thumb Code     0  _printf_lc.o(.ARM.Collect$$_printf_percent$$00000015)
    _printf_ls                               0x0800026b   Thumb Code     0  _printf_ls.o(.ARM.Collect$$_printf_percent$$00000016)
    _printf_percent_end                      0x08000271   Thumb Code     0  _printf_percent_end.o(.ARM.Collect$$_printf_percent$$00000017)
    __rt_lib_init                            0x08000275   Thumb Code     0  libinit.o(.ARM.Collect$$libinit$$00000000)
    __rt_lib_init_fp_1                       0x08000277   Thumb Code     0  libinit2.o(.ARM.Collect$$libinit$$00000002)
    __rt_lib_init_heap_1                     0x08000277   Thumb Code     0  libinit2.o(.ARM.Collect$$libinit$$0000000A)
    __rt_lib_init_lc_common                  0x08000277   Thumb Code     0  libinit2.o(.ARM.Collect$$libinit$$0000000F)
    __rt_lib_init_preinit_1                  0x08000277   Thumb Code     0  libinit2.o(.ARM.Collect$$libinit$$00000004)
    __rt_lib_init_rand_1                     0x08000277   Thumb Code     0  libinit2.o(.ARM.Collect$$libinit$$0000000E)
    __rt_lib_init_user_alloc_1               0x08000277   Thumb Code     0  libinit2.o(.ARM.Collect$$libinit$$0000000C)
    __rt_lib_init_lc_collate_1               0x0800027d   Thumb Code     0  libinit2.o(.ARM.Collect$$libinit$$00000011)
    __rt_lib_init_lc_ctype_2                 0x0800027d   Thumb Code     0  libinit2.o(.ARM.Collect$$libinit$$00000012)
    __rt_lib_init_lc_ctype_1                 0x08000289   Thumb Code     0  libinit2.o(.ARM.Collect$$libinit$$00000013)
    __rt_lib_init_lc_monetary_1              0x08000289   Thumb Code     0  libinit2.o(.ARM.Collect$$libinit$$00000015)
    __rt_lib_init_lc_numeric_2               0x08000289   Thumb Code     0  libinit2.o(.ARM.Collect$$libinit$$00000016)
    __rt_lib_init_alloca_1                   0x08000293   Thumb Code     0  libinit2.o(.ARM.Collect$$libinit$$0000002E)
    __rt_lib_init_argv_1                     0x08000293   Thumb Code     0  libinit2.o(.ARM.Collect$$libinit$$0000002C)
    __rt_lib_init_atexit_1                   0x08000293   Thumb Code     0  libinit2.o(.ARM.Collect$$libinit$$0000001B)
    __rt_lib_init_clock_1                    0x08000293   Thumb Code     0  libinit2.o(.ARM.Collect$$libinit$$00000021)
    __rt_lib_init_cpp_1                      0x08000293   Thumb Code     0  libinit2.o(.ARM.Collect$$libinit$$00000032)
    __rt_lib_init_exceptions_1               0x08000293   Thumb Code     0  libinit2.o(.ARM.Collect$$libinit$$00000030)
    __rt_lib_init_fp_trap_1                  0x08000293   Thumb Code     0  libinit2.o(.ARM.Collect$$libinit$$0000001F)
    __rt_lib_init_getenv_1                   0x08000293   Thumb Code     0  libinit2.o(.ARM.Collect$$libinit$$00000023)
    __rt_lib_init_lc_numeric_1               0x08000293   Thumb Code     0  libinit2.o(.ARM.Collect$$libinit$$00000017)
    __rt_lib_init_lc_time_1                  0x08000293   Thumb Code     0  libinit2.o(.ARM.Collect$$libinit$$00000019)
    __rt_lib_init_return                     0x08000293   Thumb Code     0  libinit2.o(.ARM.Collect$$libinit$$00000033)
    __rt_lib_init_signal_1                   0x08000293   Thumb Code     0  libinit2.o(.ARM.Collect$$libinit$$0000001D)
    __rt_lib_init_stdio_1                    0x08000293   Thumb Code     0  libinit2.o(.ARM.Collect$$libinit$$00000025)
    __rt_lib_shutdown                        0x08000295   Thumb Code     0  libshutdown.o(.ARM.Collect$$libshutdown$$00000000)
    __rt_lib_shutdown_cpp_1                  0x08000297   Thumb Code     0  libshutdown2.o(.ARM.Collect$$libshutdown$$00000002)
    __rt_lib_shutdown_fp_trap_1              0x08000297   Thumb Code     0  libshutdown2.o(.ARM.Collect$$libshutdown$$00000007)
    __rt_lib_shutdown_heap_1                 0x08000297   Thumb Code     0  libshutdown2.o(.ARM.Collect$$libshutdown$$0000000F)
    __rt_lib_shutdown_return                 0x08000297   Thumb Code     0  libshutdown2.o(.ARM.Collect$$libshutdown$$00000010)
    __rt_lib_shutdown_signal_1               0x08000297   Thumb Code     0  libshutdown2.o(.ARM.Collect$$libshutdown$$0000000A)
    __rt_lib_shutdown_stdio_1                0x08000297   Thumb Code     0  libshutdown2.o(.ARM.Collect$$libshutdown$$00000004)
    __rt_lib_shutdown_user_alloc_1           0x08000297   Thumb Code     0  libshutdown2.o(.ARM.Collect$$libshutdown$$0000000C)
    __rt_entry                               0x08000299   Thumb Code     0  __rtentry.o(.ARM.Collect$$rtentry$$00000000)
    __rt_entry_presh_1                       0x08000299   Thumb Code     0  __rtentry2.o(.ARM.Collect$$rtentry$$00000002)
    __rt_entry_sh                            0x08000299   Thumb Code     0  __rtentry4.o(.ARM.Collect$$rtentry$$00000004)
    __rt_entry_li                            0x0800029f   Thumb Code     0  __rtentry2.o(.ARM.Collect$$rtentry$$0000000A)
    __rt_entry_postsh_1                      0x0800029f   Thumb Code     0  __rtentry2.o(.ARM.Collect$$rtentry$$00000009)
    __rt_entry_main                          0x080002a3   Thumb Code     0  __rtentry2.o(.ARM.Collect$$rtentry$$0000000D)
    __rt_entry_postli_1                      0x080002a3   Thumb Code     0  __rtentry2.o(.ARM.Collect$$rtentry$$0000000C)
    __rt_exit                                0x080002ab   Thumb Code     0  rtexit.o(.ARM.Collect$$rtexit$$00000000)
    __rt_exit_ls                             0x080002ad   Thumb Code     0  rtexit2.o(.ARM.Collect$$rtexit$$00000003)
    __rt_exit_prels_1                        0x080002ad   Thumb Code     0  rtexit2.o(.ARM.Collect$$rtexit$$00000002)
    __rt_exit_exit                           0x080002b1   Thumb Code     0  rtexit2.o(.ARM.Collect$$rtexit$$00000004)
    main                                     0x080002b9   Thumb Code   168  main.o(.text)
    NMI_Handler                              0x0800036d   Thumb Code     2  stm32f10x_it.o(.text)
    HardFault_Handler                        0x0800036f   Thumb Code     4  stm32f10x_it.o(.text)
    MemManage_Handler                        0x08000373   Thumb Code     4  stm32f10x_it.o(.text)
    BusFault_Handler                         0x08000377   Thumb Code     4  stm32f10x_it.o(.text)
    UsageFault_Handler                       0x0800037b   Thumb Code     4  stm32f10x_it.o(.text)
    SVC_Handler                              0x0800037f   Thumb Code     2  stm32f10x_it.o(.text)
    DebugMon_Handler                         0x08000381   Thumb Code     2  stm32f10x_it.o(.text)
    PendSV_Handler                           0x08000383   Thumb Code     2  stm32f10x_it.o(.text)
    SysTick_Handler                          0x08000385   Thumb Code     2  stm32f10x_it.o(.text)
    SystemInit                               0x08000467   Thumb Code    78  system_stm32f10x.o(.text)
    SystemCoreClockUpdate                    0x080004b5   Thumb Code   142  system_stm32f10x.o(.text)
    LED_Init                                 0x08000569   Thumb Code    68  led.o(.text)
    LCD_Fill                                 0x080005b5   Thumb Code    70  lcd.o(.text)
    LCD_DrawPoint                            0x080005fb   Thumb Code    28  lcd.o(.text)
    LCD_DrawLine                             0x08000617   Thumb Code   172  lcd.o(.text)
    LCD_DrawRectangle                        0x080006c3   Thumb Code    74  lcd.o(.text)
    Draw_Circle                              0x0800070d   Thumb Code   158  lcd.o(.text)
    LCD_ShowChinese32x32                     0x080007ab   Thumb Code   244  lcd.o(.text)
    LCD_ShowChinese24x24                     0x0800089f   Thumb Code   260  lcd.o(.text)
    LCD_ShowChinese16x16                     0x080009a3   Thumb Code    90  lcd.o(.text)
    LCD_ShowChinese                          0x080009fd   Thumb Code   116  lcd.o(.text)
    LCD_ShowChar                             0x08000a71   Thumb Code   222  lcd.o(.text)
    LCD_ShowString                           0x08000b4f   Thumb Code    66  lcd.o(.text)
    mypow                                    0x08000b91   Thumb Code    22  lcd.o(.text)
    LCD_ShowIntNum                           0x08000ba7   Thumb Code   166  lcd.o(.text)
    LCD_ShowFloatNum1                        0x08000c4d   Thumb Code   158  lcd.o(.text)
    LCD_ShowPicture                          0x08000ceb   Thumb Code    88  lcd.o(.text)
    TFT_display_image                        0x08000d43   Thumb Code    86  lcd.o(.text)
    GET_RX_BUFF_and_Send_Lcd                 0x08000d99   Thumb Code    60  lcd.o(.text)
    LCD_GPIO_Init                            0x08000de5   Thumb Code    50  lcd_init.o(.text)
    LCD_Writ_Bus                             0x08000e17   Thumb Code    78  lcd_init.o(.text)
    LCD_WR_DATA8                             0x08000e65   Thumb Code    12  lcd_init.o(.text)
    LCD_WR_DATA                              0x08000e71   Thumb Code    18  lcd_init.o(.text)
    LCD_WR_REG                               0x08000e83   Thumb Code    28  lcd_init.o(.text)
    TFT_SetWindows                           0x08000e9f   Thumb Code    66  lcd_init.o(.text)
    LCD_Init                                 0x08000ee1   Thumb Code   554  lcd_init.o(.text)
    delay_init                               0x08001111   Thumb Code    50  delay.o(.text)
    delay_us                                 0x08001143   Thumb Code    72  delay.o(.text)
    delay_ms                                 0x0800118b   Thumb Code    72  delay.o(.text)
    _sys_exit                                0x080011e5   Thumb Code     4  usart.o(.text)
    fputc                                    0x080011e9   Thumb Code    24  usart.o(.text)
    uart_init                                0x08001201   Thumb Code   152  usart.o(.text)
    USART1_IRQHandler                        0x08001299   Thumb Code   122  usart.o(.text)
    Reset_Handler                            0x08001325   Thumb Code     8  startup_stm32f10x_hd.o(.text)
    ADC1_2_IRQHandler                        0x0800133f   Thumb Code     0  startup_stm32f10x_hd.o(.text)
    ADC3_IRQHandler                          0x0800133f   Thumb Code     0  startup_stm32f10x_hd.o(.text)
    CAN1_RX1_IRQHandler                      0x0800133f   Thumb Code     0  startup_stm32f10x_hd.o(.text)
    CAN1_SCE_IRQHandler                      0x0800133f   Thumb Code     0  startup_stm32f10x_hd.o(.text)
    DMA1_Channel1_IRQHandler                 0x0800133f   Thumb Code     0  startup_stm32f10x_hd.o(.text)
    DMA1_Channel2_IRQHandler                 0x0800133f   Thumb Code     0  startup_stm32f10x_hd.o(.text)
    DMA1_Channel3_IRQHandler                 0x0800133f   Thumb Code     0  startup_stm32f10x_hd.o(.text)
    DMA1_Channel4_IRQHandler                 0x0800133f   Thumb Code     0  startup_stm32f10x_hd.o(.text)
    DMA1_Channel5_IRQHandler                 0x0800133f   Thumb Code     0  startup_stm32f10x_hd.o(.text)
    DMA1_Channel6_IRQHandler                 0x0800133f   Thumb Code     0  startup_stm32f10x_hd.o(.text)
    DMA1_Channel7_IRQHandler                 0x0800133f   Thumb Code     0  startup_stm32f10x_hd.o(.text)
    DMA2_Channel1_IRQHandler                 0x0800133f   Thumb Code     0  startup_stm32f10x_hd.o(.text)
    DMA2_Channel2_IRQHandler                 0x0800133f   Thumb Code     0  startup_stm32f10x_hd.o(.text)
    DMA2_Channel3_IRQHandler                 0x0800133f   Thumb Code     0  startup_stm32f10x_hd.o(.text)
    DMA2_Channel4_5_IRQHandler               0x0800133f   Thumb Code     0  startup_stm32f10x_hd.o(.text)
    EXTI0_IRQHandler                         0x0800133f   Thumb Code     0  startup_stm32f10x_hd.o(.text)
    EXTI15_10_IRQHandler                     0x0800133f   Thumb Code     0  startup_stm32f10x_hd.o(.text)
    EXTI1_IRQHandler                         0x0800133f   Thumb Code     0  startup_stm32f10x_hd.o(.text)
    EXTI2_IRQHandler                         0x0800133f   Thumb Code     0  startup_stm32f10x_hd.o(.text)
    EXTI3_IRQHandler                         0x0800133f   Thumb Code     0  startup_stm32f10x_hd.o(.text)
    EXTI4_IRQHandler                         0x0800133f   Thumb Code     0  startup_stm32f10x_hd.o(.text)
    EXTI9_5_IRQHandler                       0x0800133f   Thumb Code     0  startup_stm32f10x_hd.o(.text)
    FLASH_IRQHandler                         0x0800133f   Thumb Code     0  startup_stm32f10x_hd.o(.text)
    FSMC_IRQHandler                          0x0800133f   Thumb Code     0  startup_stm32f10x_hd.o(.text)
    I2C1_ER_IRQHandler                       0x0800133f   Thumb Code     0  startup_stm32f10x_hd.o(.text)
    I2C1_EV_IRQHandler                       0x0800133f   Thumb Code     0  startup_stm32f10x_hd.o(.text)
    I2C2_ER_IRQHandler                       0x0800133f   Thumb Code     0  startup_stm32f10x_hd.o(.text)
    I2C2_EV_IRQHandler                       0x0800133f   Thumb Code     0  startup_stm32f10x_hd.o(.text)
    PVD_IRQHandler                           0x0800133f   Thumb Code     0  startup_stm32f10x_hd.o(.text)
    RCC_IRQHandler                           0x0800133f   Thumb Code     0  startup_stm32f10x_hd.o(.text)
    RTCAlarm_IRQHandler                      0x0800133f   Thumb Code     0  startup_stm32f10x_hd.o(.text)
    RTC_IRQHandler                           0x0800133f   Thumb Code     0  startup_stm32f10x_hd.o(.text)
    SDIO_IRQHandler                          0x0800133f   Thumb Code     0  startup_stm32f10x_hd.o(.text)
    SPI1_IRQHandler                          0x0800133f   Thumb Code     0  startup_stm32f10x_hd.o(.text)
    SPI2_IRQHandler                          0x0800133f   Thumb Code     0  startup_stm32f10x_hd.o(.text)
    SPI3_IRQHandler                          0x0800133f   Thumb Code     0  startup_stm32f10x_hd.o(.text)
    TAMPER_IRQHandler                        0x0800133f   Thumb Code     0  startup_stm32f10x_hd.o(.text)
    TIM1_BRK_IRQHandler                      0x0800133f   Thumb Code     0  startup_stm32f10x_hd.o(.text)
    TIM1_CC_IRQHandler                       0x0800133f   Thumb Code     0  startup_stm32f10x_hd.o(.text)
    TIM1_TRG_COM_IRQHandler                  0x0800133f   Thumb Code     0  startup_stm32f10x_hd.o(.text)
    TIM1_UP_IRQHandler                       0x0800133f   Thumb Code     0  startup_stm32f10x_hd.o(.text)
    TIM2_IRQHandler                          0x0800133f   Thumb Code     0  startup_stm32f10x_hd.o(.text)
    TIM3_IRQHandler                          0x0800133f   Thumb Code     0  startup_stm32f10x_hd.o(.text)
    TIM4_IRQHandler                          0x0800133f   Thumb Code     0  startup_stm32f10x_hd.o(.text)
    TIM5_IRQHandler                          0x0800133f   Thumb Code     0  startup_stm32f10x_hd.o(.text)
    TIM6_IRQHandler                          0x0800133f   Thumb Code     0  startup_stm32f10x_hd.o(.text)
    TIM7_IRQHandler                          0x0800133f   Thumb Code     0  startup_stm32f10x_hd.o(.text)
    TIM8_BRK_IRQHandler                      0x0800133f   Thumb Code     0  startup_stm32f10x_hd.o(.text)
    TIM8_CC_IRQHandler                       0x0800133f   Thumb Code     0  startup_stm32f10x_hd.o(.text)
    TIM8_TRG_COM_IRQHandler                  0x0800133f   Thumb Code     0  startup_stm32f10x_hd.o(.text)
    TIM8_UP_IRQHandler                       0x0800133f   Thumb Code     0  startup_stm32f10x_hd.o(.text)
    UART4_IRQHandler                         0x0800133f   Thumb Code     0  startup_stm32f10x_hd.o(.text)
    UART5_IRQHandler                         0x0800133f   Thumb Code     0  startup_stm32f10x_hd.o(.text)
    USART2_IRQHandler                        0x0800133f   Thumb Code     0  startup_stm32f10x_hd.o(.text)
    USART3_IRQHandler                        0x0800133f   Thumb Code     0  startup_stm32f10x_hd.o(.text)
    USB_HP_CAN1_TX_IRQHandler                0x0800133f   Thumb Code     0  startup_stm32f10x_hd.o(.text)
    WWDG_IRQHandler                          0x0800133f   Thumb Code     0  startup_stm32f10x_hd.o(.text)
    __user_initial_stackheap                 0x08001341   Thumb Code     0  startup_stm32f10x_hd.o(.text)
    NVIC_PriorityGroupConfig                 0x08001365   Thumb Code    10  misc.o(.text)
    NVIC_Init                                0x0800136f   Thumb Code   100  misc.o(.text)
    NVIC_SetVectorTable                      0x080013d3   Thumb Code    14  misc.o(.text)
    NVIC_SystemLPConfig                      0x080013e1   Thumb Code    34  misc.o(.text)
    SysTick_CLKSourceConfig                  0x08001403   Thumb Code    40  misc.o(.text)
    GPIO_DeInit                              0x08001441   Thumb Code   172  stm32f10x_gpio.o(.text)
    GPIO_AFIODeInit                          0x080014ed   Thumb Code    20  stm32f10x_gpio.o(.text)
    GPIO_Init                                0x08001501   Thumb Code   278  stm32f10x_gpio.o(.text)
    GPIO_StructInit                          0x08001617   Thumb Code    16  stm32f10x_gpio.o(.text)
    GPIO_ReadInputDataBit                    0x08001627   Thumb Code    18  stm32f10x_gpio.o(.text)
    GPIO_ReadInputData                       0x08001639   Thumb Code     8  stm32f10x_gpio.o(.text)
    GPIO_ReadOutputDataBit                   0x08001641   Thumb Code    18  stm32f10x_gpio.o(.text)
    GPIO_ReadOutputData                      0x08001653   Thumb Code     8  stm32f10x_gpio.o(.text)
    GPIO_SetBits                             0x0800165b   Thumb Code     4  stm32f10x_gpio.o(.text)
    GPIO_ResetBits                           0x0800165f   Thumb Code     4  stm32f10x_gpio.o(.text)
    GPIO_WriteBit                            0x08001663   Thumb Code    10  stm32f10x_gpio.o(.text)
    GPIO_Write                               0x0800166d   Thumb Code     4  stm32f10x_gpio.o(.text)
    GPIO_PinLockConfig                       0x08001671   Thumb Code    18  stm32f10x_gpio.o(.text)
    GPIO_EventOutputConfig                   0x08001683   Thumb Code    26  stm32f10x_gpio.o(.text)
    GPIO_EventOutputCmd                      0x0800169d   Thumb Code     6  stm32f10x_gpio.o(.text)
    GPIO_PinRemapConfig                      0x080016a3   Thumb Code   138  stm32f10x_gpio.o(.text)
    GPIO_EXTILineConfig                      0x0800172d   Thumb Code    66  stm32f10x_gpio.o(.text)
    GPIO_ETH_MediaInterfaceConfig            0x0800176f   Thumb Code     8  stm32f10x_gpio.o(.text)
    RCC_DeInit                               0x0800179d   Thumb Code    64  stm32f10x_rcc.o(.text)
    RCC_HSEConfig                            0x080017dd   Thumb Code    70  stm32f10x_rcc.o(.text)
    RCC_GetFlagStatus                        0x08001823   Thumb Code    56  stm32f10x_rcc.o(.text)
    RCC_WaitForHSEStartUp                    0x0800185b   Thumb Code    56  stm32f10x_rcc.o(.text)
    RCC_AdjustHSICalibrationValue            0x08001893   Thumb Code    20  stm32f10x_rcc.o(.text)
    RCC_HSICmd                               0x080018a7   Thumb Code     6  stm32f10x_rcc.o(.text)
    RCC_PLLConfig                            0x080018ad   Thumb Code    24  stm32f10x_rcc.o(.text)
    RCC_PLLCmd                               0x080018c5   Thumb Code     6  stm32f10x_rcc.o(.text)
    RCC_SYSCLKConfig                         0x080018cb   Thumb Code    18  stm32f10x_rcc.o(.text)
    RCC_GetSYSCLKSource                      0x080018dd   Thumb Code    10  stm32f10x_rcc.o(.text)
    RCC_HCLKConfig                           0x080018e7   Thumb Code    18  stm32f10x_rcc.o(.text)
    RCC_PCLK1Config                          0x080018f9   Thumb Code    18  stm32f10x_rcc.o(.text)
    RCC_PCLK2Config                          0x0800190b   Thumb Code    20  stm32f10x_rcc.o(.text)
    RCC_ITConfig                             0x0800191f   Thumb Code    26  stm32f10x_rcc.o(.text)
    RCC_USBCLKConfig                         0x08001939   Thumb Code     8  stm32f10x_rcc.o(.text)
    RCC_ADCCLKConfig                         0x08001941   Thumb Code    18  stm32f10x_rcc.o(.text)
    RCC_LSEConfig                            0x08001953   Thumb Code    50  stm32f10x_rcc.o(.text)
    RCC_LSICmd                               0x08001985   Thumb Code     6  stm32f10x_rcc.o(.text)
    RCC_RTCCLKConfig                         0x0800198b   Thumb Code    12  stm32f10x_rcc.o(.text)
    RCC_RTCCLKCmd                            0x08001997   Thumb Code     8  stm32f10x_rcc.o(.text)
    RCC_GetClocksFreq                        0x0800199f   Thumb Code   192  stm32f10x_rcc.o(.text)
    RCC_AHBPeriphClockCmd                    0x08001a5f   Thumb Code    26  stm32f10x_rcc.o(.text)
    RCC_APB2PeriphClockCmd                   0x08001a79   Thumb Code    26  stm32f10x_rcc.o(.text)
    RCC_APB1PeriphClockCmd                   0x08001a93   Thumb Code    26  stm32f10x_rcc.o(.text)
    RCC_APB2PeriphResetCmd                   0x08001aad   Thumb Code    26  stm32f10x_rcc.o(.text)
    RCC_APB1PeriphResetCmd                   0x08001ac7   Thumb Code    26  stm32f10x_rcc.o(.text)
    RCC_BackupResetCmd                       0x08001ae1   Thumb Code     8  stm32f10x_rcc.o(.text)
    RCC_ClockSecuritySystemCmd               0x08001ae9   Thumb Code     6  stm32f10x_rcc.o(.text)
    RCC_MCOConfig                            0x08001aef   Thumb Code     6  stm32f10x_rcc.o(.text)
    RCC_ClearFlag                            0x08001af5   Thumb Code    14  stm32f10x_rcc.o(.text)
    RCC_GetITStatus                          0x08001b03   Thumb Code    20  stm32f10x_rcc.o(.text)
    RCC_ClearITPendingBit                    0x08001b17   Thumb Code     6  stm32f10x_rcc.o(.text)
    USART_DeInit                             0x08001b41   Thumb Code   134  stm32f10x_usart.o(.text)
    USART_Init                               0x08001bc7   Thumb Code   210  stm32f10x_usart.o(.text)
    USART_StructInit                         0x08001c99   Thumb Code    24  stm32f10x_usart.o(.text)
    USART_ClockInit                          0x08001cb1   Thumb Code    34  stm32f10x_usart.o(.text)
    USART_ClockStructInit                    0x08001cd3   Thumb Code    12  stm32f10x_usart.o(.text)
    USART_Cmd                                0x08001cdf   Thumb Code    24  stm32f10x_usart.o(.text)
    USART_ITConfig                           0x08001cf7   Thumb Code    74  stm32f10x_usart.o(.text)
    USART_DMACmd                             0x08001d41   Thumb Code    18  stm32f10x_usart.o(.text)
    USART_SetAddress                         0x08001d53   Thumb Code    18  stm32f10x_usart.o(.text)
    USART_WakeUpConfig                       0x08001d65   Thumb Code    18  stm32f10x_usart.o(.text)
    USART_ReceiverWakeUpCmd                  0x08001d77   Thumb Code    24  stm32f10x_usart.o(.text)
    USART_LINBreakDetectLengthConfig         0x08001d8f   Thumb Code    18  stm32f10x_usart.o(.text)
    USART_LINCmd                             0x08001da1   Thumb Code    24  stm32f10x_usart.o(.text)
    USART_SendData                           0x08001db9   Thumb Code     8  stm32f10x_usart.o(.text)
    USART_ReceiveData                        0x08001dc1   Thumb Code    10  stm32f10x_usart.o(.text)
    USART_SendBreak                          0x08001dcb   Thumb Code    10  stm32f10x_usart.o(.text)
    USART_SetGuardTime                       0x08001dd5   Thumb Code    16  stm32f10x_usart.o(.text)
    USART_SetPrescaler                       0x08001de5   Thumb Code    16  stm32f10x_usart.o(.text)
    USART_SmartCardCmd                       0x08001df5   Thumb Code    24  stm32f10x_usart.o(.text)
    USART_SmartCardNACKCmd                   0x08001e0d   Thumb Code    24  stm32f10x_usart.o(.text)
    USART_HalfDuplexCmd                      0x08001e25   Thumb Code    24  stm32f10x_usart.o(.text)
    USART_OverSampling8Cmd                   0x08001e3d   Thumb Code    22  stm32f10x_usart.o(.text)
    USART_OneBitMethodCmd                    0x08001e53   Thumb Code    24  stm32f10x_usart.o(.text)
    USART_IrDAConfig                         0x08001e6b   Thumb Code    18  stm32f10x_usart.o(.text)
    USART_IrDACmd                            0x08001e7d   Thumb Code    24  stm32f10x_usart.o(.text)
    USART_GetFlagStatus                      0x08001e95   Thumb Code    26  stm32f10x_usart.o(.text)
    USART_ClearFlag                          0x08001eaf   Thumb Code    18  stm32f10x_usart.o(.text)
    USART_GetITStatus                        0x08001ec1   Thumb Code    84  stm32f10x_usart.o(.text)
    USART_ClearITPendingBit                  0x08001f15   Thumb Code    52  stm32f10x_usart.o(.text)
    EXTI_DeInit                              0x08001f49   Thumb Code    28  stm32f10x_exti.o(.text)
    EXTI_Init                                0x08001f65   Thumb Code   142  stm32f10x_exti.o(.text)
    EXTI_StructInit                          0x08001ff3   Thumb Code    16  stm32f10x_exti.o(.text)
    EXTI_GenerateSWInterrupt                 0x08002003   Thumb Code    16  stm32f10x_exti.o(.text)
    EXTI_GetFlagStatus                       0x08002013   Thumb Code    22  stm32f10x_exti.o(.text)
    EXTI_ClearFlag                           0x08002029   Thumb Code     8  stm32f10x_exti.o(.text)
    EXTI_GetITStatus                         0x08002031   Thumb Code    34  stm32f10x_exti.o(.text)
    EXTI_ClearITPendingBit                   0x08002053   Thumb Code     8  stm32f10x_exti.o(.text)
    Standard_GetConfiguration                0x08002065   Thumb Code    34  usb_core.o(.text)
    Standard_SetConfiguration                0x08002087   Thumb Code    60  usb_core.o(.text)
    Standard_GetInterface                    0x080020c3   Thumb Code    34  usb_core.o(.text)
    Standard_SetInterface                    0x080020e5   Thumb Code    96  usb_core.o(.text)
    Standard_GetStatus                       0x08002145   Thumb Code   238  usb_core.o(.text)
    Standard_ClearFeature                    0x08002233   Thumb Code   342  usb_core.o(.text)
    Standard_SetEndPointFeature              0x08002389   Thumb Code   220  usb_core.o(.text)
    Standard_SetDeviceFeature                0x08002465   Thumb Code    30  usb_core.o(.text)
    Standard_GetDescriptorData               0x08002483   Thumb Code    32  usb_core.o(.text)
    Post0_Process                            0x080029b7   Thumb Code    54  usb_core.o(.text)
    Setup0_Process                           0x080029ed   Thumb Code   170  usb_core.o(.text)
    SetDeviceAddress                         0x08002a97   Thumb Code    70  usb_core.o(.text)
    In0_Process                              0x08002add   Thumb Code    98  usb_core.o(.text)
    Out0_Process                             0x08002b3f   Thumb Code    70  usb_core.o(.text)
    NOP_Process                              0x08002b85   Thumb Code     2  usb_core.o(.text)
    USB_Init                                 0x08002bb5   Thumb Code    36  usb_init.o(.text)
    CTR_LP                                   0x08002bf1   Thumb Code   616  usb_int.o(.text)
    CTR_HP                                   0x08002e59   Thumb Code   178  usb_int.o(.text)
    UserToPMABufferCopy                      0x08002f2d   Thumb Code    52  usb_mem.o(.text)
    PMAToUserBufferCopy                      0x08002f61   Thumb Code    34  usb_mem.o(.text)
    SetCNTR                                  0x08002f89   Thumb Code     6  usb_regs.o(.text)
    GetCNTR                                  0x08002f8f   Thumb Code     8  usb_regs.o(.text)
    SetISTR                                  0x08002f97   Thumb Code     8  usb_regs.o(.text)
    GetISTR                                  0x08002f9f   Thumb Code    10  usb_regs.o(.text)
    GetFNR                                   0x08002fa9   Thumb Code    10  usb_regs.o(.text)
    SetDADDR                                 0x08002fb3   Thumb Code     8  usb_regs.o(.text)
    GetDADDR                                 0x08002fbb   Thumb Code    10  usb_regs.o(.text)
    SetBTABLE                                0x08002fc5   Thumb Code    14  usb_regs.o(.text)
    GetBTABLE                                0x08002fd3   Thumb Code    10  usb_regs.o(.text)
    SetENDPOINT                              0x08002fdd   Thumb Code    12  usb_regs.o(.text)
    GetENDPOINT                              0x08002fe9   Thumb Code    16  usb_regs.o(.text)
    SetEPType                                0x08002ff9   Thumb Code    32  usb_regs.o(.text)
    GetEPType                                0x08003019   Thumb Code    18  usb_regs.o(.text)
    SetEPTxStatus                            0x0800302b   Thumb Code    60  usb_regs.o(.text)
    SetEPRxStatus                            0x08003067   Thumb Code    60  usb_regs.o(.text)
    SetDouBleBuffEPStall                     0x080030a3   Thumb Code    54  usb_regs.o(.text)
    GetEPTxStatus                            0x080030d9   Thumb Code    18  usb_regs.o(.text)
    GetEPRxStatus                            0x080030eb   Thumb Code    18  usb_regs.o(.text)
    SetEPTxValid                             0x080030fd   Thumb Code    48  usb_regs.o(.text)
    SetEPRxValid                             0x0800312d   Thumb Code    48  usb_regs.o(.text)
    SetEP_KIND                               0x0800315d   Thumb Code    38  usb_regs.o(.text)
    ClearEP_KIND                             0x08003183   Thumb Code    34  usb_regs.o(.text)
    Clear_Status_Out                         0x080031a5   Thumb Code    34  usb_regs.o(.text)
    Set_Status_Out                           0x080031c7   Thumb Code    38  usb_regs.o(.text)
    SetEPDoubleBuff                          0x080031ed   Thumb Code    38  usb_regs.o(.text)
    ClearEPDoubleBuff                        0x08003213   Thumb Code    34  usb_regs.o(.text)
    GetTxStallStatus                         0x08003235   Thumb Code    28  usb_regs.o(.text)
    GetRxStallStatus                         0x08003251   Thumb Code    30  usb_regs.o(.text)
    ClearEP_CTR_RX                           0x0800326f   Thumb Code    32  usb_regs.o(.text)
    ClearEP_CTR_TX                           0x0800328f   Thumb Code    28  usb_regs.o(.text)
    ToggleDTOG_RX                            0x080032ab   Thumb Code    34  usb_regs.o(.text)
    ToggleDTOG_TX                            0x080032cd   Thumb Code    34  usb_regs.o(.text)
    ClearDTOG_RX                             0x080032ef   Thumb Code    48  usb_regs.o(.text)
    ClearDTOG_TX                             0x0800331f   Thumb Code    48  usb_regs.o(.text)
    SetEPAddress                             0x0800334f   Thumb Code    46  usb_regs.o(.text)
    GetEPAddress                             0x0800337d   Thumb Code    18  usb_regs.o(.text)
    SetEPTxAddr                              0x0800338f   Thumb Code    24  usb_regs.o(.text)
    SetEPRxAddr                              0x080033a7   Thumb Code    26  usb_regs.o(.text)
    GetEPTxAddr                              0x080033c1   Thumb Code    22  usb_regs.o(.text)
    GetEPRxAddr                              0x080033d7   Thumb Code    24  usb_regs.o(.text)
    SetEPTxCount                             0x080033ef   Thumb Code    20  usb_regs.o(.text)
    SetEPCountRxReg                          0x08003403   Thumb Code    48  usb_regs.o(.text)
    SetEPRxCount                             0x08003433   Thumb Code    68  usb_regs.o(.text)
    GetEPTxCount                             0x08003477   Thumb Code    26  usb_regs.o(.text)
    GetEPRxCount                             0x08003491   Thumb Code    26  usb_regs.o(.text)
    SetEPDblBuffAddr                         0x080034ab   Thumb Code    44  usb_regs.o(.text)
    SetEPDblBuf0Addr                         0x080034d7   Thumb Code    24  usb_regs.o(.text)
    SetEPDblBuf1Addr                         0x080034ef   Thumb Code    26  usb_regs.o(.text)
    GetEPDblBuf0Addr                         0x08003509   Thumb Code    22  usb_regs.o(.text)
    GetEPDblBuf1Addr                         0x0800351f   Thumb Code    24  usb_regs.o(.text)
    SetEPDblBuffCount                        0x08003537   Thumb Code   186  usb_regs.o(.text)
    SetEPDblBuf0Count                        0x080035f1   Thumb Code    96  usb_regs.o(.text)
    SetEPDblBuf1Count                        0x08003651   Thumb Code    96  usb_regs.o(.text)
    GetEPDblBuf0Count                        0x080036b1   Thumb Code    26  usb_regs.o(.text)
    GetEPDblBuf1Count                        0x080036cb   Thumb Code    26  usb_regs.o(.text)
    GetEPDblBufDir                           0x080036e5   Thumb Code    62  usb_regs.o(.text)
    FreeUserBuffer                           0x08003723   Thumb Code    90  usb_regs.o(.text)
    ToWord                                   0x0800377d   Thumb Code     8  usb_regs.o(.text)
    ByteSwap                                 0x08003785   Thumb Code    12  usb_regs.o(.text)
    USB_SIL_Init                             0x08003791   Thumb Code    28  usb_sil.o(.text)
    USB_SIL_Write                            0x080037ad   Thumb Code    46  usb_sil.o(.text)
    USB_SIL_Read                             0x080037db   Thumb Code    46  usb_sil.o(.text)
    USBWakeUp_IRQHandler                     0x08003811   Thumb Code    12  hw_config.o(.text)
    USB_LP_CAN1_RX0_IRQHandler               0x0800381d   Thumb Code     8  hw_config.o(.text)
    Set_USBClock                             0x08003825   Thumb Code    18  hw_config.o(.text)
    Enter_LowPowerMode                       0x08003837   Thumb Code    16  hw_config.o(.text)
    Leave_LowPowerMode                       0x08003847   Thumb Code    30  hw_config.o(.text)
    USB_Interrupts_Config                    0x08003865   Thumb Code    84  hw_config.o(.text)
    USB_Cable_Config                         0x080038b9   Thumb Code    22  hw_config.o(.text)
    USB_Port_Set                             0x080038cf   Thumb Code    74  hw_config.o(.text)
    IntToUnicode                             0x08003919   Thumb Code    62  hw_config.o(.text)
    Get_SerialNum                            0x08003957   Thumb Code    42  hw_config.o(.text)
    USART_Config                             0x08003981   Thumb Code    62  hw_config.o(.text)
    USB_To_USART_Send_Data                   0x080039bf   Thumb Code   134  hw_config.o(.text)
    USB_USART_SendData                       0x08003a45   Thumb Code    42  hw_config.o(.text)
    usb_printf                               0x08003a6f   Thumb Code    56  hw_config.o(.text)
    EP1_IN_Callback                          0x08003ba5   Thumb Code   138  usb_endp.o(.text)
    EP3_OUT_Callback                         0x08003c2f   Thumb Code    78  usb_endp.o(.text)
    SOF_Callback                             0x08003c7d   Thumb Code    38  usb_endp.o(.text)
    USB_Istr                                 0x08003cc1   Thumb Code   426  usb_istr.o(.text)
    Virtual_Com_Port_init                    0x08003e91   Thumb Code    30  usb_prop.o(.text)
    Virtual_Com_Port_Reset                   0x08003eaf   Thumb Code   216  usb_prop.o(.text)
    Virtual_Com_Port_SetConfiguration        0x08003f87   Thumb Code    14  usb_prop.o(.text)
    Virtual_Com_Port_SetDeviceAddress        0x08003f95   Thumb Code     8  usb_prop.o(.text)
    Virtual_Com_Port_Status_In               0x08003f9d   Thumb Code    22  usb_prop.o(.text)
    Virtual_Com_Port_Status_Out              0x08003fb3   Thumb Code     2  usb_prop.o(.text)
    Virtual_Com_Port_SetLineCoding           0x08003fb5   Thumb Code    20  usb_prop.o(.text)
    Virtual_Com_Port_GetLineCoding           0x08003fc9   Thumb Code    20  usb_prop.o(.text)
    Virtual_Com_Port_Data_Setup              0x08003fdd   Thumb Code    86  usb_prop.o(.text)
    Virtual_Com_Port_NoData_Setup            0x08004033   Thumb Code    36  usb_prop.o(.text)
    Virtual_Com_Port_GetDeviceDescriptor     0x08004057   Thumb Code    14  usb_prop.o(.text)
    Virtual_Com_Port_GetConfigDescriptor     0x08004065   Thumb Code    14  usb_prop.o(.text)
    Virtual_Com_Port_GetStringDescriptor     0x08004073   Thumb Code    32  usb_prop.o(.text)
    Virtual_Com_Port_Get_Interface_Setting   0x08004093   Thumb Code    22  usb_prop.o(.text)
    PowerOn                                  0x080040d1   Thumb Code    54  usb_pwr.o(.text)
    PowerOff                                 0x08004107   Thumb Code    28  usb_pwr.o(.text)
    Suspend                                  0x08004123   Thumb Code   142  usb_pwr.o(.text)
    Resume_Init                              0x080041b1   Thumb Code    30  usb_pwr.o(.text)
    Resume                                   0x080041cf   Thumb Code   194  usb_pwr.o(.text)
    __use_no_semihosting                     0x080042a9   Thumb Code     2  use_no_semi_2.o(.text)
    __c89vsprintf                            0x080042ad   Thumb Code    32  c89vsprintf.o(.text)
    __2printf                                0x080042d1   Thumb Code    20  __2printf.o(.text)
    _printf_int_dec                          0x080042e9   Thumb Code   104  _printf_dec.o(.text)
    __printf                                 0x08004361   Thumb Code   388  __printf_flags_ss_wp.o(.text)
    strlen                                   0x080044e9   Thumb Code    62  strlen.o(.text)
    __use_two_region_memory                  0x08004527   Thumb Code     2  heapauxi.o(.text)
    __rt_heap_escrow$2region                 0x08004529   Thumb Code     2  heapauxi.o(.text)
    __rt_heap_expand$2region                 0x0800452b   Thumb Code     2  heapauxi.o(.text)
    __I$use$semihosting                      0x0800452d   Thumb Code     0  use_no_semi.o(.text)
    __use_no_semihosting_swi                 0x0800452d   Thumb Code     2  use_no_semi.o(.text)
    _printf_pre_padding                      0x0800452f   Thumb Code    44  _printf_pad.o(.text)
    _printf_post_padding                     0x0800455b   Thumb Code    34  _printf_pad.o(.text)
    _printf_truncate_signed                  0x0800457d   Thumb Code    18  _printf_truncate.o(.text)
    _printf_truncate_unsigned                0x0800458f   Thumb Code    18  _printf_truncate.o(.text)
    _printf_str                              0x080045a1   Thumb Code    82  _printf_str.o(.text)
    _printf_int_common                       0x080045f3   Thumb Code   178  _printf_intcommon.o(.text)
    _printf_charcount                        0x080046a5   Thumb Code    40  _printf_charcount.o(.text)
    _printf_char_common                      0x080046d7   Thumb Code    32  _printf_char_common.o(.text)
    _sputc                                   0x080046fd   Thumb Code    10  _sputc.o(.text)
    _printf_char_file                        0x08004709   Thumb Code    32  _printf_char_file.o(.text)
    _printf_wctomb                           0x0800472d   Thumb Code   182  _printf_wctomb.o(.text)
    _printf_longlong_dec                     0x080047e9   Thumb Code   108  _printf_longlong_dec.o(.text)
    _printf_longlong_oct                     0x08004865   Thumb Code    66  _printf_oct_int_ll.o(.text)
    _printf_int_oct                          0x080048a7   Thumb Code    24  _printf_oct_int_ll.o(.text)
    _printf_ll_oct                           0x080048bf   Thumb Code    12  _printf_oct_int_ll.o(.text)
    _printf_longlong_hex                     0x080048d5   Thumb Code    86  _printf_hex_int_ll_ptr.o(.text)
    _printf_int_hex                          0x0800492b   Thumb Code    28  _printf_hex_int_ll_ptr.o(.text)
    _printf_ll_hex                           0x08004947   Thumb Code    12  _printf_hex_int_ll_ptr.o(.text)
    _printf_hex_ptr                          0x08004953   Thumb Code    18  _printf_hex_int_ll_ptr.o(.text)
    _ll_udiv10                               0x08004969   Thumb Code   138  lludiv10.o(.text)
    __lib_sel_fp_printf                      0x080049f3   Thumb Code     2  _printf_fp_dec.o(.text)
    _printf_fp_dec_real                      0x08004ba5   Thumb Code   620  _printf_fp_dec.o(.text)
    _printf_cs_common                        0x08004e11   Thumb Code    20  _printf_char.o(.text)
    _printf_char                             0x08004e25   Thumb Code    16  _printf_char.o(.text)
    _printf_string                           0x08004e35   Thumb Code     8  _printf_char.o(.text)
    _printf_lcs_common                       0x08004e3d   Thumb Code    20  _printf_wchar.o(.text)
    _printf_wchar                            0x08004e51   Thumb Code    16  _printf_wchar.o(.text)
    _printf_wstring                          0x08004e61   Thumb Code     8  _printf_wchar.o(.text)
    ferror                                   0x08004e69   Thumb Code     8  ferror.o(.text)
    _wcrtomb                                 0x08004e71   Thumb Code    64  _wcrtomb.o(.text)
    __user_setup_stackheap                   0x08004eb1   Thumb Code    74  sys_stackheap_outer.o(.text)
    __rt_ctype_table                         0x08004efd   Thumb Code    16  rt_ctype_table.o(.text)
    __rt_locale                              0x08004f0d   Thumb Code     8  rt_locale_intlibspace.o(.text)
    _printf_fp_infnan                        0x08004f15   Thumb Code   112  _printf_fp_infnan.o(.text)
    _btod_etento                             0x08004f95   Thumb Code   224  bigflt0.o(.text)
    exit                                     0x08005079   Thumb Code    18  exit.o(.text)
    __user_libspace                          0x0800508d   Thumb Code     8  libspace.o(.text)
    __user_perproc_libspace                  0x0800508d   Thumb Code     0  libspace.o(.text)
    __user_perthread_libspace                0x0800508d   Thumb Code     0  libspace.o(.text)
    strcmp                                   0x08005095   Thumb Code   128  strcmpv7m.o(.text)
    _btod_d2e                                0x08005115   Thumb Code    62  btod.o(CL$$btod_d2e)
    _d2e_denorm_low                          0x08005153   Thumb Code    70  btod.o(CL$$btod_d2e_denorm_low)
    _d2e_norm_op1                            0x08005199   Thumb Code    96  btod.o(CL$$btod_d2e_norm_op1)
    __btod_div_common                        0x080051f9   Thumb Code   696  btod.o(CL$$btod_div_common)
    _e2e                                     0x08005531   Thumb Code   220  btod.o(CL$$btod_e2e)
    _btod_ediv                               0x0800560d   Thumb Code    42  btod.o(CL$$btod_ediv)
    _btod_emul                               0x08005637   Thumb Code    42  btod.o(CL$$btod_emul)
    __btod_mult_common                       0x08005661   Thumb Code   580  btod.o(CL$$btod_mult_common)
    __ARM_fpclassify                         0x080058a5   Thumb Code    40  fpclassify.o(i.__ARM_fpclassify)
    _is_digit                                0x080058cd   Thumb Code    14  __printf_wp.o(i._is_digit)
    _get_lc_numeric                          0x080058dd   Thumb Code    44  lc_numeric_c.o(locale$$code)
    _get_lc_ctype                            0x08005909   Thumb Code    44  lc_ctype_c.o(locale$$code)
    __aeabi_f2uiz                            0x08005935   Thumb Code     0  ffixu.o(x$fpl$ffixu)
    _ffixu                                   0x08005935   Thumb Code    62  ffixu.o(x$fpl$ffixu)
    __aeabi_fmul                             0x08005975   Thumb Code     0  fmul.o(x$fpl$fmul)
    _fmul                                    0x08005975   Thumb Code   258  fmul.o(x$fpl$fmul)
    __fpl_fnaninf                            0x08005a77   Thumb Code   140  fnaninf.o(x$fpl$fnaninf)
    __fpl_fretinf                            0x08005b03   Thumb Code    10  fretinf.o(x$fpl$fretinf)
    _printf_fp_dec                           0x08005b0d   Thumb Code     4  printf1.o(x$fpl$printf1)
    __I$use$fp                               0x08005b10   Number         0  usenofp.o(x$fpl$usenofp)
    ascii_1608                               0x08005b10   Data        1520  lcd.o(.constdata)
    ascii_3216                               0x08006100   Data        6080  lcd.o(.constdata)
    tfont16                                  0x080078c0   Data         170  lcd.o(.constdata)
    tfont24                                  0x0800796a   Data         370  lcd.o(.constdata)
    tfont32                                  0x08007adc   Data         650  lcd.o(.constdata)
    Virtual_Com_Port_DeviceDescriptor        0x08007d66   Data          18  usb_desc.o(.constdata)
    Virtual_Com_Port_ConfigDescriptor        0x08007d78   Data          67  usb_desc.o(.constdata)
    Virtual_Com_Port_StringLangID            0x08007dbb   Data           4  usb_desc.o(.constdata)
    Virtual_Com_Port_StringVendor            0x08007dbf   Data          38  usb_desc.o(.constdata)
    Virtual_Com_Port_StringProduct           0x08007de5   Data          50  usb_desc.o(.constdata)
    Region$$Table$$Base                      0x08007eec   Number         0  anon$$obj.o(Region$$Table)
    Region$$Table$$Limit                     0x08007f0c   Number         0  anon$$obj.o(Region$$Table)
    __ctype                                  0x08007f35   Data           0  lc_ctype_c.o(locale$$data)
    SystemCoreClock                          0x20000000   Data           4  system_stm32f10x.o(.data)
    AHBPrescTable                            0x20000004   Data          16  system_stm32f10x.o(.data)
    Rx_Buffer_Cnt                            0x20000014   Data           1  lcd.o(.data)
    RX_OK_FLAG                               0x20000015   Data           1  lcd.o(.data)
    lcd_buff_size                            0x20000016   Data           2  lcd.o(.data)
    y_num                                    0x20000018   Data           1  lcd.o(.data)
    __stdout                                 0x20000020   Data           4  usart.o(.data)
    USART_RX_STA                             0x20000024   Data           2  usart.o(.data)
    StatusInfo                               0x2000003a   Data           2  usb_core.o(.data)
    Data_Mul_MaxPacketSize                   0x2000003c   Data           1  usb_core.o(.data)
    EPindex                                  0x20000040   Data           1  usb_init.o(.data)
    pInformation                             0x20000044   Data           4  usb_init.o(.data)
    pProperty                                0x20000048   Data           4  usb_init.o(.data)
    SaveState                                0x2000004c   Data           2  usb_init.o(.data)
    wInterrupt_Mask                          0x2000004e   Data           2  usb_init.o(.data)
    pUser_Standard_Requests                  0x20000050   Data           4  usb_init.o(.data)
    SaveRState                               0x20000054   Data           2  usb_int.o(.data)
    SaveTState                               0x20000056   Data           2  usb_int.o(.data)
    USB_USART_RX_STA                         0x20000058   Data           2  hw_config.o(.data)
    Virtual_Com_Port_StringSerial            0x2000005a   Data          26  usb_desc.o(.data)
    wIstr                                    0x20000078   Data           2  usb_istr.o(.data)
    bIntPackSOF                              0x2000007a   Data           1  usb_istr.o(.data)
    esof_counter                             0x2000007c   Data           4  usb_istr.o(.data)
    wCNTR                                    0x20000080   Data           4  usb_istr.o(.data)
    pEpInt_IN                                0x20000084   Data          28  usb_istr.o(.data)
    pEpInt_OUT                               0x200000a0   Data          28  usb_istr.o(.data)
    Request                                  0x200000bc   Data           1  usb_prop.o(.data)
    linecoding                               0x200000c0   Data           8  usb_prop.o(.data)
    Device_Table                             0x200000c8   Data           2  usb_prop.o(.data)
    Device_Property                          0x200000cc   Data          48  usb_prop.o(.data)
    User_Standard_Requests                   0x200000fc   Data          36  usb_prop.o(.data)
    Device_Descriptor                        0x20000120   Data           8  usb_prop.o(.data)
    Config_Descriptor                        0x20000128   Data           8  usb_prop.o(.data)
    String_Descriptor                        0x20000130   Data          32  usb_prop.o(.data)
    bDeviceState                             0x20000150   Data           4  usb_pwr.o(.data)
    fSuspendEnabled                          0x20000154   Data           1  usb_pwr.o(.data)
    ResumeS                                  0x20000155   Data           2  usb_pwr.o(.data)
    remotewakeupon                           0x20000158   Data           4  usb_pwr.o(.data)
    lcd_buff                                 0x2000015c   Data         640  lcd.o(.bss)
    USART_RX_BUF                             0x200003dc   Data         200  usart.o(.bss)
    Device_Info                              0x200004a4   Data          28  usb_init.o(.bss)
    uu_txfifo                                0x200004c0   Data        2052  hw_config.o(.bss)
    USART_PRINTF_Buffer                      0x20000cc4   Data        2048  hw_config.o(.bss)
    USB_USART_RX_BUF                         0x200014c4   Data        2048  hw_config.o(.bss)
    USB_Rx_Buffer                            0x20001cc4   Data          64  usb_endp.o(.bss)
    EP                                       0x20001d04   Data          32  usb_pwr.o(.bss)
    __libspace_start                         0x20001d24   Data          96  libspace.o(.bss)
    __temporary_stack_top$libspace           0x20001d84   Data           0  libspace.o(.bss)



==============================================================================

Memory Map of the image

  Image Entry point : 0x08000131

  Load Region LR_IROM1 (Base: 0x08000000, Size: 0x00008194, Max: 0x00020000, ABSOLUTE, COMPRESSED[0x000080c8])

    Execution Region ER_IROM1 (Exec base: 0x08000000, Load base: 0x08000000, Size: 0x00008038, Max: 0x00020000, ABSOLUTE)

    Exec Addr    Load Addr    Size         Type   Attr      Idx    E Section Name        Object

    0x08000000   0x08000000   0x00000130   Data   RO          377    RESET               startup_stm32f10x_hd.o
    0x08000130   0x08000130   0x00000008   Code   RO          709  * !!!main             c_w.l(__main.o)
    0x08000138   0x08000138   0x00000034   Code   RO         1011    !!!scatter          c_w.l(__scatter.o)
    0x0800016c   0x0800016c   0x0000005a   Code   RO         1009    !!dczerorl2         c_w.l(__dczerorl2.o)
    0x080001c6   0x080001c6   0x00000002   PAD
    0x080001c8   0x080001c8   0x0000001c   Code   RO         1013    !!handler_zi        c_w.l(__scatter_zi.o)
    0x080001e4   0x080001e4   0x00000000   Code   RO          704    .ARM.Collect$$_printf_percent$$00000000  c_w.l(_printf_percent.o)
    0x080001e4   0x080001e4   0x00000006   Code   RO          770    .ARM.Collect$$_printf_percent$$00000001  c_w.l(_printf_n.o)
    0x080001ea   0x080001ea   0x00000006   Code   RO          772    .ARM.Collect$$_printf_percent$$00000002  c_w.l(_printf_p.o)
    0x080001f0   0x080001f0   0x00000006   Code   RO          776    .ARM.Collect$$_printf_percent$$00000003  c_w.l(_printf_f.o)
    0x080001f6   0x080001f6   0x00000006   Code   RO          777    .ARM.Collect$$_printf_percent$$00000004  c_w.l(_printf_e.o)
    0x080001fc   0x080001fc   0x00000006   Code   RO          778    .ARM.Collect$$_printf_percent$$00000005  c_w.l(_printf_g.o)
    0x08000202   0x08000202   0x00000006   Code   RO          779    .ARM.Collect$$_printf_percent$$00000006  c_w.l(_printf_a.o)
    0x08000208   0x08000208   0x0000000a   Code   RO          784    .ARM.Collect$$_printf_percent$$00000007  c_w.l(_printf_ll.o)
    0x08000212   0x08000212   0x00000006   Code   RO          774    .ARM.Collect$$_printf_percent$$00000008  c_w.l(_printf_i.o)
    0x08000218   0x08000218   0x00000006   Code   RO          703    .ARM.Collect$$_printf_percent$$00000009  c_w.l(_printf_d.o)
    0x0800021e   0x0800021e   0x00000006   Code   RO          775    .ARM.Collect$$_printf_percent$$0000000A  c_w.l(_printf_u.o)
    0x08000224   0x08000224   0x00000006   Code   RO          773    .ARM.Collect$$_printf_percent$$0000000B  c_w.l(_printf_o.o)
    0x0800022a   0x0800022a   0x00000006   Code   RO          771    .ARM.Collect$$_printf_percent$$0000000C  c_w.l(_printf_x.o)
    0x08000230   0x08000230   0x00000006   Code   RO          781    .ARM.Collect$$_printf_percent$$0000000D  c_w.l(_printf_lli.o)
    0x08000236   0x08000236   0x00000006   Code   RO          782    .ARM.Collect$$_printf_percent$$0000000E  c_w.l(_printf_lld.o)
    0x0800023c   0x0800023c   0x00000006   Code   RO          783    .ARM.Collect$$_printf_percent$$0000000F  c_w.l(_printf_llu.o)
    0x08000242   0x08000242   0x00000006   Code   RO          788    .ARM.Collect$$_printf_percent$$00000010  c_w.l(_printf_llo.o)
    0x08000248   0x08000248   0x00000006   Code   RO          789    .ARM.Collect$$_printf_percent$$00000011  c_w.l(_printf_llx.o)
    0x0800024e   0x0800024e   0x0000000a   Code   RO          785    .ARM.Collect$$_printf_percent$$00000012  c_w.l(_printf_l.o)
    0x08000258   0x08000258   0x00000006   Code   RO          768    .ARM.Collect$$_printf_percent$$00000013  c_w.l(_printf_c.o)
    0x0800025e   0x0800025e   0x00000006   Code   RO          769    .ARM.Collect$$_printf_percent$$00000014  c_w.l(_printf_s.o)
    0x08000264   0x08000264   0x00000006   Code   RO          786    .ARM.Collect$$_printf_percent$$00000015  c_w.l(_printf_lc.o)
    0x0800026a   0x0800026a   0x00000006   Code   RO          787    .ARM.Collect$$_printf_percent$$00000016  c_w.l(_printf_ls.o)
    0x08000270   0x08000270   0x00000004   Code   RO          780    .ARM.Collect$$_printf_percent$$00000017  c_w.l(_printf_percent_end.o)
    0x08000274   0x08000274   0x00000002   Code   RO          874    .ARM.Collect$$libinit$$00000000  c_w.l(libinit.o)
    0x08000276   0x08000276   0x00000000   Code   RO          890    .ARM.Collect$$libinit$$00000002  c_w.l(libinit2.o)
    0x08000276   0x08000276   0x00000000   Code   RO          892    .ARM.Collect$$libinit$$00000004  c_w.l(libinit2.o)
    0x08000276   0x08000276   0x00000000   Code   RO          895    .ARM.Collect$$libinit$$0000000A  c_w.l(libinit2.o)
    0x08000276   0x08000276   0x00000000   Code   RO          897    .ARM.Collect$$libinit$$0000000C  c_w.l(libinit2.o)
    0x08000276   0x08000276   0x00000000   Code   RO          899    .ARM.Collect$$libinit$$0000000E  c_w.l(libinit2.o)
    0x08000276   0x08000276   0x00000006   Code   RO          900    .ARM.Collect$$libinit$$0000000F  c_w.l(libinit2.o)
    0x0800027c   0x0800027c   0x00000000   Code   RO          902    .ARM.Collect$$libinit$$00000011  c_w.l(libinit2.o)
    0x0800027c   0x0800027c   0x0000000c   Code   RO          903    .ARM.Collect$$libinit$$00000012  c_w.l(libinit2.o)
    0x08000288   0x08000288   0x00000000   Code   RO          904    .ARM.Collect$$libinit$$00000013  c_w.l(libinit2.o)
    0x08000288   0x08000288   0x00000000   Code   RO          906    .ARM.Collect$$libinit$$00000015  c_w.l(libinit2.o)
    0x08000288   0x08000288   0x0000000a   Code   RO          907    .ARM.Collect$$libinit$$00000016  c_w.l(libinit2.o)
    0x08000292   0x08000292   0x00000000   Code   RO          908    .ARM.Collect$$libinit$$00000017  c_w.l(libinit2.o)
    0x08000292   0x08000292   0x00000000   Code   RO          910    .ARM.Collect$$libinit$$00000019  c_w.l(libinit2.o)
    0x08000292   0x08000292   0x00000000   Code   RO          912    .ARM.Collect$$libinit$$0000001B  c_w.l(libinit2.o)
    0x08000292   0x08000292   0x00000000   Code   RO          914    .ARM.Collect$$libinit$$0000001D  c_w.l(libinit2.o)
    0x08000292   0x08000292   0x00000000   Code   RO          916    .ARM.Collect$$libinit$$0000001F  c_w.l(libinit2.o)
    0x08000292   0x08000292   0x00000000   Code   RO          918    .ARM.Collect$$libinit$$00000021  c_w.l(libinit2.o)
    0x08000292   0x08000292   0x00000000   Code   RO          920    .ARM.Collect$$libinit$$00000023  c_w.l(libinit2.o)
    0x08000292   0x08000292   0x00000000   Code   RO          922    .ARM.Collect$$libinit$$00000025  c_w.l(libinit2.o)
    0x08000292   0x08000292   0x00000000   Code   RO          926    .ARM.Collect$$libinit$$0000002C  c_w.l(libinit2.o)
    0x08000292   0x08000292   0x00000000   Code   RO          928    .ARM.Collect$$libinit$$0000002E  c_w.l(libinit2.o)
    0x08000292   0x08000292   0x00000000   Code   RO          930    .ARM.Collect$$libinit$$00000030  c_w.l(libinit2.o)
    0x08000292   0x08000292   0x00000000   Code   RO          932    .ARM.Collect$$libinit$$00000032  c_w.l(libinit2.o)
    0x08000292   0x08000292   0x00000002   Code   RO          933    .ARM.Collect$$libinit$$00000033  c_w.l(libinit2.o)
    0x08000294   0x08000294   0x00000002   Code   RO          951    .ARM.Collect$$libshutdown$$00000000  c_w.l(libshutdown.o)
    0x08000296   0x08000296   0x00000000   Code   RO          961    .ARM.Collect$$libshutdown$$00000002  c_w.l(libshutdown2.o)
    0x08000296   0x08000296   0x00000000   Code   RO          963    .ARM.Collect$$libshutdown$$00000004  c_w.l(libshutdown2.o)
    0x08000296   0x08000296   0x00000000   Code   RO          966    .ARM.Collect$$libshutdown$$00000007  c_w.l(libshutdown2.o)
    0x08000296   0x08000296   0x00000000   Code   RO          969    .ARM.Collect$$libshutdown$$0000000A  c_w.l(libshutdown2.o)
    0x08000296   0x08000296   0x00000000   Code   RO          971    .ARM.Collect$$libshutdown$$0000000C  c_w.l(libshutdown2.o)
    0x08000296   0x08000296   0x00000000   Code   RO          974    .ARM.Collect$$libshutdown$$0000000F  c_w.l(libshutdown2.o)
    0x08000296   0x08000296   0x00000002   Code   RO          975    .ARM.Collect$$libshutdown$$00000010  c_w.l(libshutdown2.o)
    0x08000298   0x08000298   0x00000000   Code   RO          719    .ARM.Collect$$rtentry$$00000000  c_w.l(__rtentry.o)
    0x08000298   0x08000298   0x00000000   Code   RO          798    .ARM.Collect$$rtentry$$00000002  c_w.l(__rtentry2.o)
    0x08000298   0x08000298   0x00000006   Code   RO          810    .ARM.Collect$$rtentry$$00000004  c_w.l(__rtentry4.o)
    0x0800029e   0x0800029e   0x00000000   Code   RO          800    .ARM.Collect$$rtentry$$00000009  c_w.l(__rtentry2.o)
    0x0800029e   0x0800029e   0x00000004   Code   RO          801    .ARM.Collect$$rtentry$$0000000A  c_w.l(__rtentry2.o)
    0x080002a2   0x080002a2   0x00000000   Code   RO          803    .ARM.Collect$$rtentry$$0000000C  c_w.l(__rtentry2.o)
    0x080002a2   0x080002a2   0x00000008   Code   RO          804    .ARM.Collect$$rtentry$$0000000D  c_w.l(__rtentry2.o)
    0x080002aa   0x080002aa   0x00000002   Code   RO          882    .ARM.Collect$$rtexit$$00000000  c_w.l(rtexit.o)
    0x080002ac   0x080002ac   0x00000000   Code   RO          935    .ARM.Collect$$rtexit$$00000002  c_w.l(rtexit2.o)
    0x080002ac   0x080002ac   0x00000004   Code   RO          936    .ARM.Collect$$rtexit$$00000003  c_w.l(rtexit2.o)
    0x080002b0   0x080002b0   0x00000006   Code   RO          937    .ARM.Collect$$rtexit$$00000004  c_w.l(rtexit2.o)
    0x080002b6   0x080002b6   0x00000002   PAD
    0x080002b8   0x080002b8   0x000000b4   Code   RO            1    .text               main.o
    0x0800036c   0x0800036c   0x0000001a   Code   RO          175    .text               stm32f10x_it.o
    0x08000386   0x08000386   0x00000002   PAD
    0x08000388   0x08000388   0x000001e0   Code   RO          216    .text               system_stm32f10x.o
    0x08000568   0x08000568   0x0000004c   Code   RO          234    .text               led.o
    0x080005b4   0x080005b4   0x00000830   Code   RO          262    .text               lcd.o
    0x08000de4   0x08000de4   0x0000032c   Code   RO          299    .text               lcd_init.o
    0x08001110   0x08001110   0x000000d4   Code   RO          311    .text               delay.o
    0x080011e4   0x080011e4   0x00000140   Code   RO          342    .text               usart.o
    0x08001324   0x08001324   0x00000040   Code   RO          378    .text               startup_stm32f10x_hd.o
    0x08001364   0x08001364   0x000000dc   Code   RO          382    .text               misc.o
    0x08001440   0x08001440   0x0000035c   Code   RO          394    .text               stm32f10x_gpio.o
    0x0800179c   0x0800179c   0x000003a4   Code   RO          406    .text               stm32f10x_rcc.o
    0x08001b40   0x08001b40   0x00000408   Code   RO          420    .text               stm32f10x_usart.o
    0x08001f48   0x08001f48   0x0000011c   Code   RO          432    .text               stm32f10x_exti.o
    0x08002064   0x08002064   0x00000b50   Code   RO          444    .text               usb_core.o
    0x08002bb4   0x08002bb4   0x0000003c   Code   RO          459    .text               usb_init.o
    0x08002bf0   0x08002bf0   0x0000033c   Code   RO          482    .text               usb_int.o
    0x08002f2c   0x08002f2c   0x0000005c   Code   RO          506    .text               usb_mem.o
    0x08002f88   0x08002f88   0x00000808   Code   RO          518    .text               usb_regs.o
    0x08003790   0x08003790   0x00000080   Code   RO          530    .text               usb_sil.o
    0x08003810   0x08003810   0x00000394   Code   RO          542    .text               hw_config.o
    0x08003ba4   0x08003ba4   0x0000011c   Code   RO          589    .text               usb_endp.o
    0x08003cc0   0x08003cc0   0x000001d0   Code   RO          609    .text               usb_istr.o
    0x08003e90   0x08003e90   0x00000240   Code   RO          627    .text               usb_prop.o
    0x080040d0   0x080040d0   0x000001d8   Code   RO          650    .text               usb_pwr.o
    0x080042a8   0x080042a8   0x00000002   Code   RO          671    .text               c_w.l(use_no_semi_2.o)
    0x080042aa   0x080042aa   0x00000002   PAD
    0x080042ac   0x080042ac   0x00000024   Code   RO          673    .text               c_w.l(c89vsprintf.o)
    0x080042d0   0x080042d0   0x00000018   Code   RO          675    .text               c_w.l(__2printf.o)
    0x080042e8   0x080042e8   0x00000078   Code   RO          681    .text               c_w.l(_printf_dec.o)
    0x08004360   0x08004360   0x00000188   Code   RO          700    .text               c_w.l(__printf_flags_ss_wp.o)
    0x080044e8   0x080044e8   0x0000003e   Code   RO          705    .text               c_w.l(strlen.o)
    0x08004526   0x08004526   0x00000006   Code   RO          707    .text               c_w.l(heapauxi.o)
    0x0800452c   0x0800452c   0x00000002   Code   RO          717    .text               c_w.l(use_no_semi.o)
    0x0800452e   0x0800452e   0x0000004e   Code   RO          720    .text               c_w.l(_printf_pad.o)
    0x0800457c   0x0800457c   0x00000024   Code   RO          722    .text               c_w.l(_printf_truncate.o)
    0x080045a0   0x080045a0   0x00000052   Code   RO          724    .text               c_w.l(_printf_str.o)
    0x080045f2   0x080045f2   0x000000b2   Code   RO          726    .text               c_w.l(_printf_intcommon.o)
    0x080046a4   0x080046a4   0x00000028   Code   RO          728    .text               c_w.l(_printf_charcount.o)
    0x080046cc   0x080046cc   0x00000030   Code   RO          730    .text               c_w.l(_printf_char_common.o)
    0x080046fc   0x080046fc   0x0000000a   Code   RO          732    .text               c_w.l(_sputc.o)
    0x08004706   0x08004706   0x00000002   PAD
    0x08004708   0x08004708   0x00000024   Code   RO          734    .text               c_w.l(_printf_char_file.o)
    0x0800472c   0x0800472c   0x000000bc   Code   RO          736    .text               c_w.l(_printf_wctomb.o)
    0x080047e8   0x080047e8   0x0000007c   Code   RO          739    .text               c_w.l(_printf_longlong_dec.o)
    0x08004864   0x08004864   0x00000070   Code   RO          745    .text               c_w.l(_printf_oct_int_ll.o)
    0x080048d4   0x080048d4   0x00000094   Code   RO          765    .text               c_w.l(_printf_hex_int_ll_ptr.o)
    0x08004968   0x08004968   0x0000008a   Code   RO          812    .text               c_w.l(lludiv10.o)
    0x080049f2   0x080049f2   0x0000041e   Code   RO          814    .text               c_w.l(_printf_fp_dec.o)
    0x08004e10   0x08004e10   0x0000002c   Code   RO          818    .text               c_w.l(_printf_char.o)
    0x08004e3c   0x08004e3c   0x0000002c   Code   RO          820    .text               c_w.l(_printf_wchar.o)
    0x08004e68   0x08004e68   0x00000008   Code   RO          822    .text               c_w.l(ferror.o)
    0x08004e70   0x08004e70   0x00000040   Code   RO          826    .text               c_w.l(_wcrtomb.o)
    0x08004eb0   0x08004eb0   0x0000004a   Code   RO          828    .text               c_w.l(sys_stackheap_outer.o)
    0x08004efa   0x08004efa   0x00000002   PAD
    0x08004efc   0x08004efc   0x00000010   Code   RO          830    .text               c_w.l(rt_ctype_table.o)
    0x08004f0c   0x08004f0c   0x00000008   Code   RO          835    .text               c_w.l(rt_locale_intlibspace.o)
    0x08004f14   0x08004f14   0x00000080   Code   RO          837    .text               c_w.l(_printf_fp_infnan.o)
    0x08004f94   0x08004f94   0x000000e4   Code   RO          839    .text               c_w.l(bigflt0.o)
    0x08005078   0x08005078   0x00000012   Code   RO          867    .text               c_w.l(exit.o)
    0x0800508a   0x0800508a   0x00000002   PAD
    0x0800508c   0x0800508c   0x00000008   Code   RO          879    .text               c_w.l(libspace.o)
    0x08005094   0x08005094   0x00000080   Code   RO          887    .text               c_w.l(strcmpv7m.o)
    0x08005114   0x08005114   0x0000003e   Code   RO          842    CL$$btod_d2e        c_w.l(btod.o)
    0x08005152   0x08005152   0x00000046   Code   RO          844    CL$$btod_d2e_denorm_low  c_w.l(btod.o)
    0x08005198   0x08005198   0x00000060   Code   RO          843    CL$$btod_d2e_norm_op1  c_w.l(btod.o)
    0x080051f8   0x080051f8   0x00000338   Code   RO          852    CL$$btod_div_common  c_w.l(btod.o)
    0x08005530   0x08005530   0x000000dc   Code   RO          849    CL$$btod_e2e        c_w.l(btod.o)
    0x0800560c   0x0800560c   0x0000002a   Code   RO          846    CL$$btod_ediv       c_w.l(btod.o)
    0x08005636   0x08005636   0x0000002a   Code   RO          845    CL$$btod_emul       c_w.l(btod.o)
    0x08005660   0x08005660   0x00000244   Code   RO          851    CL$$btod_mult_common  c_w.l(btod.o)
    0x080058a4   0x080058a4   0x00000028   Code   RO          877    i.__ARM_fpclassify  m_ws.l(fpclassify.o)
    0x080058cc   0x080058cc   0x0000000e   Code   RO          693    i._is_digit         c_w.l(__printf_wp.o)
    0x080058da   0x080058da   0x00000002   PAD
    0x080058dc   0x080058dc   0x0000002c   Code   RO          865    locale$$code        c_w.l(lc_numeric_c.o)
    0x08005908   0x08005908   0x0000002c   Code   RO          885    locale$$code        c_w.l(lc_ctype_c.o)
    0x08005934   0x08005934   0x0000003e   Code   RO          711    x$fpl$ffixu         fz_ws.l(ffixu.o)
    0x08005972   0x08005972   0x00000002   PAD
    0x08005974   0x08005974   0x00000102   Code   RO          715    x$fpl$fmul          fz_ws.l(fmul.o)
    0x08005a76   0x08005a76   0x0000008c   Code   RO          790    x$fpl$fnaninf       fz_ws.l(fnaninf.o)
    0x08005b02   0x08005b02   0x0000000a   Code   RO          792    x$fpl$fretinf       fz_ws.l(fretinf.o)
    0x08005b0c   0x08005b0c   0x00000004   Code   RO          794    x$fpl$printf1       fz_ws.l(printf1.o)
    0x08005b10   0x08005b10   0x00000000   Code   RO          796    x$fpl$usenofp       fz_ws.l(usenofp.o)
    0x08005b10   0x08005b10   0x00002256   Data   RO          264    .constdata          lcd.o
    0x08007d66   0x08007d66   0x000000b1   Data   RO          575    .constdata          usb_desc.o
    0x08007e17   0x08007e17   0x00000011   Data   RO          701    .constdata          c_w.l(__printf_flags_ss_wp.o)
    0x08007e28   0x08007e28   0x00000008   Data   RO          737    .constdata          c_w.l(_printf_wctomb.o)
    0x08007e30   0x08007e30   0x00000028   Data   RO          766    .constdata          c_w.l(_printf_hex_int_ll_ptr.o)
    0x08007e58   0x08007e58   0x00000094   Data   RO          840    .constdata          c_w.l(bigflt0.o)
    0x08007eec   0x08007eec   0x00000020   Data   RO         1007    Region$$Table       anon$$obj.o
    0x08007f0c   0x08007f0c   0x0000001c   Data   RO          864    locale$$data        c_w.l(lc_numeric_c.o)
    0x08007f28   0x08007f28   0x00000110   Data   RO          884    locale$$data        c_w.l(lc_ctype_c.o)


    Execution Region RW_IRAM1 (Exec base: 0x20000000, Load base: 0x08008038, Size: 0x00002388, Max: 0x00005000, ABSOLUTE, COMPRESSED[0x00000090])

    Exec Addr    Load Addr    Size         Type   Attr      Idx    E Section Name        Object

    0x20000000   COMPRESSED   0x00000014   Data   RW          217    .data               system_stm32f10x.o
    0x20000014   COMPRESSED   0x00000005   Data   RW          265    .data               lcd.o
    0x20000019   COMPRESSED   0x00000001   PAD
    0x2000001a   COMPRESSED   0x00000004   Data   RW          312    .data               delay.o
    0x2000001e   COMPRESSED   0x00000002   PAD
    0x20000020   COMPRESSED   0x00000006   Data   RW          344    .data               usart.o
    0x20000026   COMPRESSED   0x00000014   Data   RW          407    .data               stm32f10x_rcc.o
    0x2000003a   COMPRESSED   0x00000003   Data   RW          445    .data               usb_core.o
    0x2000003d   COMPRESSED   0x00000003   PAD
    0x20000040   COMPRESSED   0x00000014   Data   RW          461    .data               usb_init.o
    0x20000054   COMPRESSED   0x00000004   Data   RW          483    .data               usb_int.o
    0x20000058   COMPRESSED   0x00000002   Data   RW          544    .data               hw_config.o
    0x2000005a   COMPRESSED   0x0000001a   Data   RW          576    .data               usb_desc.o
    0x20000074   COMPRESSED   0x00000004   Data   RW          591    .data               usb_endp.o
    0x20000078   COMPRESSED   0x00000044   Data   RW          610    .data               usb_istr.o
    0x200000bc   COMPRESSED   0x00000094   Data   RW          628    .data               usb_prop.o
    0x20000150   COMPRESSED   0x0000000c   Data   RW          652    .data               usb_pwr.o
    0x2000015c        -       0x00000280   Zero   RW          263    .bss                lcd.o
    0x200003dc        -       0x000000c8   Zero   RW          343    .bss                usart.o
    0x200004a4        -       0x0000001c   Zero   RW          460    .bss                usb_init.o
    0x200004c0        -       0x00001804   Zero   RW          543    .bss                hw_config.o
    0x20001cc4        -       0x00000040   Zero   RW          590    .bss                usb_endp.o
    0x20001d04        -       0x00000020   Zero   RW          651    .bss                usb_pwr.o
    0x20001d24        -       0x00000060   Zero   RW          880    .bss                c_w.l(libspace.o)
    0x20001d84   COMPRESSED   0x00000004   PAD
    0x20001d88        -       0x00000200   Zero   RW          376    HEAP                startup_stm32f10x_hd.o
    0x20001f88        -       0x00000400   Zero   RW          375    STACK               startup_stm32f10x_hd.o


==============================================================================

Image component sizes


      Code (inc. data)   RO Data    RW Data    ZI Data      Debug   Object Name

       212         18          0          4          0       1059   delay.o
       916        254          0          2       6148       6305   hw_config.o
      2096         32       8790          5        640      10783   lcd.o
       812          6          0          0          0       2177   lcd_init.o
        76          8          0          0          0        503   led.o
       180         12          0          0          0     246643   main.o
       220         22          0          0          0       1817   misc.o
        64         26        304          0       1536        808   startup_stm32f10x_hd.o
       284         10          0          0          0       2271   stm32f10x_exti.o
       860         38          0          0          0       5749   stm32f10x_gpio.o
        26          0          0          0          0       1186   stm32f10x_it.o
       932         36          0         20          0       8932   stm32f10x_rcc.o
      1032         22          0          0          0       8472   stm32f10x_usart.o
         0          0          0          0          0         32   sys.o
       480         38          0         20          0       1763   system_stm32f10x.o
       320         18          0          6        200       3182   usart.o
      2896        114          0          3          0       8203   usb_core.o
         0          0        177         26          0       1095   usb_desc.o
       284         30          0          4         64       1724   usb_endp.o
        60         24          0         20         28       4210   usb_init.o
       828         34          0          4          0       1995   usb_int.o
       464         38          0         68          0       1639   usb_istr.o
        92          6          0          0          0       1470   usb_mem.o
       576         40          0        148          0       7451   usb_prop.o
       472         32          0         12         32       2807   usb_pwr.o
      2056         20          0          0          0      12049   usb_regs.o
       128          8          0          0          0       1534   usb_sil.o

    ----------------------------------------------------------------------
     16368        886       9303        348       8648     345859   Object Totals
         0          0         32          0          0          0   (incl. Generated)
         2          0          0          6          0          0   (incl. Padding)

    ----------------------------------------------------------------------

      Code (inc. data)   RO Data    RW Data    ZI Data      Debug   Library Member Name

        24          4          0          0          0         84   __2printf.o
        90          0          0          0          0          0   __dczerorl2.o
         8          0          0          0          0         68   __main.o
       392          4         17          0          0         92   __printf_flags_ss_wp.o
        14          0          0          0          0         68   __printf_wp.o
         0          0          0          0          0          0   __rtentry.o
        12          0          0          0          0          0   __rtentry2.o
         6          0          0          0          0          0   __rtentry4.o
        52          8          0          0          0          0   __scatter.o
        28          0          0          0          0          0   __scatter_zi.o
         6          0          0          0          0          0   _printf_a.o
         6          0          0          0          0          0   _printf_c.o
        44          0          0          0          0        108   _printf_char.o
        48          6          0          0          0         96   _printf_char_common.o
        36          4          0          0          0         80   _printf_char_file.o
        40          0          0          0          0         68   _printf_charcount.o
         6          0          0          0          0          0   _printf_d.o
       120         16          0          0          0         92   _printf_dec.o
         6          0          0          0          0          0   _printf_e.o
         6          0          0          0          0          0   _printf_f.o
      1054          0          0          0          0        216   _printf_fp_dec.o
       128         16          0          0          0         84   _printf_fp_infnan.o
         6          0          0          0          0          0   _printf_g.o
       148          4         40          0          0        160   _printf_hex_int_ll_ptr.o
         6          0          0          0          0          0   _printf_i.o
       178          0          0          0          0         88   _printf_intcommon.o
        10          0          0          0          0          0   _printf_l.o
         6          0          0          0          0          0   _printf_lc.o
        10          0          0          0          0          0   _printf_ll.o
         6          0          0          0          0          0   _printf_lld.o
         6          0          0          0          0          0   _printf_lli.o
         6          0          0          0          0          0   _printf_llo.o
         6          0          0          0          0          0   _printf_llu.o
         6          0          0          0          0          0   _printf_llx.o
       124         16          0          0          0         92   _printf_longlong_dec.o
         6          0          0          0          0          0   _printf_ls.o
         6          0          0          0          0          0   _printf_n.o
         6          0          0          0          0          0   _printf_o.o
       112         10          0          0          0        124   _printf_oct_int_ll.o
         6          0          0          0          0          0   _printf_p.o
        78          0          0          0          0        108   _printf_pad.o
         0          0          0          0          0          0   _printf_percent.o
         4          0          0          0          0          0   _printf_percent_end.o
         6          0          0          0          0          0   _printf_s.o
        82          0          0          0          0         80   _printf_str.o
        36          0          0          0          0         84   _printf_truncate.o
         6          0          0          0          0          0   _printf_u.o
        44          0          0          0          0        108   _printf_wchar.o
       188          6          8          0          0         92   _printf_wctomb.o
         6          0          0          0          0          0   _printf_x.o
        10          0          0          0          0         68   _sputc.o
        64          0          0          0          0         92   _wcrtomb.o
       228          4        148          0          0         96   bigflt0.o
      1936        128          0          0          0        672   btod.o
        36          4          0          0          0         76   c89vsprintf.o
        18          0          0          0          0         80   exit.o
         8          0          0          0          0         68   ferror.o
         6          0          0          0          0        152   heapauxi.o
        44         10        272          0          0         76   lc_ctype_c.o
        44         10         28          0          0         76   lc_numeric_c.o
         2          0          0          0          0          0   libinit.o
        30          0          0          0          0          0   libinit2.o
         2          0          0          0          0          0   libshutdown.o
         2          0          0          0          0          0   libshutdown2.o
         8          4          0          0         96         68   libspace.o
       138          0          0          0          0         80   lludiv10.o
        16          4          0          0          0         76   rt_ctype_table.o
         8          4          0          0          0         68   rt_locale_intlibspace.o
         2          0          0          0          0          0   rtexit.o
        10          0          0          0          0          0   rtexit2.o
       128          0          0          0          0         68   strcmpv7m.o
        62          0          0          0          0         76   strlen.o
        74          0          0          0          0         80   sys_stackheap_outer.o
         2          0          0          0          0         68   use_no_semi.o
         2          0          0          0          0         68   use_no_semi_2.o
        62          4          0          0          0         84   ffixu.o
       258          4          0          0          0         84   fmul.o
       140          4          0          0          0         84   fnaninf.o
        10          0          0          0          0         68   fretinf.o
         4          0          0          0          0         68   printf1.o
         0          0          0          0          0          0   usenofp.o
        40          0          0          0          0         68   fpclassify.o

    ----------------------------------------------------------------------
      6640        274        513          0        100       4556   Library Totals
        16          0          0          0          4          0   (incl. Padding)

    ----------------------------------------------------------------------

      Code (inc. data)   RO Data    RW Data    ZI Data      Debug   Library Name

      6110        262        513          0         96       4100   c_w.l
       474         12          0          0          0        388   fz_ws.l
        40          0          0          0          0         68   m_ws.l

    ----------------------------------------------------------------------
      6640        274        513          0        100       4556   Library Totals

    ----------------------------------------------------------------------

==============================================================================


      Code (inc. data)   RO Data    RW Data    ZI Data      Debug   

     23008       1160       9816        348       8748     345835   Grand Totals
     23008       1160       9816        144       8748     345835   ELF Image Totals (compressed)
     23008       1160       9816        144          0          0   ROM Totals

==============================================================================

    Total RO  Size (Code + RO Data)                32824 (  32.05kB)
    Total RW  Size (RW Data + ZI Data)              9096 (   8.88kB)
    Total ROM Size (Code + RO Data + RW Data)      32968 (  32.20kB)

==============================================================================

